store outreach-discovered.csv: 12381 domains (+6184 new this run, 6197 before)
by source: {'search': 2771, 'semrush': 665, 'techbehemoths': 3094, 'selectedfirms': 5532, 'shopify': 1292, 'sortlist': 59} | by market: {'us': 10870, 'australia': 1511}
discovered 12381, verified before 6197, to verify 6184
  100/6184 verified, 59s, with email so far: 3356
  200/6184 verified, 60s, with email so far: 3374
  300/6184 verified, 105s, with email so far: 3393
  400/6184 verified, 363s, with email so far: 3403
  500/6184 verified, 414s, with email so far: 3411
  600/6184 verified, 439s, with email so far: 3426
  700/6184 verified, 465s, with email so far: 3433
  800/6184 verified, 465s, with email so far: 3447
  900/6184 verified, 498s, with email so far: 3468
  1000/6184 verified, 572s, with email so far: 3482
  1100/6184 verified, 583s, with email so far: 3495
  1200/6184 verified, 591s, with email so far: 3513
  1300/6184 verified, 629s, with email so far: 3529
  1400/6184 verified, 635s, with email so far: 3545
  1500/6184 verified, 651s, with email so far: 3555
  1600/6184 verified, 690s, with email so far: 3573
  1700/6184 verified, 861s, with email so far: 3588
  1800/6184 verified, 876s, with email so far: 3602
  1900/6184 verified, 927s, with email so far: 3620
  2000/6184 verified, 927s, with email so far: 3633
  2100/6184 verified, 991s, with email so far: 3647
  2200/6184 verified, 991s, with email so far: 3663
  2300/6184 verified, 1011s, with email so far: 3676
  2400/6184 verified, 1046s, with email so far: 3695
  2500/6184 verified, 1047s, with email so far: 3765
  2600/6184 verified, 1065s, with email so far: 3819
  2700/6184 verified, 1118s, with email so far: 3875
  2800/6184 verified, 1125s, with email so far: 3935
  2900/6184 verified, 1166s, with email so far: 3988
  3000/6184 verified, 1236s, with email so far: 4054
  3100/6184 verified, 1236s, with email so far: 4112
  3200/6184 verified, 1251s, with email so far: 4160
  3300/6184 verified, 1282s, with email so far: 4209
  3400/6184 verified, 1354s, with email so far: 4266
  3500/6184 verified, 1363s, with email so far: 4309
  3600/6184 verified, 1369s, with email so far: 4354
  3700/6184 verified, 1385s, with email so far: 4400
  3800/6184 verified, 1411s, with email so far: 4442
  3900/6184 verified, 1433s, with email so far: 4494
  4000/6184 verified, 1490s, with email so far: 4538
  4100/6184 verified, 1510s, with email so far: 4607
  4200/6184 verified, 1554s, with email so far: 4655
  4300/6184 verified, 1606s, with email so far: 4693
  4400/6184 verified, 1630s, with email so far: 4734
  4500/6184 verified, 1664s, with email so far: 4777
  4600/6184 verified, 1714s, with email so far: 4826
  4700/6184 verified, 1771s, with email so far: 4864
  4800/6184 verified, 1777s, with email so far: 4916
  4900/6184 verified, 1808s, with email so far: 4976
  5000/6184 verified, 1844s, with email so far: 5033
  5100/6184 verified, 1866s, with email so far: 5096
  5200/6184 verified, 1894s, with email so far: 5146
  5300/6184 verified, 1979s, with email so far: 5208
  5400/6184 verified, 1989s, with email so far: 5264
  5500/6184 verified, 2005s, with email so far: 5322
  5600/6184 verified, 2018s, with email so far: 5368
  5700/6184 verified, 2082s, with email so far: 5410
  5800/6184 verified, 2156s, with email so far: 5437
  5900/6184 verified, 2156s, with email so far: 5473
  6000/6184 verified, 2177s, with email so far: 5512
  6100/6184 verified, 2194s, with email so far: 5550
verified 12381: reachable 11224, with email 5577, score>=70 with email 3191, offshore-flagged 2245
send 1: Matter Design <hello@matterdesign.com.au> ref=out-matter-design id=01a0c143-34ba-7759-a07c-80413f7bf32f
send 2: Swanky <humans@swankyagency.com> ref=out-swanky id=01a0c145-0b42-761a-9607-cde4814bb0f9
send 3: flux.agency <hello@flux.agency> ref=out-flux-agency id=01a0c146-e13c-7448-aea0-04a9ce18d8e1
send 4: Prosper Digital <hi@prosperdigital.com.au> ref=out-prosper-digital id=01a0c148-b720-725f-a3f4-7c54cbaa7340
send 5: Convert Digital <enquiries@convertdigital.com.au> ref=out-convert-digital id=01a0c14a-8ce6-719c-a697-b9b53908ab1b
send 6: Process Creative <enquiries@processcreative.com.au> ref=out-process-creative id=01a0c14c-631d-757d-b3b6-b71163c1de73
send 7: White Peak Digital <contact@whitepeakdigital.com> ref=out-white-peak-digital id=01a0c14e-38f1-70da-8795-269dae56ec35
send 8: iSonic <hello@isonic.com.au> ref=out-isonic id=01a0c150-0eb6-74c4-87d5-6fe910df7d10
send 9: BFJ Digital <hello@bfj.com.au> ref=out-bfj-digital id=01a0c151-e4a7-7098-b300-78a5a18ec109
send 10: Digital Forest <contact@digitalforest.com.au> ref=out-digital-forest id=01a0c153-bab3-73f3-a487-74687aae0c81
send 11: Belinda Owen <hello@belindaowen.com> ref=out-belinda-owen id=01a0c155-90c5-74c8-8bbb-b55be0a1698a
send 12: Raw.Studio <hi@raw.studio> ref=out-raw-studio id=01a0c157-67ba-73a9-8390-5d7eab2d6b08
send 13: Q Agency <info@qagency.com.au> ref=out-q-agency id=01a0c159-3d83-758d-a62c-697b861768fb
send 14: Digital Outlook <info@digitaloutlook.com.au> ref=out-digital-outlook id=01a0c15b-134d-739f-8a67-a7e780fe0931
send 15: OSE <hello@ose.com.au> ref=out-ose id=01a0c15c-e952-7515-b227-869ab7381be9
send 16: Magenizr <hello@magenizr.com.au> ref=out-magenizr id=01a0c15e-bf31-750e-b3ba-1adb40dcb929
send 17: Alltechzone <web@alltechzone.au> ref=out-alltechzone id=01a0c160-9505-7556-89a0-21b8a730553a
send 18: ThemePress <info@themepress.com.au> ref=out-themepress id=01a0c162-6b1f-74fb-bb00-41c512bbe69d
send 19: Speedy Systems <schedule@speedysystems.com.au> ref=out-speedy-systems id=01a0c164-40dd-70d8-87b5-783e398be656
send 20: HeyTradie <ron@heytradie.com.au> ref=out-heytradie id=01a0c166-168a-7576-9a42-0bdb33ef01d6
send 21: MyTradieSite <info@mytradiesite.com.au> ref=out-mytradiesite id=01a0c167-ec4e-7028-9adb-af22a4527ddc
send 22: Total Medical Design <info@totalmedicaldesign.com.au> ref=out-total-medical-design id=01a0c169-c214-74bf-b7df-08f5369bb6e9
send 23: AEK Media <hello@aekmedia.com.au> ref=out-aek-media id=01a0c16b-97bb-759a-832d-5fc35321908e
send 24: Dental Rank <info@dentalrank.com.au> ref=out-dental-rank id=01a0c16d-6d89-73b5-99f1-3222bd0a655a
send 25: Practice Boost <info@practiceboost.com.au> ref=out-practice-boost id=01a0c16f-435d-742e-b333-910f290320a9
send 26: 360 Dental Websites <info@360dentalmarketing.com.au> ref=out-360-dental-websites id=01a0c171-190b-7732-8071-3a18e01af431
send 27: The Web Clinic <info@thewebclinic.com.au> ref=out-the-web-clinic id=01a0c172-eed0-70ff-a60e-5fb596c8112a
send 28: Clickbiz Dental Marketing <info@clickbiz.com.au> ref=out-clickbiz-dental-marketing id=01a0c174-c565-72a8-9708-eb1cdb85c46f
send 29: JR Marketing Group <info@jrmg.com.au> ref=out-jr-marketing-group id=01a0c176-9b16-770a-ba89-660881af6162
send 30: JH Web Designs <info@jhwebdesigns.com.au> ref=out-jh-web-designs id=01a0c178-71bf-73bc-91b9-7e34f6110a58
send 31: Studio 88 Web Design <info@studio88web.com.au> ref=out-studio-88-web-design id=01a0c17a-4784-758d-81cf-18e837efa2c4
send 32: Samantha Jane Studio <hello@samanthajane.au> ref=out-samantha-jane-studio id=01a0c17c-1d5b-7217-8d4b-ebad16f61ffe
22 US rows held: no postal address in data/outreach-config.json (CAN-SPAM)
done, send sent 32
