daily 1: Make My Website <info@makemywebsite.com.au> ref=out-make-my-website id=01a0c165-3ecb-70d0-b266-38d1d085465d
daily 2: Webstallion <contact@webstallion.com.au> ref=out-webstallion id=01a0c167-15a1-75aa-853b-6671180976c3
daily 3: PSM Digital Agency Australia <admin@psmdigitalagency.com.au> ref=out-psm-digital-agency-australia id=01a0c168-ec32-72cf-9020-a7fe22ae89f5
daily 4: Keen To Design <info@keentodesign.com.au> ref=out-keen-to-design id=01a0c16a-c3ac-715f-8640-0b03de541762
daily 5: Digital Marketing | Ecommerce | Digital Technology <hello@dqaustralia.com> ref=out-digital-marketing-ecommerce-digital-tech id=01a0c16c-9a94-70aa-a28a-cee5a3560c87
daily 6: Traffic Radius <hello@trafficradius.com.au> ref=out-traffic-radius id=01a0c16e-7133-72e2-8a32-e1b5ca9e49e6
daily 7: Zeta IO Pty Ltd <info@zetaio.com.au> ref=out-zeta-io-pty-ltd id=01a0c170-47d6-7119-94aa-376081a98446
daily 8: Savvy Brains <sales@savvybrains.com.au> ref=out-savvy-brains id=01a0c172-1f26-77dd-ace8-1cc3d901d075
daily 9: Eirmon Solutions <info@eirmonsolutions.com.au> ref=out-eirmon-solutions id=01a0c173-f5be-7698-8a77-e0329deb69ec
daily 10: Elephant in the Boardroom <team@elephantintheboardroom.com.au> ref=out-elephant-in-the-boardroom id=01a0c175-cc69-71a2-87b8-fe8ed42e6a1a
daily 11: HITORI - Web, Cloud & Mobile Solutions <hello@hitori-inc.com> ref=out-hitori-web-cloud-mobile-solutions id=01a0c177-a33f-7022-a69b-860449d2701b
daily 12: Sentia Australia <contact@sentia.com.au> ref=out-sentia-australia id=01a0c179-7a10-75ab-960d-9d96ac996dc0
daily 13: Xugar - Digital Marketing Agency <hello@xugar.com.au> ref=out-xugar-digital-marketing-agency id=01a0c17b-50ac-749c-88c0-b2bcccaf5c6a
daily 14: Dev House Australia <hello@devhouseaustralia.com.au> ref=out-dev-house-australia id=01a0c17d-275f-7348-bbb1-cbae15813cca
daily 15: Dapth <info@dapth.com> ref=out-dapth id=01a0c17e-fdf8-76ee-a6d2-09e38950c6ad
daily 16: WebAlive <info@webalive.com.au> ref=out-webalive id=01a0c180-d4f0-735c-8fdb-7a8d1a7faec6
daily 17: Melbourne Web Digital - Digital Marketing Agency <enquiries@melbournewebdigital.com.au> ref=out-melbourne-web-digital-digital-marketing- id=01a0c182-acc7-75da-9247-67d42be05616
daily 18: NetFast Technologies <info@netfasttech.com> ref=out-netfast-technologies id=01a0c184-8416-7126-a271-d2cb66593531
daily 19: Social Hippos <hi@socialhippos.com> ref=out-social-hippos id=01a0c186-5bab-70cc-945c-7d0b35f81be6
daily 20: Alinga <sales@alinga.com.au> ref=out-alinga id=01a0c188-3294-75cd-8081-93232dbabc43
daily 21: AIA <info@aiad.com.au> ref=out-aia id=01a0c18a-0942-75ea-81bb-6d5c051a8771
daily 22: YAD Media <contact@yadmedia.com.au> ref=out-yad-media id=01a0c18b-e01e-7317-a3c6-86f47ea0de4f
daily 23: Studio Slate <hello@studioslate.com.au> ref=out-studio-slate id=01a0c18d-b7b4-733b-b915-148215180fc6
daily 24: Scaleup Consulting <hello@scaleupconsulting.com.au> ref=out-scaleup-consulting id=01a0c18f-8e38-7576-8fbe-58a01242cf30
daily 25: Cryptical Web Studio <hello@crypticalwebstudio.com.au> ref=out-cryptical-web-studio id=01a0c191-64ea-7016-9dfc-fd566fc4725e
done, daily sent 25
daily 1: SimpleMapLab <hello@simplemaplab.com> ref=out-simplemaplab id=01a0c685-0a89-725c-acf2-f65192181384
daily 2: Professional Websites from $495 <info@sydneywebsitebuilder.com.au> ref=out-professional-websites-from-495 id=01a0c686-e247-7331-ba7d-879d1c15ce20
daily 3: Webkooker <office@webkooker.com> ref=out-webkooker id=01a0c688-ba08-707c-b398-f8efc9f45ac0
daily 4: TravelAwaits <info@travelawaits.com> ref=out-travelawaits id=01a0c68a-91dd-75f6-bceb-d0082a48bd87
daily 5: insurance advice in black & white <info@ahliasuransi.com> ref=out-insurance-advice-in-black-white id=01a0c68c-6c0f-74e2-bc5b-e21acdc9b1be
daily 6: Kick <business@kick.com> ref=out-kick id=01a0c68e-43ce-75df-aa43-f588c718e06e
daily 7: Online Casino South Africa <info@casinohex.co.za> ref=out-online-casino-south-africa id=01a0c690-1bb6-76db-9b7e-1a72eb5da2c7
daily 8: F1 History <hello@formulaonehistory.com> ref=out-f1-history id=01a0c691-f38a-73f3-9dbc-77a96d81b690
daily 9: SPIZZA <info@spizza.sg> ref=out-spizza id=01a0c693-cb2d-733d-919d-b2b0b45a2e3d
daily 10: StrategicPoint Investment Advisors <info@strategicpoint.com> ref=out-strategicpoint-investment-advisors id=01a0c695-a31e-73dc-b0c4-c1fb66abfdf5
daily 11: WebGlobals <team@webglobals.com.au> ref=out-webglobals id=01a0c697-7c15-7498-9977-117d2639e8ff
daily 12: Global Package Tracking <hello@parcelsapp.com> ref=out-global-package-tracking id=01a0c699-536f-724e-abfd-d7014bd51451
daily 13: Insider Media Group <contact@insidermedia.com.au> ref=out-insider-media-group id=01a0c69b-2aed-72cb-a012-0e5f70524d54
daily 14: Stavridis Group <info@stavridisgroup.com.au> ref=out-stavridis-group id=01a0c69d-034b-712a-ab3b-d416497f102f
daily 15: Rubix Studios <hello@rubixstudios.com.au> ref=out-rubix-studios id=01a0c69e-da8c-7602-8e2e-2cc83236fb1d
daily 16: JBE Digital <info@jbedigital.com.au> ref=out-jbe-digital id=01a0c6a0-b212-7307-bd46-fda635bae704
daily 17: VanBlaisa Website Design & Digital Marketing <admin@vanblaisa.com> ref=out-vanblaisa-website-design-digital-marketi id=01a0c6a2-8a5e-726b-a8a2-962d2e55c266
daily 18: Loud Days <team@louddays.com> ref=out-loud-days id=01a0c6a4-6292-71a8-ae71-e7936a975fe6
daily 19: Digital Product Studio <hello@nightjar.co> ref=out-digital-product-studio-2 id=01a0c6a6-3a2c-7158-83a8-9fa80695e467
daily 20: Dizian <info@dizian.com.au> ref=out-dizian id=01a0c6a8-1262-73bb-bc9b-e5f9f19cdb06
daily 21: WebGeek Solutions <admin@webgeeksolutions.com.au> ref=out-webgeek-solutions id=01a0c6a9-eaae-769b-87b5-3a69aac021f7
daily 22: Spring Web Solutions <hello@springwebsolutions.com> ref=out-spring-web-solutions id=01a0c6ab-c2f8-72fd-8888-d25dcd799358
daily 23: Puremedia <hello@puremedia.com.au> ref=out-puremedia id=01a0c6ad-9a8f-771c-a294-bad53da9b3de
daily 24: Effektiv <info@effektiv.com.au> ref=out-effektiv id=01a0c6af-7b3a-7316-9630-e6c52a6dffd9
daily 25: Cyta <info@cytatech.com.au> ref=out-cyta id=01a0c6b1-91a8-734e-9914-8aa606bb6f1a
done, daily sent 25
