daily 1: Brighton UK <info@overpass.studio> ref=out-brighton-uk id=01a0cd47-720b-7549-93a1-d43987af4255
daily 2: Waywest Design <contact@waywestdesign.co.uk> ref=out-waywest-design id=01a0cd49-4d7e-726d-99d3-40f4ab89309e
daily 3: WellMade Website Edinburgh <enquiries@wellmadewebsite.co.uk> ref=out-wellmade-website-edinburgh id=01a0cd4b-25b0-77eb-be80-f554426f019d
daily 4: Grizzly <admin@wearegrizzly.com> ref=out-grizzly-2 id=01a0cd4c-fe10-77df-97f7-18b57ae5438b
daily 5: boxChilli <hello@boxchilli.com> ref=out-boxchilli id=01a0cd4e-d6a3-7588-b3ef-1855e69a7dd2
daily 6: Element Seven <hello@elementseven.co> ref=out-element-seven id=01a0cd50-af27-7793-8680-e033d0864772
daily 7: DCP <info@dcpweb.co.uk> ref=out-dcp id=01a0cd52-87c8-74fb-82d8-d4ced000ba34
daily 8: WebAnts <hello@webants.io> ref=out-webants id=01a0cd54-6046-76ab-b491-1efe7656fcae
daily 9: Parachute <hello@parachute.net> ref=out-parachute id=01a0cd56-3830-7785-b458-213852122dd6
daily 10: Nexus Data Systems <info@nxds.com> ref=out-nexus-data-systems id=01a0cd58-110a-7568-b905-d2bdb6db7402
daily 11: Outrank <hello@outrank.co.uk> ref=out-outrank id=01a0cd59-e93c-759d-a1f6-19f64e0969eb
daily 12: Fenti Marketing <hello@fenti.co.uk> ref=out-fenti-marketing id=01a0cd5b-c1f8-764d-8288-bff4911acc3f
daily 13: ProfileTree Web Design and Digital Marketing <hello@profiletree.com> ref=out-profiletree-web-design-and-digital-marke id=01a0cd5d-9a47-7369-8117-bcd1b42c3494
daily 14: Splash Sol <info@splashsol.com> ref=out-splash-sol id=01a0cd5f-72b5-746f-88ea-f01770c1b385
daily 15: Skylightmedia <sales@skylightmedia.co.uk> ref=out-skylightmedia id=01a0cd61-4bc2-76d1-83fe-4ad7b15f6b95
daily 16: Lilo <info@lilo.co.uk> ref=out-lilo id=01a0cd63-2401-762d-842a-af5b1704e0e9
daily 17: Strafe Creative <hello@strafecreative.co.uk> ref=out-strafe-creative id=01a0cd64-fc65-71bf-91ce-452f0e77c713
daily 18: Marketing Mavens <hello@marketingmavens.co.uk> ref=out-marketing-mavens-2 id=01a0cd66-d48e-77e5-9c38-55f3843ff812
daily 19: Forest Web Design <info@website-designer-reading.co.uk> ref=out-forest-web-design id=01a0cd68-ae83-75de-942e-c27d71d4ee32
daily 20: Karolo Design <hello@karolo.com> ref=out-karolo-design id=01a0cd6a-86ba-71fb-9ad7-ccc3dde128df
daily 21: Web Design Southampton <hello@webdesignsouthampton.co.uk> ref=out-web-design-southampton id=01a0cd6c-5f11-753c-b8c8-6fe8e8dd5c2b
daily 22: Prox Digital Agency <contact@proxdigitalagency.co.uk> ref=out-prox-digital-agency-2 id=01a0cd6e-3762-735c-adc0-e99df7316af1
daily 23: Honeybyte <hello@honeybyte.co.uk> ref=out-honeybyte id=01a0cd70-151b-730c-a58a-4a267aab9c8e
daily 24: RIGHTHERE <hello@righthere.agency> ref=out-righthere id=01a0cd71-eddb-70b1-85f8-1e6eee65f4ed
daily 25: Web Design Reading <info@web-design-reading.co.uk> ref=out-web-design-reading id=01a0cd73-c66b-723d-8926-7069bf581fd0
done, daily sent 25
daily 1: Web Design Cambridge <info@webdesign-cambridge.co.uk> ref=out-web-design-cambridge id=01a0d26d-c937-7bee-9dfe-8cbd320a548f
daily 2: Yorkshire Website Co. <info@yorkwebco.com> ref=out-yorkshire-website-co id=01a0d26f-a2c5-7593-8f33-279545ed64fb
daily 3: The Cybermill <info@cybermill.co.uk> ref=out-the-cybermill id=01a0d271-7b01-73a3-97ba-6e2400f3a57a
daily 4: Design Hero <info@www.design-hero.com> ref=out-design-hero id=01a0d273-537e-735b-a6d0-04c6ebfd78d9
daily 5: Smart Digital Marketing Agency <info@smartdigitalmarketingagency.co.uk> ref=out-smart-digital-marketing-agency id=01a0d275-2c8f-76df-90dc-7b886357eba3
daily 6: Dream Designs Agency <contact@dreamdesignsagency.com> ref=out-dream-designs-agency id=01a0d277-059e-7107-90b5-edfd1f0212f9
daily 7: Web Design Belfast <studio@webdesignbelfast.net> ref=out-web-design-belfast id=01a0d278-dde5-755e-a1f4-debfccfb002f
daily 8: Primal Space <hello@primalspace.co.uk> ref=out-primal-space id=01a0d27a-b632-754a-8ba0-e2dae95be4d2
daily 9: Amigo Studios <contact@amigostudios.co> ref=out-amigo-studios id=01a0d27c-8f22-77b0-831a-1a86bb2615e8
daily 10: Web Cardiff <hello@webcardiff.co.uk> ref=out-web-cardiff id=01a0d27e-6739-7148-88bf-0120baec30b2
daily 11: Frively | Websites for Local Businesses <hello@frively.com> ref=out-frively-websites-for-local-businesses id=01a0d280-3f97-7259-92bb-45d08538952b
daily 12: Anchor Web Agency <hello@anchorwebagency.co.uk> ref=out-anchor-web-agency id=01a0d282-1ad2-723b-b4ae-2b6fdfc80da9
daily 13: AETHUS <hello@aethus.co.uk> ref=out-aethus id=01a0d283-f37a-71ad-8d62-0e2dbb772a55
daily 14: MWN Digital <hello@mwn-digital.uk> ref=out-mwn-digital id=01a0d285-cc2b-700f-be50-794ec00cdd2e
daily 15: Silky Ocean Studios <hello@silkyoceanstudios.com> ref=out-silky-ocean-studios id=01a0d287-a601-73fe-b1e4-ad3edf066c8a
daily 16: Gee Web Design <hello@geewebdesign.com> ref=out-gee-web-design id=01a0d289-7ec4-760c-84d0-1999616a039d
daily 17: RapidWebsite <hello@rapidwebsite.co.uk> ref=out-rapidwebsite id=01a0d28b-57c0-7348-98a1-f118a194d13d
daily 18: Websites, SEO & GEO for Local Businesses <info@blankdigital.co.uk> ref=out-websites-seo-geo-for-local-businesses id=01a0d28d-3002-764e-9d02-f08b05f868c4
daily 19: Site Commander Studio <hello@sitecommanderstudio.com> ref=out-site-commander-studio id=01a0d28f-08fb-759f-9021-373f1be2529b
daily 20: Venture Web Solutions <hello@venturewebsolutions.co.uk> ref=out-venture-web-solutions id=01a0d290-e297-7402-9bb3-329c59b9201b
daily 21: Evolux Web Design <info@evoluxwebdesign.co.uk> ref=out-evolux-web-design id=01a0d292-bac4-73d9-907e-3422510f548b
daily 22: Sterlixit <hello@sterlixit.co.uk> ref=out-sterlixit id=01a0d294-932d-76f0-9361-8c5f56959533
daily 23: Moo Web Design | Edinburgh <hello@moowebdesign.com> ref=out-moo-web-design-edinburgh id=01a0d296-71d2-778e-9625-ad5963ff2365
daily 24: Mako Digital <hello@makodigital.co.uk> ref=out-mako-digital id=01a0d298-4a14-758b-834c-6eaaacfc27f5
daily 25: Look First Marketing <info@lookfirstmarketing.com> ref=out-look-first-marketing id=01a0d29a-22f4-74d5-adfc-852939c79a0f
done, daily sent 25
daily 1: Mr. Digix Pakistan <info@mrdigix.uk> ref=out-mr-digix-pakistan id=01a0d794-2800-722d-b619-3e6d3017eb48
daily 2: XIST2 <info@xist2.com> ref=out-xist2 id=01a0d796-022d-746f-8575-ece75d093709
daily 3: MagnifyLab <hello@magnifylab.com> ref=out-magnifylab id=01a0d797-dc31-76a6-aa62-d22a25337044
daily 4: BIDMARK | Digital Marketing Agency Leeds - BIDMARK <info@bidmark.co.uk> ref=out-bidmark-digital-marketing-agency-leeds-b id=01a0d799-b527-729f-968d-5b7175f33af8
daily 5: Wibble Web Design & Development <hello@wearewibble.com> ref=out-wibble-web-design-development id=01a0d79b-8d5d-7553-a705-f55511b2ddd5
daily 6: Brighton Website Design <andy@brighton-website-design.co.uk> ref=out-brighton-website-design id=01a0d79d-6561-7159-b306-4a8d38220d26
daily 7: morphsites® <hello@morphsites.com> ref=out-morphsites id=01a0d79f-3e58-70de-96a4-ba3b1d389701
daily 8: Direct First Web Design <info@direct-1st.com> ref=out-direct-first-web-design id=01a0d7a1-1757-7b50-a6d2-31360e484ced
daily 9: Soapbox Digital Media <info@soapboxdigital.co.uk> ref=out-soapbox-digital-media id=01a0d7a2-f027-7ec9-ae3a-1af0e4a86e7e
daily 10: Fat Cow Media <hello@fatcowmedia.co.uk> ref=out-fat-cow-media id=01a0d7a4-c8a2-7353-b596-ee476988f593
daily 11: Bubble Design <studio@bubbledesign.co.uk> ref=out-bubble-design id=01a0d7a6-a2af-7b97-bc0f-c85145a56215
daily 12: Web Design in Reading <hello@cleverfrog-design.co.uk> ref=out-web-design-in-reading id=01a0d7a8-7c3d-7218-afb4-57ce91663649
daily 13: Intuitiv Digital <hello@intuitiv.net> ref=out-intuitiv-digital id=01a0d7aa-5459-7a28-a604-892c7395bfc6
daily 14: Rudo <hello@rudo.co.uk> ref=out-rudo id=01a0d7ac-2c95-71c2-9ebf-1cc5bea550d4
daily 15: ALT Agency – <hello@altagency.co.uk> ref=out-alt-agency id=01a0d7ae-053b-730e-93d2-6d92ca6d5926
daily 16: Ulka Media <hello@ulkamedia.co.uk> ref=out-ulka-media id=01a0d7af-dd86-75d1-93c7-60268a9c3b83
daily 17: Blue Shark <info@blue-shark.co.uk> ref=out-blue-shark id=01a0d7b1-b696-72ce-98b3-e753d22a0315
daily 18: Hexaflowagency <contact@hexaflowagency.co.uk> ref=out-hexaflowagency id=01a0d7b3-8ec1-765f-8f89-b3b0e9458089
daily 19: Hiyield <hello@hiyield.co.uk> ref=out-hiyield id=01a0d7b5-6811-770c-ad73-02a5e4be8e24
daily 20: Social Purpose Web Design and Creative Agency <info@agencyforgood.co.uk> ref=out-social-purpose-web-design-and-creative-a id=01a0d7b7-4078-7ecd-935d-9b07bddf8d77
daily 21: Splitpixel <hello@splitpixel.co.uk> ref=out-splitpixel id=01a0d7b9-18bc-72cd-bf8c-c828b18d6ae7
daily 22: Design Tribe <studio@designtribe.co.uk> ref=out-design-tribe id=01a0d7ba-f0d7-72d2-8915-7b1fd62b5d4e
daily 23: 2Cubed Web Design <hello@2cubed.ie> ref=out-2cubed-web-design id=01a0d7bc-cf8c-77ca-adad-f292b11e6af7
daily 24: Arch Creative <hello@archcreative.co.uk> ref=out-arch-creative id=01a0d7be-a8f7-743e-8108-82ee629bb481
daily 25: Elms Agency <hello@elmsagency.com> ref=out-elms-agency id=01a0d7c0-812d-7e27-a39f-62d82df61398
done, daily sent 25
skip (no MX): Local Boost HQ hello@localboosthq.com
skip (no MX): HMRA hello@hmra.com
skip (no MX): La Fabrique du Net hello@lafabriquedunet.co.uk
skip (no MX): Climbwise hello@climbwise.co.uk
skip (no MX): Liverpool & UK info@nascreatives.co.uk
skip (no MX): Cushty Websites info@cushtywebsites.com
daily 1: Aria Web - Creative Agency | Edinburgh Web Designer <ross@ariaweb.uk> ref=out-aria-web-creative-agency-edinburgh-web-d id=01a0dcba-8885-779d-be2a-61b89863f649
daily 2: My WordPress <hello@seobristolcompany.co.uk> ref=out-my-wordpress-5 id=01a0dcbc-64b0-7758-bbb3-3fd7af7cda23
daily 3: Urban Element <info@urbanelement.com> ref=out-urban-element id=01a0dcbe-3d02-733a-b588-709a2542be5b
daily 4: Rsnake <hello@rsnake.co.uk> ref=out-rsnake id=01a0dcc0-159b-7537-9b1a-c151779f8985
daily 5: Bristol Marketing Company <info@bristolmarketingcompany.co.uk> ref=out-bristol-marketing-company id=01a0dcc1-ee3c-766b-9676-1a1cfd86583d
daily 6: Morgan Digital <info@morgandigital.co.uk> ref=out-morgan-digital id=01a0dcc3-c6c5-701c-82b7-a70a2d259f7b
daily 7: Arcas Web Design <info@arcas.co.uk> ref=out-arcas-web-design id=01a0dcc5-9f0e-715e-b8c4-4a22f83625c0
daily 8: MadeSimpleMedia <info@madesimplemedia.co.uk> ref=out-madesimplemedia id=01a0dcc7-779b-76bd-a517-ff425b2c2010
daily 9: We Create Digital <enquiries@wecreate.digital> ref=out-we-create-digital id=01a0dcc9-4fee-7343-8a43-57830ff002bc
daily 10: Cefar <hello@cefar.co.uk> ref=out-cefar id=01a0dccb-29b6-73ff-8ac2-594f45a59079
daily 11: Nicada Digital <enquiries@nicadadigital.com> ref=out-nicada-digital id=01a0dccd-01f0-75ec-930b-4931a6114e34
daily 12: eSterling <hello@esterling.co.uk> ref=out-esterling id=01a0dcce-d9ff-756c-bcc6-c4932649d9ee
daily 13: Advansys <sales@advansys.com> ref=out-advansys id=01a0dcd0-b43b-76d7-9144-65a14c5714ed
daily 14: Silverink <info@silverink.com> ref=out-silverink id=01a0dcd2-8ca1-715e-b50d-8b663e488307
daily 15: Wida Group <info@widagroup.com> ref=out-wida-group id=01a0dcd4-6503-742d-b00d-535af837b1b5
daily 16: Zonkey | Web Design Bath <hello@zonkey.co.uk> ref=out-zonkey-web-design-bath id=01a0dcd6-3d51-759f-8744-06c6c9685542
daily 17: SMK Creations <info@smkcreations.com> ref=out-smk-creations id=01a0dcd8-1d7c-73ab-9c82-0e7b72861e39
daily 18: Cambridge Website Design <info@cambridgewebsitedesign.co.uk> ref=out-cambridge-website-design id=01a0dcd9-f7b1-73de-82ae-6649c9c2110f
daily 19: BVSWebDesign <info@bvswebdesign.co.uk> ref=out-bvswebdesign id=01a0dcdb-d17b-747a-a074-1525806ec0ba
daily 20: Omakaase <hello@omakaase.com> ref=out-omakaase id=01a0dcdd-a9d0-73ae-90d0-a35140d65499
daily 21: EliteTeQ POS <info@eliteteqpos.com> ref=out-eliteteq-pos id=01a0dcdf-8208-76ea-9d4e-962149dbe2b7
daily 22: Flair Digital <contact@flairdigital.co.uk> ref=out-flair-digital id=01a0dce1-5b80-720e-8d0c-705a32b1aac6
daily 23: Pathrone Digital <hello@pathrone.co.uk> ref=out-pathrone-digital id=01a0dce3-339d-74ed-8172-1d6af42a7373
daily 24: Etawebdesign <info@etawebdesign.co.uk> ref=out-etawebdesign id=01a0dce5-0bcc-768e-b901-7f0a1e6d74c7
daily 25: Medical Website Design <hello@medicalwebsitedesigns.co.uk> ref=out-medical-website-design id=01a0dce6-e52b-738d-ac59-fb7dd9010e6e
done, daily sent 25
skip (no MX): Local Boost HQ hello@localboosthq.com
skip (no MX): HMRA hello@hmra.com
skip (no MX): La Fabrique du Net hello@lafabriquedunet.co.uk
skip (no MX): Climbwise hello@climbwise.co.uk
skip (no MX): Liverpool & UK info@nascreatives.co.uk
skip (no MX): Cushty Websites info@cushtywebsites.com
daily 1: Total Medical Design UK <info@totalmedicaldesign.co.uk> ref=out-total-medical-design-uk id=01a0e1e0-dfa2-76b2-9ddc-0d0ba5cef853
daily 2: Frogspark <hello@frogspark.co.uk> ref=out-frogspark id=01a0e1e2-b960-7145-97ca-46baf96b031b
daily 3: Pxa Marketing | Pxa Marketing <hello@pxa.agency> ref=out-pxa-marketing-pxa-marketing id=01a0e1e4-91f8-743c-b6c7-229b1beef31c
daily 4: VisionSharp <hello@visionsharp.co.uk> ref=out-visionsharp id=01a0e1e6-6bc1-76c5-9e10-91d1387e6ad3
daily 5: Edvido <info@edvido.com> ref=out-edvido id=01a0e1e8-43fb-744d-86e4-2c7353fd2cb0
daily 6: Aldevon <info@aldevon.co.uk> ref=out-aldevon id=01a0e1ea-1cf5-70c0-8d8a-6af08f5212a9
daily 7: Something Familiar <projects@somethingfamiliar.co.uk> ref=out-something-familiar id=01a0e1eb-f68e-710b-8361-dc96980d987d
daily 8: Brand North | Creative and Digital Agency Sheffield <hello@brandnorth.co.uk> ref=out-brand-north-creative-and-digital-agency- id=01a0e1ed-cfb8-77c9-ba4c-492897ea6c2a
daily 9: Local Exposure <info@localexposure.co.uk> ref=out-local-exposure id=01a0e1ef-a85b-761f-b987-6731e6279eaa
daily 10: Chris Fickling Design <info@chrisficklingdesign.co.uk> ref=out-chris-fickling-design id=01a0e1f1-8142-754f-97d1-bdd6e06d872a
daily 11: TimTom Studio <hello@timtomstudio.co.uk> ref=out-timtom-studio id=01a0e1f3-5a4a-763f-89da-33c7c38c833a
daily 12: Dreamdigital <contact@dreamdigital.agency> ref=out-dreamdigital id=01a0e1f5-3403-72fb-bdce-e2e120f71a27
skip (no MX): Brighton Website Designs office@brightonwebsitedesigns.co.uk
daily 13: CL42ITY <info@cl42ity.co.uk> ref=out-cl42ity id=01a0e1f7-0d4a-77ec-a66c-2003778041f8
daily 14: OWD <info@owdwebdesign.uk> ref=out-owd id=01a0e1f8-e59e-7368-b862-216eb90a33a9
daily 15: Reading Web Design Company <studio@readingwebdesign.co> ref=out-reading-web-design-company id=01a0e1fa-be5c-7765-a571-c02e69f49a16
daily 16: Blackbird Marketing <info@blackbird-marketing.co.uk> ref=out-blackbird-marketing id=01a0e1fc-96a7-73db-b513-83ebca94e2c1
daily 17: The Digital Hub <connect@thedigitalhub.uk> ref=out-the-digital-hub id=01a0e1fe-6eae-7089-8da8-af3f0385fa38
daily 18: Bristol, South West <hello@hatchdigitalmarketing.com> ref=out-bristol-south-west id=01a0e200-46da-70a8-84d3-5383335e1355
daily 19: ChrisXCreative <hello@chrisxcreative.co.uk> ref=out-chrisxcreative id=01a0e202-1ecc-760a-8be2-9fb722af86a7
daily 20: Martin Hopkins <studio@martinhopkins.co.uk> ref=out-martin-hopkins id=01a0e203-f749-749e-9eda-3dca0649e2d8
daily 21: Image Box Design <info@imagebox.co.uk> ref=out-image-box-design id=01a0e205-cf76-7748-8edd-d393003902a9
daily 22: York Web Design <hello@getyorkwebdesign.com> ref=out-york-web-design id=01a0e207-a785-7715-a196-3c10e8ca2e01
daily 23: Web Design Company 24 <info@webdesigncompany24.co.uk> ref=out-web-design-company-24 id=01a0e209-7f9c-74ad-b9a6-8478402535f5
daily 24: Mohamed Nasser Law Firm <info@mnasserlaw.com> ref=out-mohamed-nasser-law-firm id=01a0e20b-57ce-733f-a9df-c71345a1f86b
daily 25: Wide Angle Web Design <hello@wideanglewebdesign.com> ref=out-wide-angle-web-design id=01a0e20d-2fe8-73aa-90c4-0c9607ed13dc
done, daily sent 25
skip (no MX): Local Boost HQ hello@localboosthq.com
skip (no MX): HMRA hello@hmra.com
skip (no MX): La Fabrique du Net hello@lafabriquedunet.co.uk
skip (no MX): Climbwise hello@climbwise.co.uk
skip (no MX): Liverpool & UK info@nascreatives.co.uk
skip (no MX): Cushty Websites info@cushtywebsites.com
skip (no MX): Brighton Website Designs office@brightonwebsitedesigns.co.uk
daily 1: thomsonlocal Business Directory <info@thomsonlocal.com> ref=out-thomsonlocal-business-directory id=01a0e707-50bb-7e33-89f8-070b78f0add9
daily 2: NorthSummit <hello@northsummit.agency> ref=out-northsummit id=01a0e709-38e1-76fa-873c-0509fa3e34e8
daily 3: Hello Website <hello@hellowebsite.co.uk> ref=out-hello-website id=01a0e70b-127e-70cd-971a-0288d3a75db0
daily 4: Cardiff Chamber Business Directory <hello@cardiffchamber.co.uk> ref=out-cardiff-chamber-business-directory id=01a0e70c-eb3b-7434-9c3d-292ebb33f53b
daily 5: Logon Web <hello@logonweb.co.uk> ref=out-logon-web id=01a0e70e-c4e2-7580-9437-3fe6bb571717
daily 6: Will Web Design <hello@willwebdesign.co.uk> ref=out-will-web-design id=01a0e710-9dda-712f-80c0-6cce62607a8b
daily 7: Swanky Pixels <hello@swankypixels.com> ref=out-swanky-pixels id=01a0e712-763b-7749-b7be-0e70d43069a1
daily 8: Rapport Digital <hello@rapportdigital.com> ref=out-rapport-digital id=01a0e714-4eab-7a47-ab9a-1b828208c91a
daily 9: Expert Manchester accountants at TaxStats Ltd <info@taxstats.co.uk> ref=out-expert-manchester-accountants-at-taxstat id=01a0e716-26db-7ed8-b533-9d6c722df731
daily 10: UK Creative Ventures <marketing@ukcreativeventures.co.uk> ref=out-uk-creative-ventures id=01a0e718-0086-7645-a837-9eeedcaa521c
daily 11: Clearandcreative <hello@clearandcreative.co.uk> ref=out-clearandcreative id=01a0e719-d946-779c-b852-cd3bc01f39a7
daily 12: Samson Web Design <enquiries@samsonwebdesign.co.uk> ref=out-samson-web-design id=01a0e71b-b18b-76d8-abdc-904c074bf6b9
daily 13: NI Web Design <hello@niwebdesign.co.uk> ref=out-ni-web-design id=01a0e71d-8a60-71c1-9d64-09ff0043a4be
daily 14: Shopify Agency UK | Shopify Store Design Agency <info@platinumoflondondesign.co.uk> ref=out-shopify-agency-uk-shopify-store-design-a id=01a0e71f-637a-7356-88e1-c8d41fea8a7c
daily 15: Astrum <hello@astrumdigital.co.uk> ref=out-astrum id=01a0e721-3d2a-74ce-9a4c-75b37c6a76a7
daily 16: Alpha | Digital Agency | Immersive & Engaging Websites <info@madebyalpha.co.uk> ref=out-alpha-digital-agency-immersive-engaging- id=01a0e723-1532-78c5-adc5-82fca9ccb227
daily 17: Castlegate IT <info@castlegateit.co.uk> ref=out-castlegate-it id=01a0e724-ed7c-70c0-b86d-b21912d8a341
daily 18: Charity Websites <enquiries@suspiremedia.co.uk> ref=out-charity-websites id=01a0e726-c601-77ef-a88d-52c115832627
daily 19: Leodis Digital <contact@leodisdigital.co.uk> ref=out-leodis-digital id=01a0e728-9eec-7352-a3fe-53c90836c838
daily 20: Basestation Edinburgh <info@base-station.co.uk> ref=out-basestation-edinburgh id=01a0e72a-7719-7e5e-a2c2-dba8f3f9b74f
daily 21: FCS Web Design, Newark <info@fcswebsites.co.uk> ref=out-fcs-web-design-newark id=01a0e72c-4ffa-7433-a34f-c9a9b43dcb84
daily 22: ByteSizeMe <hello@bytesizeme.co.uk> ref=out-bytesizeme id=01a0e72e-280c-7733-91e2-92f36002be04
skip (no MX): Wd.london contact@websitedesigninlondon.com
daily 23: Hivebyte Technology Ltd <hello@hivebyte.co.uk> ref=out-hivebyte-technology-ltd id=01a0e730-024d-78db-b3b9-33f23828757f
daily 24: Black Hive Digital <hello@blackhivedigital.com> ref=out-black-hive-digital id=01a0e731-da8d-74b5-92ad-46b7e2a58e21
daily 25: beefound.agency <hello@beefound.agency> ref=out-beefound-agency id=01a0e733-b33c-7239-abf4-f6f1957a6238
done, daily sent 25
skip (no MX): Local Boost HQ hello@localboosthq.com
skip (no MX): HMRA hello@hmra.com
skip (no MX): La Fabrique du Net hello@lafabriquedunet.co.uk
skip (no MX): Climbwise hello@climbwise.co.uk
skip (no MX): Liverpool & UK info@nascreatives.co.uk
skip (no MX): Cushty Websites info@cushtywebsites.com
skip (no MX): Brighton Website Designs office@brightonwebsitedesigns.co.uk
skip (no MX): Wd.london contact@websitedesigninlondon.com
daily 1: Winter Design <info@winterdesign.co.uk> ref=out-winter-design id=01a0ec2d-9db7-771c-a84e-a47b598847b9
daily 2: Red Rhino Web Design <hello@redrhino.co.uk> ref=out-red-rhino-web-design id=01a0ec2f-790c-77e4-9dfb-aadeb8ca46d3
daily 3: Studio Blanco <hello@studioblanco.io> ref=out-studio-blanco id=01a0ec31-51c0-7602-b9fb-c17a721c5470
daily 4: HelloWebDesign <contact@hellowebdesign.co.uk> ref=out-hellowebdesign id=01a0ec33-2a9b-7540-a223-ec8297c3ec90
daily 5: Copper Lane <hello@copperlane.co.uk> ref=out-copper-lane id=01a0ec35-02df-736d-9244-4196c0c3b2ce
daily 6: SmartEdgeDigital <info@smartedgedigital.co.uk> ref=out-smartedgedigital id=01a0ec36-de4b-73da-8a40-61ec97f335e7
daily 7: Studio Cotton <hello@studiocotton.co.uk> ref=out-studio-cotton id=01a0ec38-b675-739e-bcc5-d86d0c83afef
daily 8: Hussainwebdesigns <info@hussainwebdesigns.co.uk> ref=out-hussainwebdesigns id=01a0ec3a-8e9d-7856-95e4-9ed4fa448185
daily 9: TAC Design <info@tacdesign.co.uk> ref=out-tac-design id=01a0ec3c-67c8-745c-b532-91aba3f92eb5
daily 10: Sitecrafter Web Design <hello@sitecrafter.uk> ref=out-sitecrafter-web-design id=01a0ec3e-4003-7020-a563-00115aec7723
daily 11: Construction Websites <hello@construction-websites.co.uk> ref=out-construction-websites id=01a0ec40-1877-754f-840d-80cb7aa95c1d
daily 12: expressive design <studio@expressivedesign.co.uk> ref=out-expressive-design id=01a0ec41-f0b9-708e-b26d-cb75e80559c2
daily 13: Wild Dog Design <info@wilddogdesign.co.uk> ref=out-wild-dog-design id=01a0ec43-c921-73f2-a3e3-ba45c250a076
daily 14: The Brand Tailor™ | Southampton Design & Branding Agency <hello@thebrandtailor.com> ref=out-the-brand-tailor-southampton-design-bran id=01a0ec45-a161-77eb-91e9-1c0c4b5091f0
daily 15: From £35.00 Per Month <info@salonbranded.co.uk> ref=out-from-35-00-per-month id=01a0ec47-79c2-7781-80d4-79e50f8f5e93
daily 16: Vivian Jones • Website Designer • Brighton, UK <hello@vivianjonesdesign.com> ref=out-vivian-jones-website-designer-brighton-u id=01a0ec49-51e5-738f-9a4e-e7fd74c20762
daily 17: Krishna Solanki Designs <hello@krishnasolankidesigns.com> ref=out-krishna-solanki-designs id=01a0ec4b-2a02-7b99-9461-0061e864be1f
daily 18: Zephi <hello@zephi.co.uk> ref=out-zephi id=01a0ec4d-0228-746e-b64e-150a1e4a9e26
daily 19: WebSorted <hello@websorted.io> ref=out-websorted id=01a0ec4e-daf1-7067-9260-98bc6f60c768
daily 20: dotwall <hello@dotwall.co.uk> ref=out-dotwall id=01a0ec50-b33a-7e82-afe7-12f87882ab9b
daily 21: RCCO <studio@rcco.uk> ref=out-rcco-2 id=01a0ec52-8b7b-777b-9430-2c17f1b56836
daily 22: EE-BY-GUM <info@by-gum.co.uk> ref=out-ee-by-gum id=01a0ec54-648e-7778-95c2-8ebda6942cf9
skip (no MX): Atlas Web Agency info@atlaswebagency.co.uk
daily 23: Webbility.co <contact@webbility.co> ref=out-webbility-co id=01a0ec56-3d0f-7604-b188-29c24c559b09
daily 24: Made in Graphic Ltd <hi@madeingraphic.co.uk> ref=out-made-in-graphic-ltd id=01a0ec58-153a-763d-ac44-909c1335130c
daily 25: James Mackie <info@jamesmackie.co.uk> ref=out-james-mackie id=01a0ec59-edae-7788-8649-bbbd470119ec
done, daily sent 25
skip (no MX): Local Boost HQ hello@localboosthq.com
skip (no MX): HMRA hello@hmra.com
skip (no MX): La Fabrique du Net hello@lafabriquedunet.co.uk
skip (no MX): Climbwise hello@climbwise.co.uk
skip (no MX): Liverpool & UK info@nascreatives.co.uk
skip (no MX): Cushty Websites info@cushtywebsites.com
skip (no MX): Brighton Website Designs office@brightonwebsitedesigns.co.uk
skip (no MX): Wd.london contact@websitedesigninlondon.com
skip (no MX): Atlas Web Agency info@atlaswebagency.co.uk
daily 1: Volta Creative <hello@voltacreative.uk> ref=out-volta-creative id=01a0f153-f4ff-705d-91e8-1d8bb61614dd
daily 2: Matthew Childs Design <studio@matthewchildsdesign.co.uk> ref=out-matthew-childs-design id=01a0f155-cf09-708c-be7b-0d05196f8e1b
daily 3: Goggle Studio <info@gogglestudio.co.uk> ref=out-goggle-studio id=01a0f157-a720-7264-9761-3b9b5a97ddbc
daily 4: Immersive Media <hello@imwebdesignmarketing.co.uk> ref=out-immersive-media id=01a0f159-7f6d-7148-bd2a-3f54d5f5f890
daily 5: Leeds Web Designer <hello@leedswebdesigner.co.uk> ref=out-leeds-web-designer id=01a0f15b-57ed-758a-a7fb-4161f995c93f
daily 6: Eighty7 Media <enquiries@eighty7media.co.uk> ref=out-eighty7-media id=01a0f15d-303b-7753-b13b-b9fb7019b995
daily 7: Plexaweb <info@plexaweb.co.uk> ref=out-plexaweb id=01a0f15f-088f-7290-ae47-179253a5fa84
daily 8: Podium Design <spencer@podiumdesign.co.uk> ref=out-podium-design id=01a0f160-e0d0-718d-82c8-d824189d718d
daily 9: Mediatopia <hello@mediatopia.co.uk> ref=out-mediatopia id=01a0f162-b969-7cbf-b598-a7a59d965144
daily 10: Web Design Liverpool <contactus@web-design-in-liverpool.co.uk> ref=out-web-design-liverpool id=01a0f164-91cf-7b37-ae61-83451943e21b
daily 11: We Won't Burn Your Bread. <hello@toastdesign.co.uk> ref=out-we-won-t-burn-your-bread id=01a0f166-69e1-7649-a296-c915e21ec307
daily 12: Duck Design <contact@duck.design> ref=out-duck-design id=01a0f168-41e8-7e9f-826b-c5cd26ee7648
daily 13: Devflow <info@devflow.co.uk> ref=out-devflow id=01a0f16a-1a7d-77be-9e01-a8115f002431
daily 14: Ampliflow <hello@ampliflow.ai> ref=out-ampliflow id=01a0f16b-f343-76ef-bbbf-fa63c04637f1
daily 15: Your Trusted Digital Partner <hello@usecodify.com> ref=out-your-trusted-digital-partner id=01a0f16d-cba5-762a-b984-7b1a5578f4d9
daily 16: 8th Dial <info@8thdial.com> ref=out-8th-dial id=01a0f16f-a3d2-760e-a85f-b85b042ed2b5
daily 17: Dominate Dental <team@dominatedental.com> ref=out-dominate-dental id=01a0f171-7d11-70af-8c26-dbf166f21f69
daily 18: UKAgencies.co.uk <hello@ukagencies.co.uk> ref=out-ukagencies-co-uk id=01a0f173-55de-7250-80f9-7221757529b0
daily 19: Opalforce <growth@opalforce.com> ref=out-opalforce id=01a0f175-2e67-7157-89be-6fa1a9b89861
daily 20: Law Firm Marketing <hello@lawfirmmarketinglondon.co.uk> ref=out-law-firm-marketing id=01a0f177-0685-7b5a-8df3-8ed5f0d5e9f3
daily 21: SIZE Creative - Website Design South Manchester <info@sizecreative.co.uk> ref=out-size-creative-website-design-south-manch id=01a0f178-de80-751a-87f2-f15b0091e253
daily 22: Solicitor Web Design UK <sales@solicitorwebdesign.co.uk> ref=out-solicitor-web-design-uk id=01a0f17a-b68d-7710-adf9-e78af9393625
daily 23: Websites for Solicitors <info@solicitorswebsitedesign.co.uk> ref=out-websites-for-solicitors id=01a0f17c-8ebe-70be-8050-c40ba07616cf
daily 24: Ella's Web Studio <hello@ellaswebstudio.co.uk> ref=out-ella-s-web-studio id=01a0f17e-66b9-7580-8c72-7e5f218ba5c2
daily 25: AW Media & Marketing <alex@awmedia.marketing> ref=out-aw-media-marketing id=01a0f180-3ede-765c-b594-5049cff86fe1
done, daily sent 25
skip (no MX): Local Boost HQ hello@localboosthq.com
skip (no MX): HMRA hello@hmra.com
skip (no MX): La Fabrique du Net hello@lafabriquedunet.co.uk
skip (no MX): Climbwise hello@climbwise.co.uk
skip (no MX): Liverpool & UK info@nascreatives.co.uk
skip (no MX): Cushty Websites info@cushtywebsites.com
skip (no MX): Brighton Website Designs office@brightonwebsitedesigns.co.uk
skip (no MX): Wd.london contact@websitedesigninlondon.com
skip (no MX): Atlas Web Agency info@atlaswebagency.co.uk
daily 1: Octelis <hello@octelis.com> ref=out-octelis id=01a0f67a-55b1-746f-893d-61c5cf55f61d
daily 2: Impact Digital <matt@impact-digital.co.uk> ref=out-impact-digital id=01a0f67c-341b-7491-8075-7d55ef7dd7ce
daily 3: Electricians Digital <hello@electriciansdigital.co.uk> ref=out-electricians-digital id=01a0f67e-0cbd-7b21-8f03-5c6bb187de23
daily 4: PipeDream Digital <hello@pipedreamdigital.co.uk> ref=out-pipedream-digital id=01a0f67f-e5b9-7ad9-bccc-711e8ab54ba7
daily 5: Websites for Accountancy <info@accountantswebsitedesign.co.uk> ref=out-websites-for-accountancy id=01a0f681-be05-74c7-aee4-4615b10ad67e
daily 6: Fitness classes, studios and gyms <info@seriouswebdesign.co.uk> ref=out-fitness-classes-studios-and-gyms id=01a0f683-9692-70f8-b7ec-f78f533505da
daily 7: RevenueBase <sales@revenuebase.ai> ref=out-revenuebase id=01a0f685-6ef4-772b-be9e-bac997f24cb7
daily 8: WooCommerce & Shopify Stores <ryan@rrwebdesign.co.uk> ref=out-woocommerce-shopify-stores id=01a0f687-4778-7218-899e-53f728fa7c8b
daily 9: ViDesigns <sales@videsigns.uk> ref=out-videsigns id=01a0f689-1fbf-716f-b218-fd2e27b69f1a
daily 10: Studio Arch <hello@studio-arch.co.uk> ref=out-studio-arch id=01a0f68a-f80c-7480-a2f9-d6aaa7b82177
daily 11: Dovedesign <info@dovedesign.io> ref=out-dovedesign id=01a0f68c-d045-729a-a817-3993682686d2
daily 12: ConstructionWebDesign <hello@constructionwebdesign.uk> ref=out-constructionwebdesign id=01a0f68e-a90f-7189-a066-e4bb7a95a330
daily 13: Websites for Construction <info@constructionwebdesign.co.uk> ref=out-websites-for-construction id=01a0f690-8170-7201-a54c-00ea4c2c3a12
daily 14: Construction Sites <admin@construction-sites.co.uk> ref=out-construction-sites id=01a0f692-5a1f-7ad7-8925-f3743544deed
daily 15: Websites for Beauty Salons <info@beautysalonwebdesign.co.uk> ref=out-websites-for-beauty-salons id=01a0f694-325d-77b0-9c83-331ff8fee454
daily 16: Advisorwebsites <sales@advisorwebsites.com> ref=out-advisorwebsites id=01a0f696-0a92-744f-97c0-58dc362ce5df
daily 17: Code23 <hello@code23.com> ref=out-code23 id=01a0f697-e2d7-7d03-bd66-154900e77644
daily 18: SiliconTechnix <info@silicontechnix.co.uk> ref=out-silicontechnix id=01a0f699-bb20-75b8-a1d8-c3d7fd7e5533
daily 19: Dental Marketing by Digimax <hello@digimax.dental> ref=out-dental-marketing-by-digimax id=01a0f69b-9530-76ab-ba9a-f22cf4cd5bc4
daily 20: JW Digital <enquiries@jw-digital.co.uk> ref=out-jw-digital id=01a0f69d-6dbe-74bc-b187-5ddafd5d5102
daily 21: Crescat Digital <hello@crescatdigital.com> ref=out-crescat-digital id=01a0f69f-4604-7446-80d6-47e769e611f7
daily 22: Arttia Creative Limited <hello@arttia.co.uk> ref=out-arttia-creative-limited id=01a0f6a1-1dfb-7f0a-b015-d4cef1f6033b
daily 23: ClearBrand <info@clearbrand.co.uk> ref=out-clearbrand id=01a0f6a2-f627-710a-8451-9cf55b00e7dd
daily 24: Colab Digital Solihull <contact@colabdigital.co.uk> ref=out-colab-digital-solihull id=01a0f6a4-ce6a-7351-9caa-0d8a6a056222
daily 25: Threebrand <info@threebrand.com> ref=out-threebrand id=01a0f6a6-a792-7b28-89a5-49257ea59acf
done, daily sent 25
skip (no MX): Local Boost HQ hello@localboosthq.com
skip (no MX): HMRA hello@hmra.com
skip (no MX): La Fabrique du Net hello@lafabriquedunet.co.uk
skip (no MX): Climbwise hello@climbwise.co.uk
skip (no MX): Liverpool & UK info@nascreatives.co.uk
skip (no MX): Cushty Websites info@cushtywebsites.com
skip (no MX): Brighton Website Designs office@brightonwebsitedesigns.co.uk
skip (no MX): Wd.london contact@websitedesigninlondon.com
skip (no MX): Atlas Web Agency info@atlaswebagency.co.uk
daily 1: Framework Design <info@weareframework.co.uk> ref=out-framework-design id=01a0fba0-a713-73b3-add0-4e8096b2da65
daily 2: Blue Monkee Web Design <hello@bluemonkee.com> ref=out-blue-monkee-web-design id=01a0fba2-803f-7775-81f4-32acfa8566b9
daily 3: Reach Marketing Communications <info@reachmarketing.co.uk> ref=out-reach-marketing-communications id=01a0fba4-58c6-7a65-a5a8-c773dee17361
daily 4: Phase <hello@wearephase.co.uk> ref=out-phase id=01a0fba6-322f-75ad-bf46-4a6a762fc7d8
daily 5: Maddison Creative | Web Design | Digital & Print <ask@maddisoncreative.co.uk> ref=out-maddison-creative-web-design-digital-pri id=01a0fba8-0afe-779b-9fdd-f8db47f21d8a
daily 6: WebsiteNI <hello@websiteni.com> ref=out-websiteni id=01a0fba9-e39f-7ad3-960f-f16490745b5f
daily 7: Firefly <hello@firefly-uk.com> ref=out-firefly id=01a0fbab-bcac-7765-827e-592eb9844501
daily 8: WebDev Wales <dev@webdevwales.com> ref=out-webdev-wales id=01a0fbad-95b0-7361-a27e-4a0d4dc8788e
daily 9: Pixel8 <hello@pixel8ltd.com> ref=out-pixel8 id=01a0fbaf-6e4b-7ebc-af63-32677cec4d36
daily 10: Think <enquiry@thinkdesignagency.co.uk> ref=out-think-2 id=01a0fbb1-466c-7432-9ce2-1284e2e45c7c
daily 11: Evoke Studio <work@madebyevoke.com> ref=out-evoke-studio id=01a0fbb3-1ee3-7a4c-b3b9-18e5cff9d8ce
daily 12: Hush Digital <hello@hush.digital> ref=out-hush-digital id=01a0fbb4-f780-7c2e-8aad-15ddab4e078a
daily 13: Reflex Studios <hello@reflex-studios.com> ref=out-reflex-studios id=01a0fbb6-cff5-76bf-a4f3-b78a361f0cfe
daily 14: UnitedbyDesign <hello@unitedbydesign.co> ref=out-unitedbydesign id=01a0fbb8-aa19-7b1a-89c6-376aa562b209
daily 15: London & Kent <hello@yoyodesign.com> ref=out-london-kent id=01a0fbba-825d-7790-95ba-12b7d6c2e9d3
daily 16: Adept <hello@adeptdesign.co.uk> ref=out-adept id=01a0fbbc-5aef-77ed-a7c8-8cac8a3624b0
daily 17: Studio Republic <hello@studiorepublic.com> ref=out-studio-republic id=01a0fbbe-3325-721f-bdbc-e51a5784a1e0
daily 18: The Design Chambers <hello@thedesignchambers.co.uk> ref=out-the-design-chambers id=01a0fbc0-0bcb-76cf-a927-ed3b45919ee3
daily 19: Webpop Design <hello@webpopdesign.com> ref=out-webpop-design id=01a0fbc1-e3ed-79c3-9ed0-3a6530945361
daily 20: Catalyst Marketing Agency <hello@wearecatalyst.co.uk> ref=out-catalyst-marketing-agency id=01a0fbc3-bbfc-7941-9924-56c63a9d3013
daily 21: NHANCE Digital <info@nhancedigital.com> ref=out-nhance-digital id=01a0fbc5-942a-7867-8e0d-4d476d12b0ea
daily 22: Barefoot Web <info@barefootweb.co.uk> ref=out-barefoot-web id=01a0fbc7-6c3f-76d1-b983-e6631a611d6d
daily 23: Invisible Building <info@invisiblebuilding.com> ref=out-invisible-building id=01a0fbc9-44f9-7b4f-b6d7-41c06e76f9b1
daily 24: Why Matters <info@whymatters.co.uk> ref=out-why-matters id=01a0fbcb-1e37-72fd-bdfa-c0bd02c7ec71
daily 25: Cude Design <enquiry@cudedesign.co.uk> ref=out-cude-design id=01a0fbcc-f6b1-70e4-bb77-4ad5bf0239b5
done, daily sent 25
skip (no MX): Local Boost HQ hello@localboosthq.com
skip (no MX): HMRA hello@hmra.com
skip (no MX): La Fabrique du Net hello@lafabriquedunet.co.uk
skip (no MX): Climbwise hello@climbwise.co.uk
skip (no MX): Liverpool & UK info@nascreatives.co.uk
skip (no MX): Cushty Websites info@cushtywebsites.com
skip (no MX): Brighton Website Designs office@brightonwebsitedesigns.co.uk
skip (no MX): Wd.london contact@websitedesigninlondon.com
skip (no MX): Atlas Web Agency info@atlaswebagency.co.uk
daily 1: Colinton Website Design <admin@colintonwebsitedesign.co.uk> ref=out-colinton-website-design id=01a100c7-0309-7205-9c3d-de630ac7e7ee
daily 2: Blushush <hello@blushush.co.uk> ref=out-blushush id=01a100c8-dbfd-70b9-b706-cf268395ddca
daily 3: Dock: Propel your business online <hello@dock.co.uk> ref=out-dock-propel-your-business-online id=01a100ca-b55f-7acf-b27f-00837627c029
daily 4: Deucecreative <hello@deucecreative.co.uk> ref=out-deucecreative id=01a100cc-8f37-73cd-afac-856cfc7486fb
daily 5: Sizzle Web Design <info@sizzlewebdesign.co.uk> ref=out-sizzle-web-design id=01a100ce-6aff-7963-80cb-1e24ec66ab36
daily 6: Web & Roll <info@webandroll.co.uk> ref=out-web-roll id=01a100d0-48b7-7a3e-8693-933a2495ab88
daily 7: burningred <studio@burningred.co.uk> ref=out-burningred id=01a100d2-21eb-702c-b8de-8ec7ec96e6fc
daily 8: sixredsquares <hi@6rs.co.uk> ref=out-sixredsquares id=01a100d3-fbbb-79a4-9c9f-91779d8f0fd7
daily 9: build14me <info@build14me.com> ref=out-build14me id=01a100d5-d53e-7b16-acf9-274f41ee9091
daily 10: WebWisp <hello@webwispuk.com> ref=out-webwisp id=01a100d7-af03-7922-8cd0-773895a626de
daily 11: Magpie <hello@wearemagpie.com> ref=out-magpie id=01a100d9-8a29-7a9a-a3cd-37c7595e4aa7
daily 12: HeartCMS <hello@heartcms.com> ref=out-heartcms id=01a100db-64c1-7444-83da-69eb37e3b542
daily 13: JUMP <info@wesayhowhigh.com> ref=out-jump-2 id=01a100dd-3e5f-703b-89e8-45d6ed21dc33
daily 14: Pobl <hello@pobl.tech> ref=out-pobl id=01a100df-3c62-756e-a7a3-e884df167ea6
daily 15: Wearegecko <hello@wearegecko.co.uk> ref=out-wearegecko id=01a100e1-14db-7d04-947d-063903eb2c0c
daily 16: Bespoke web design <hello@bespokedigital.agency> ref=out-bespoke-web-design id=01a100e2-ed91-7572-b7de-ea44c3f74a7e
^Cskip (no MX): Local Boost HQ hello@localboosthq.com
skip (no MX): HMRA hello@hmra.com
skip (no MX): La Fabrique du Net hello@lafabriquedunet.co.uk
skip (no MX): Climbwise hello@climbwise.co.uk
skip (no MX): Liverpool & UK info@nascreatives.co.uk
skip (no MX): Cushty Websites info@cushtywebsites.com
skip (no MX): Brighton Website Designs office@brightonwebsitedesigns.co.uk
skip (no MX): Wd.london contact@websitedesigninlondon.com
skip (no MX): Atlas Web Agency info@atlaswebagency.co.uk
daily 1: Ambition Digital <contact@ambitiondigital.co.uk> ref=out-ambition-digital id=01a105ed-6331-7756-a164-01c3d63d3157
daily 2: Urbansoul - Web Design Manchester, Digital Agency <hello@urbansouldesign.co.uk> ref=out-urbansoul-web-design-manchester-digital- id=01a105ef-3b9f-7ebb-b348-1b6f8960301f
daily 3: Hydra Creative <hello@hydracreative.com> ref=out-hydra-creative id=01a105f1-13c7-791f-a4cd-8ea03033ebab
daily 4: Fallen Leaf Web Design <hello@fallenleafwebdesign.co.uk> ref=out-fallen-leaf-web-design id=01a105f2-ec8e-7aa8-9201-595c10a692ee
daily 5: Herdl <hello@herdl.com> ref=out-herdl id=01a105f4-c505-7a48-80d9-38665cc1e3a3
daily 6: Mobile App Experts <hello@mobileappexperts.co.uk> ref=out-mobile-app-experts id=01a105f6-9d49-7d42-9a8d-06eb399968da
daily 7: Yellow Circle Web Solutions Limited <hello@yellowcircle.co.uk> ref=out-yellow-circle-web-solutions-limited id=01a105f8-7574-7594-9dac-eee76039a357
daily 8: Kaweb <enquiries@kaweb.co.uk> ref=out-kaweb id=01a105fa-4db1-774f-b76e-afbad30aa7f0
daily 9: Leicester Websites <hello@leicesterwebsites.com> ref=out-leicester-websites id=01a105fc-262d-7c2e-8c79-23fa8659858f
daily 10: Horizon Services <info@horizonservices.uk> ref=out-horizon-services id=01a105fd-fe7a-7659-b3f1-0efcc0fce017
daily 11: Preface Studios - A web design agency in Surrey <office@prefacestudios.com> ref=out-preface-studios-a-web-design-agency-in-s id=01a105ff-d686-738b-acbf-111d8a7831b6
daily 12: IT hunter <info@ithunter.co.uk> ref=out-it-hunter id=01a10601-aea2-7760-ac47-db7ae4897a44
daily 13: Bulb Studios <info@bulbstudios.com> ref=out-bulb-studios id=01a10603-8758-7080-aee9-c3c19733d07f
daily 14: Cheshire Cat Marketing <hello@cheshirecatmarketing.co.uk> ref=out-cheshire-cat-marketing id=01a10605-6022-7951-9d1b-6f128bdd266f
daily 15: Xperteria <info@xperteria.com> ref=out-xperteria id=01a10607-3851-79ba-b393-68d0244fd233
daily 16: Webcetera <info@webcetera.co.uk> ref=out-webcetera id=01a10609-1068-76bb-a690-b3778b70b518
daily 17: iClickSee <admin@iclicksee.com> ref=out-iclicksee id=01a1060a-e8b0-7284-bbab-c97af588891f
daily 18: Web studio Atekla <info@atekla.com> ref=out-web-studio-atekla id=01a1060c-c0f3-7501-9948-8ee90f6065ad
daily 19: Clever Clicks Digital <hello@clever-clicks.co.uk> ref=out-clever-clicks-digital id=01a1060e-98f8-7201-a7fb-b847a44dde97
daily 20: Clifton Web Design <hello@cliftonwebdesign.co.uk> ref=out-clifton-web-design id=01a10610-711f-7ceb-a408-e9ba627570e4
daily 21: Oxfordwebservices <info@oxfordwebservices.com> ref=out-oxfordwebservices id=01a10612-4930-76d2-8587-ddd0b84cafeb
daily 22: Yellowball <hello@weareyellowball.com> ref=out-yellowball id=01a10614-2135-72b7-9612-4653381b5fc1
daily 23: EndPoint Clients <info@endpointclients.com> ref=out-endpoint-clients id=01a10615-f96c-7349-8863-27e09366bef7
daily 24: Devtrios <info@devtrios.com> ref=out-devtrios id=01a10617-d1cc-7345-a1ad-536662798a35
daily 25: Sniro <info@sniro.com> ref=out-sniro id=01a10619-a9e9-7b81-9c6b-721c549a7568
done, daily sent 25
skip (no MX): Local Boost HQ hello@localboosthq.com
skip (no MX): HMRA hello@hmra.com
skip (no MX): La Fabrique du Net hello@lafabriquedunet.co.uk
skip (no MX): Climbwise hello@climbwise.co.uk
skip (no MX): Liverpool & UK info@nascreatives.co.uk
skip (no MX): Cushty Websites info@cushtywebsites.com
skip (no MX): Brighton Website Designs office@brightonwebsitedesigns.co.uk
skip (no MX): Wd.london contact@websitedesigninlondon.com
skip (no MX): Atlas Web Agency info@atlaswebagency.co.uk
daily 1: Website Design | Web Design Glasgow | Designwebskills | <design@designwebskills.com> ref=out-website-design-web-design-glasgow-design id=01a10b13-c20c-7295-9b91-c7c50405942b
daily 2: Finsbury Media <info@finsburymedia.com> ref=out-finsbury-media id=01a10b15-9c5e-7bf4-bdaf-79a093387c02
daily 3: nexpride.com <info@nexpride.com> ref=out-nexpride-com id=01a10b17-74a8-7323-a632-7368a58af4b7
daily 4: digitsea.agency <info@digitsea.agency> ref=out-digitsea-agency id=01a10b19-4e10-7657-b0a8-baab4b8765f7
daily 5: Magento Ecommerce Agency in UK | StreamMarket <hello@streammarket.co.uk> ref=out-magento-ecommerce-agency-in-uk-streammar id=01a10b1b-260f-7be1-9546-1aa9a77c23ad
daily 6: Stacksole <info@stacksole.com> ref=out-stacksole id=01a10b1c-fe5a-75a9-a42d-a8b67bf67963
skip (no MX): i4 Acmmos Web n Mobile Applications info@i4acmmosmedia.com
daily 7: PRO IT CITY LTD <info@proitcity.co.uk> ref=out-pro-it-city-ltd id=01a10b1e-d6e8-7421-b242-3b2ea941f5f8
daily 8: UNL Solutions <info@unl.solutions> ref=out-unl-solutions id=01a10b20-af9e-7861-b67e-aa0911be328b
daily 9: Upstaff.com <info@upstaff.com> ref=out-upstaff-com id=01a10b22-87e6-7063-b04e-6bc06a262986
daily 10: Blueberry <enquiries@bbconsult.co.uk> ref=out-blueberry id=01a10b24-6048-76f4-90a8-ebc90bdd8e88
daily 11: Weeb Digital <hello@weebdigital.com> ref=out-weeb-digital id=01a10b26-3c3d-7e26-82f2-8865408d440d
daily 12: Web Buds <enquiries@webbuds.co.uk> ref=out-web-buds id=01a10b28-14c4-77bb-b369-bc50de2a670d
daily 13: YYT <info@yyt.dev> ref=out-yyt id=01a10b29-ed51-7cf0-a97c-af2989469cbb
daily 14: Vebryx <info@vebryx.co.uk> ref=out-vebryx id=01a10b2b-c62f-774f-ab16-6409bf5c9120
daily 15: HC Media Group <contact@hcmediagroup.co.uk> ref=out-hc-media-group id=01a10b2d-9e86-7b5d-b064-f5d4bc8d92b6
daily 16: Liquify Shopify Plus Agency <hello@liquify.design> ref=out-liquify-shopify-plus-agency id=01a10b2f-76c0-7956-9bcc-d880ac5be8bd
daily 17: 78 Dental <info@78dental.co.uk> ref=out-78-dental id=01a10b31-4efb-75b7-94dc-3c42379f9072
daily 18: OpenDent Studio <hello@opendent.co.uk> ref=out-opendent-studio id=01a10b33-27d7-7596-8ceb-bd7506b7203e
daily 19: The Creative Composite - Marketing for Dentists <team@thecreativecomposite.co.uk> ref=out-the-creative-composite-marketing-for-den id=01a10b35-004b-763b-8838-d76bd0908502
daily 20: Dentify Digital <info@dentifydigital.com> ref=out-dentify-digital id=01a10b36-d8dc-745b-9a1a-7cb41bb45ad6
daily 21: UK Dental Marketing & Branding Experts <hello@design4dentists.com> ref=out-uk-dental-marketing-branding-experts id=01a10b38-b182-7a3b-a1c8-3ebfa10f685d
daily 22: Rose & Co <connect@roseand.co> ref=out-rose-co id=01a10b3a-89b4-770b-979d-f9bbd335cb14
daily 23: AlignMedia <info@alignmedia.co.uk> ref=out-alignmedia id=01a10b3c-6217-7ef3-912e-1ed35ed9609a
daily 24: Главная <hello@digital-crystal.com> ref=out--285 id=01a10b3e-3a76-78ec-b981-04e556874cd7
daily 25: StaticSwift <hello@staticswift.co.uk> ref=out-staticswift id=01a10b40-12b5-7487-8270-d74c69222c84
done, daily sent 25
skip (no MX): Local Boost HQ hello@localboosthq.com
skip (no MX): HMRA hello@hmra.com
skip (no MX): La Fabrique du Net hello@lafabriquedunet.co.uk
skip (no MX): Climbwise hello@climbwise.co.uk
skip (no MX): Liverpool & UK info@nascreatives.co.uk
skip (no MX): Cushty Websites info@cushtywebsites.com
skip (no MX): Brighton Website Designs office@brightonwebsitedesigns.co.uk
skip (no MX): Wd.london contact@websitedesigninlondon.com
skip (no MX): Atlas Web Agency info@atlaswebagency.co.uk
skip (no MX): i4 Acmmos Web n Mobile Applications info@i4acmmosmedia.com
daily 1: Acethespace Design <hello@acethespace.design> ref=out-acethespace-design id=01a1103a-2332-734a-9832-522943f918c6
daily 2: lawyerslondon.uk <contact@lawyerslondon.uk> ref=out-lawyerslondon-uk id=01a1103b-fb7d-7e78-a717-6a8219cfe48c
daily 3: Ultimate <hello@ultimate.agency> ref=out-ultimate id=01a1103d-d3a6-7496-91c7-b5e6363913c7
daily 4: Pure Marketing <info@puremarketing.uk> ref=out-pure-marketing id=01a1103f-abfe-7691-b77d-6ffd37b45ba8
daily 5: Conscious Solutions <sales@conscious.co.uk> ref=out-conscious-solutions id=01a11041-840b-7702-a26c-68bb6497a3a6
daily 6: LegalClicks <team@legalclicks.co.uk> ref=out-legalclicks id=01a11043-5ce8-724d-b0f9-c181631afc7b
daily 7: RestGeo <info@restgeo.com> ref=out-restgeo id=01a11045-352a-716b-9723-22017ddda235
daily 8: Nocowanie.pl <info@nocowanie.pl> ref=out-nocowanie-pl id=01a11047-0d3f-7635-b8c2-4dc630e1e96b
daily 9: JB Creative <info@jbcreative.co.uk> ref=out-jb-creative id=01a11048-e57e-775f-892f-bf693496fc1e
daily 10: Total Motorsport <admin@total-motorsport.com> ref=out-total-motorsport id=01a1104a-bde3-75e8-9f43-cece1d9cbf65
daily 11: Loose Connections | Digital Marketing Made Simple <info@looseconnections.uk> ref=out-loose-connections-digital-marketing-made id=01a1104c-95f9-7643-aa25-ab8b0eea2346
daily 12: Inkbot Design <hello@inkbotdesign.com> ref=out-inkbot-design id=01a1104e-6e5f-79b6-bf03-51661600ee9e
daily 13: Creative Direction <studio@creativedirection.info> ref=out-creative-direction id=01a11050-4710-716f-8921-83a89f24b74b
daily 14: Innovation Labs Studio <info@innovationlabs.studio> ref=out-innovation-labs-studio id=01a11052-1f25-7b6b-96e8-ec9da5d91784
daily 15: Aide-Facile <contact@aide-facile.fr> ref=out-aide-facile id=01a11053-f74a-714d-8fab-6f0c91257082
daily 16: Pulse Digital Health <info@pulsedigital.health> ref=out-pulse-digital-health id=01a11055-d019-75dc-8a60-b66bfdc76bf3
daily 17: Synergidesign <info@synergidesign.co.uk> ref=out-synergidesign id=01a11057-a824-7c29-9edf-b655aebbce09
daily 18: Clinic Pro <info@withclinicpro.co.uk> ref=out-clinic-pro id=01a11059-8052-7002-90dc-4604a95d2f2a
daily 19: Ravenswood Media <info@ravenswood.media> ref=out-ravenswood-media id=01a1105b-5981-7121-8126-4b7217917ce9
daily 20: Hot Info <contact@hotinfo.ro> ref=out-hot-info id=01a1105d-3174-7c0f-a275-1aef25f03c07
daily 21: Touchdesign <info@touchdesign.co.uk> ref=out-touchdesign id=01a1105f-0993-7e07-a868-6fb7c8e4df44
daily 22: Medivance <hello@medivancedigital.com> ref=out-medivance id=01a11060-e221-7621-a6d3-4b35e225007f
daily 23: Graphic Kitchen <hello@graphickitchen.co.uk> ref=out-graphic-kitchen id=01a11062-baa2-7001-8325-9652ff4ce1dd
daily 24: PGWD Website Design <hello@pgwd.uk> ref=out-pgwd-website-design id=01a11064-92b4-7e33-810b-cc98a61782f6
daily 25: Orbit Web Design London <hello@orbitagency.co.uk> ref=out-orbit-web-design-london id=01a11066-6ade-7baa-ad9c-ff5f9724c700
done, daily sent 25
