skip (no true line): Let's Build Something Remarkable
skip (no true line): Get Found In Town
skip (no true line): Broadvisions - AI-Powered Solutions for a Smarter Future
skip (no true line): Anything Pixel
skip (no true line): InCon, LLC Marketing and Media
skip (no true line): Third Sun
skip (no true line): Neurometrics
skip (no true line): Geniqsoft
skip (no true line): Annodyne
skip (no true line): Blackburn Labs
skip (no true line): SEOSHOP
skip (no true line): Revel Advertising
skip (no true line): Metapixels Inc
skip (no true line): BlueCozmos
skip (no true line): Liaisondesigngroup
skip (no true line): The Whitaker Group
skip (no true line): Hawaii Digital Signage Provider
skip (no true line): Leibowitz
skip (no true line): Private Sector SEO
skip (no true line): 服务于希望拓展北美市场推广的中小型企业及本地商家
skip (no true line): Forge standards.™ | Standard Forge
skip (no true line): Koality Web Solutions
skip (no true line): Acceleration
skip (no true line): Creative Technology Amplified
skip (no true line): Fervorfish
skip (no true line): WHERE YOUR MISSION BECOMES OUR MISSION.
skip (no true line): Trifide Labs
skip (no true line): Helium Services
skip (no true line): Adencys
skip (no true line): VP+C Partners
skip (no true line): Enfoglobe, LLC.
skip (no true line): Thewebbuildersllc
skip (no true line): Artisanagency
skip (no true line): 7starsolution
skip (no true line): Studio Two | Branding | Design | Web Development
skip (no true line): Probella
skip (no true line): Digital Destino
skip (no true line): Rural Rooster
skip (no true line): The Designs Empire
skip (no true line): Ribbitz
skip (no true line): RankMeTop
skip (no true line): Visionarywebcreators
skip (no true line): VIA
skip (no true line): Digital Marketing
skip (no true line): Rocket Town Media
skip (no true line): Magnetik
skip (no true line): Quacito LLC
skip (no true line): Steel Marketing New
skip (no true line): Marketing Maven -
skip (no true line): Creating work that works.
skip (no true line): Servalit
skip (no true line): Accubits
skip (no true line): TechieMinions
skip (no true line): One Marketing Group New jersey
skip (no true line): Neon Pig Creative
skip (no true line): Power Creative
skip (no true line): Blue State
skip (no true line): Custom Websites to Go
skip (no true line): UCME
skip (no true line): Zellus Digital Marketing
skip (no true line): Proximity Lab
skip (no true line): Peppercomm
skip (no true line): Cape Coral, Fort Myers and Naples
skip (no true line): Organ
skip (no true line): Daigle Creative
skip (no true line): Xposure - The Leader in Marketing ROI
skip (no true line): Eligence
skip (no true line): SEO Marketing & Social Media | Damonaz Design, LLC
skip (no true line): Pluto Pixels
skip (no true line): Hubcom Corp
3224 US rows held: no postal address in data/outreach-config.json (CAN-SPAM)
done, daily sent 0
skip (no true line): Let's Build Something Remarkable
skip (no true line): Get Found In Town
skip (no true line): Broadvisions - AI-Powered Solutions for a Smarter Future
skip (no true line): Anything Pixel
skip (no true line): InCon, LLC Marketing and Media
skip (no true line): Third Sun
skip (no true line): Neurometrics
skip (no true line): Geniqsoft
skip (no true line): Annodyne
skip (no true line): Blackburn Labs
skip (no true line): SEOSHOP
skip (no true line): Revel Advertising
skip (no true line): Digital Attic
skip (no true line): You Squared Media
skip (no true line): KRPR - PR & Marketing
skip (no true line): Downtown Barrington, IL
skip (no true line): Gimga Group | Small Team-Big Ideas
skip (no true line): Affordable SEO | Web Design Development |
skip (no true line): Thirdwave, LLC
skip (no true line): Versant Solutions
skip (no true line): EHS Technologies |
skip (no true line): Digital Marketing & Business Solutions
skip (no true line): Infosafe
skip (no true line): Adventure Ad Agency
skip (no true line): Tank Marketing SEO And SEO Agency In Tempe Arizona
skip (no true line): Gmrwebteam
skip (no true line): Global IT Solutions Provider
skip (no true line): Metapixels Inc
skip (no true line): BlueCozmos
skip (no true line): Liaisondesigngroup
skip (no true line): The Whitaker Group
skip (no true line): Hawaii Digital Signage Provider
skip (no true line): Leibowitz
skip (no true line): Private Sector SEO
skip (no true line): 服务于希望拓展北美市场推广的中小型企业及本地商家
skip (no true line): Forge standards.™ | Standard Forge
skip (no true line): Koality Web Solutions
skip (no true line): Acceleration
skip (no true line): Creative Technology Amplified
skip (no true line): Fervorfish
skip (no true line): WHERE YOUR MISSION BECOMES OUR MISSION.
skip (no true line): Trifide Labs
skip (no true line): Helium Services
skip (no true line): Adencys
skip (no true line): VP+C Partners
skip (no true line): Enfoglobe, LLC.
skip (no true line): Thewebbuildersllc
skip (no true line): Artisanagency
skip (no true line): 7starsolution
skip (no true line): Studio Two | Branding | Design | Web Development
skip (no true line): Probella
skip (no true line): Digital Destino
skip (no true line): Rural Rooster
skip (no true line): The Designs Empire
skip (no true line): Ribbitz
skip (no true line): RankMeTop
skip (no true line): Visionarywebcreators
skip (no true line): VIA
skip (no true line): Digital Marketing
skip (no true line): Rocket Town Media
skip (no true line): Jordan Advertising
skip (no true line): The Modern Brand
skip (no true line): Wolff Olins
skip (no true line): Riley Hayes
skip (no true line): Denver Advertising - Advertising Agency Denver Colorado
skip (no true line): Next Steps Marketing
skip (no true line): Gauger + Associates
skip (no true line): Knight Eady
skip (no true line): Melendez Video
skip (no true line): Interline Creative Group
skip (no true line): We Are White Hat
skip (no true line): MBM Marketing | SMART Branding
skip (no true line): Greenlight Marketing
skip (no true line): Emagine
skip (no true line): Jupiter SEO
skip (no true line): Buffalo NY
skip (no true line): North Charles
skip (no true line): Hills Marketing
skip (no true line): Wallrich Creative Communications
skip (no true line): Octodesign
skip (no true line): Catchstudio
skip (no true line): Exact Latitude
skip (no true line): Where the Gravy's made
skip (no true line): Hummingbird Productions
skip (no true line): Bigmediaagency
skip (no true line): Manifesto
skip (no true line): Brody Web Design
skip (no true line): Opusdesign
skip (no true line): Dart Tech
skip (no true line): Big Room Technologies
skip (no true line): Using Technology to Add Value to the World
skip (no true line): Rudkin Productions
skip (no true line): Human Impact Solutions
skip (no true line): Ad Lab Advertising
skip (no true line): The Adams Group
skip (no true line): Magnetik
skip (no true line): Quacito LLC
skip (no true line): Unified MMG
skip (no true line): Cookeville TN
skip (no true line): 37MMG
skip (no true line): Your Site Title
skip (no true line): Scout Branding
skip (no true line): Nordeast Marketing Group
skip (no true line): Steel Marketing New
skip (no true line): Top Rank Solutions
skip (no true line): Marketing Maven -
skip (no true line): Creating work that works.
skip (no true line): Servalit
skip (no true line): Accubits
skip (no true line): TechieMinions
skip (no true line): One Marketing Group New jersey
skip (no true line): Jimnio
skip (no true line): Mad 4 Marketing
skip (no true line): Based in Javea, Costa Blanca
skip (no true line): United Collab
skip (no true line): TheEvaSite (TES)
skip (no true line): Stratejus Inc.
skip (no true line): Neon Pig Creative
skip (no true line): Power Creative
skip (no true line): Blue State
skip (no true line): Custom Websites to Go
skip (no true line): UCME
skip (no true line): Zellus Digital Marketing
skip (no true line): Fargo, ND Charpentier Creative
skip (no true line): GRIT
skip (no true line): nostrum, inc.
skip (no true line): S.O. Creative
skip (no true line): SAESHE
skip (no true line): NICE + Company
skip (no true line): Saint Creative
skip (no true line): The Marketing Momma
skip (no true line): Paper Pennant Design
skip (no true line): The Barnett Company
skip (no true line): Brainchild Creative
skip (no true line): Z Studio Design
skip (no true line): Proximity Lab
skip (no true line): Peppercomm
skip (no true line): Cape Coral, Fort Myers and Naples
skip (no true line): Organ
skip (no true line): Daigle Creative
skip (no true line): Xposure - The Leader in Marketing ROI
skip (no true line): Eligence
skip (no true line): SEO Marketing & Social Media | Damonaz Design, LLC
skip (no true line): Pluto Pixels
skip (no true line): Hubcom Corp
skip (no true line): PPK
skip (no true line): Articus Ltd
skip (no true line): Piton Marketing
skip (no true line): Chhaymam
skip (no true line): The Gate London
skip (no true line): Ad Cetera, Inc
skip (no true line): Dnt Lab
skip (no true line): Strawman
skip (no true line): Strategy + Communications
skip (no true line): AdWise Group - Just another WordPress site
skip (no true line): WebNinjaz
skip (no true line): Evolve Design Group
skip (no true line): Norasack Designs
skip (no true line): Branch Creative Network
skip (no true line): Hundredacre
skip (no true line): Wordpack Media
skip (no true line): Dayton Ohio Local Digital Marketing Geeks | DaytonGeeks.com
skip (no true line): Pathos Ethos, Inc. |
skip (no true line): PDX SEO
6225 US rows held: no postal address in data/outreach-config.json (CAN-SPAM)
done, daily sent 0
skip (no true line): Let's Build Something Remarkable
skip (no true line): Get Found In Town
skip (no true line): Broadvisions - AI-Powered Solutions for a Smarter Future
skip (no true line): Anything Pixel
skip (no true line): InCon, LLC Marketing and Media
skip (no true line): Third Sun
skip (no true line): Neurometrics
skip (no true line): Geniqsoft
skip (no true line): Annodyne
skip (no true line): Blackburn Labs
skip (no true line): SEOSHOP
skip (no true line): Revel Advertising
skip (no true line): Digital Attic
skip (no true line): You Squared Media
skip (no true line): KRPR - PR & Marketing
skip (no true line): Downtown Barrington, IL
skip (no true line): Gimga Group | Small Team-Big Ideas
skip (no true line): Affordable SEO | Web Design Development |
skip (no true line): Thirdwave, LLC
skip (no true line): Versant Solutions
skip (no true line): EHS Technologies |
skip (no true line): Digital Marketing & Business Solutions
skip (no true line): Infosafe
skip (no true line): Adventure Ad Agency
skip (no true line): Tank Marketing SEO And SEO Agency In Tempe Arizona
skip (no true line): Gmrwebteam
skip (no true line): Global IT Solutions Provider
skip (no true line): Metapixels Inc
skip (no true line): BlueCozmos
skip (no true line): Liaisondesigngroup
skip (no true line): The Whitaker Group
skip (no true line): Hawaii Digital Signage Provider
skip (no true line): Leibowitz
skip (no true line): Private Sector SEO
skip (no true line): 服务于希望拓展北美市场推广的中小型企业及本地商家
skip (no true line): Forge standards.™ | Standard Forge
skip (no true line): Koality Web Solutions
skip (no true line): Acceleration
skip (no true line): Creative Technology Amplified
skip (no true line): Fervorfish
skip (no true line): WHERE YOUR MISSION BECOMES OUR MISSION.
skip (no true line): Trifide Labs
skip (no true line): Helium Services
skip (no true line): Adencys
skip (no true line): VP+C Partners
skip (no true line): Enfoglobe, LLC.
skip (no true line): Thewebbuildersllc
skip (no true line): Artisanagency
skip (no true line): 7starsolution
skip (no true line): Studio Two | Branding | Design | Web Development
skip (no true line): Probella
skip (no true line): Digital Destino
skip (no true line): Rural Rooster
skip (no true line): The Designs Empire
skip (no true line): Ribbitz
skip (no true line): RankMeTop
skip (no true line): Visionarywebcreators
skip (no true line): VIA
skip (no true line): Digital Marketing
skip (no true line): Rocket Town Media
skip (no true line): Jordan Advertising
skip (no true line): The Modern Brand
skip (no true line): Wolff Olins
skip (no true line): Riley Hayes
skip (no true line): Denver Advertising - Advertising Agency Denver Colorado
skip (no true line): Next Steps Marketing
skip (no true line): Gauger + Associates
skip (no true line): Knight Eady
skip (no true line): Melendez Video
skip (no true line): Interline Creative Group
skip (no true line): We Are White Hat
skip (no true line): MBM Marketing | SMART Branding
skip (no true line): Greenlight Marketing
skip (no true line): Emagine
skip (no true line): Jupiter SEO
skip (no true line): Buffalo NY
skip (no true line): North Charles
skip (no true line): Hills Marketing
skip (no true line): Wallrich Creative Communications
skip (no true line): Octodesign
skip (no true line): Catchstudio
skip (no true line): Exact Latitude
skip (no true line): Where the Gravy's made
skip (no true line): Hummingbird Productions
skip (no true line): Bigmediaagency
skip (no true line): Manifesto
skip (no true line): Brody Web Design
skip (no true line): Opusdesign
skip (no true line): Dart Tech
skip (no true line): Big Room Technologies
skip (no true line): Using Technology to Add Value to the World
skip (no true line): Rudkin Productions
skip (no true line): Human Impact Solutions
skip (no true line): Ad Lab Advertising
skip (no true line): The Adams Group
skip (no true line): Magnetik
skip (no true line): Quacito LLC
skip (no true line): Unified MMG
skip (no true line): Cookeville TN
skip (no true line): 37MMG
skip (no true line): Your Site Title
skip (no true line): Scout Branding
skip (no true line): Nordeast Marketing Group
skip (no true line): Steel Marketing New
skip (no true line): Top Rank Solutions
skip (no true line): Marketing Maven -
skip (no true line): Creating work that works.
skip (no true line): Servalit
skip (no true line): Accubits
skip (no true line): TechieMinions
skip (no true line): One Marketing Group New jersey
skip (no true line): Jimnio
skip (no true line): Mad 4 Marketing
skip (no true line): Based in Javea, Costa Blanca
skip (no true line): United Collab
skip (no true line): TheEvaSite (TES)
skip (no true line): Stratejus Inc.
skip (no true line): Neon Pig Creative
skip (no true line): Power Creative
skip (no true line): Blue State
skip (no true line): Custom Websites to Go
skip (no true line): UCME
skip (no true line): Zellus Digital Marketing
skip (no true line): Fargo, ND Charpentier Creative
skip (no true line): GRIT
skip (no true line): nostrum, inc.
skip (no true line): S.O. Creative
skip (no true line): SAESHE
skip (no true line): NICE + Company
skip (no true line): Saint Creative
skip (no true line): The Marketing Momma
skip (no true line): Paper Pennant Design
skip (no true line): The Barnett Company
skip (no true line): Brainchild Creative
skip (no true line): Z Studio Design
skip (no true line): Proximity Lab
skip (no true line): Peppercomm
skip (no true line): Cape Coral, Fort Myers and Naples
skip (no true line): Organ
skip (no true line): Daigle Creative
skip (no true line): Xposure - The Leader in Marketing ROI
skip (no true line): Eligence
skip (no true line): SEO Marketing & Social Media | Damonaz Design, LLC
skip (no true line): Pluto Pixels
skip (no true line): Hubcom Corp
skip (no true line): PPK
skip (no true line): Articus Ltd
skip (no true line): Piton Marketing
skip (no true line): Chhaymam
skip (no true line): The Gate London
skip (no true line): Ad Cetera, Inc
skip (no true line): Dnt Lab
skip (no true line): Strawman
skip (no true line): Strategy + Communications
skip (no true line): AdWise Group - Just another WordPress site
skip (no true line): WebNinjaz
skip (no true line): Evolve Design Group
skip (no true line): Norasack Designs
skip (no true line): Branch Creative Network
skip (no true line): Hundredacre
skip (no true line): Wordpack Media
skip (no true line): Dayton Ohio Local Digital Marketing Geeks | DaytonGeeks.com
skip (no true line): Pathos Ethos, Inc. |
skip (no true line): PDX SEO
6307 US rows held: no postal address in data/outreach-config.json (CAN-SPAM)
done, daily sent 0
skip (no true line): Let's Build Something Remarkable
skip (no true line): Get Found In Town
skip (no true line): Broadvisions - AI-Powered Solutions for a Smarter Future
skip (no true line): Anything Pixel
skip (no true line): InCon, LLC Marketing and Media
skip (no true line): Third Sun
skip (no true line): Neurometrics
skip (no true line): Geniqsoft
skip (no true line): Annodyne
skip (no true line): Blackburn Labs
skip (no true line): SEOSHOP
skip (no true line): Revel Advertising
skip (no true line): Digital Attic
skip (no true line): You Squared Media
skip (no true line): KRPR - PR & Marketing
skip (no true line): Downtown Barrington, IL
skip (no true line): Gimga Group | Small Team-Big Ideas
skip (no true line): Thirdwave, LLC
skip (no true line): Versant Solutions
skip (no true line): EHS Technologies |
skip (no true line): Digital Marketing & Business Solutions
skip (no true line): Infosafe
skip (no true line): Adventure Ad Agency
skip (no true line): Tank Marketing SEO And SEO Agency In Tempe Arizona
skip (no true line): Gmrwebteam
skip (no true line): Global IT Solutions Provider
skip (no true line): Metapixels Inc
skip (no true line): BlueCozmos
skip (no true line): Liaisondesigngroup
skip (no true line): The Whitaker Group
skip (no true line): Hawaii Digital Signage Provider
skip (no true line): Leibowitz
skip (no true line): Private Sector SEO
skip (no true line): 服务于希望拓展北美市场推广的中小型企业及本地商家
skip (no true line): Forge standards.™ | Standard Forge
skip (no true line): Koality Web Solutions
skip (no true line): Acceleration
skip (no true line): Creative Technology Amplified
skip (no true line): Fervorfish
skip (no true line): WHERE YOUR MISSION BECOMES OUR MISSION.
skip (no true line): Trifide Labs
skip (no true line): Helium Services
skip (no true line): Adencys
skip (no true line): VP+C Partners
skip (no true line): Enfoglobe, LLC.
skip (no true line): Thewebbuildersllc
skip (no true line): Artisanagency
skip (no true line): 7starsolution
skip (no true line): Studio Two | Branding | Design | Web Development
skip (no true line): Probella
skip (no true line): Digital Destino
skip (no true line): Rural Rooster
skip (no true line): The Designs Empire
skip (no true line): Ribbitz
skip (no true line): RankMeTop
skip (no true line): Visionarywebcreators
skip (no true line): VIA
skip (no true line): Digital Marketing
skip (no true line): Rocket Town Media
skip (no true line): Jordan Advertising
skip (no true line): The Modern Brand
skip (no true line): Wolff Olins
skip (no true line): Riley Hayes
skip (no true line): Denver Advertising - Advertising Agency Denver Colorado
skip (no true line): Next Steps Marketing
skip (no true line): Gauger + Associates
skip (no true line): Knight Eady
skip (no true line): Melendez Video
skip (no true line): Interline Creative Group
skip (no true line): We Are White Hat
skip (no true line): MBM Marketing | SMART Branding
skip (no true line): Greenlight Marketing
skip (no true line): Emagine
skip (no true line): Jupiter SEO
skip (no true line): Buffalo NY
skip (no true line): North Charles
skip (no true line): Hills Marketing
skip (no true line): Wallrich Creative Communications
skip (no true line): Octodesign
skip (no true line): Catchstudio
skip (no true line): Exact Latitude
skip (no true line): Where the Gravy's made
skip (no true line): Hummingbird Productions
skip (no true line): Bigmediaagency
skip (no true line): Manifesto
skip (no true line): Brody Web Design
skip (no true line): Opusdesign
skip (no true line): Dart Tech
skip (no true line): Big Room Technologies
skip (no true line): Using Technology to Add Value to the World
skip (no true line): Rudkin Productions
skip (no true line): Human Impact Solutions
skip (no true line): Ad Lab Advertising
skip (no true line): The Adams Group
skip (no true line): Magnetik
skip (no true line): Quacito LLC
skip (no true line): Unified MMG
skip (no true line): Cookeville TN
skip (no true line): 37MMG
skip (no true line): Your Site Title
skip (no true line): Scout Branding
skip (no true line): Nordeast Marketing Group
skip (no true line): Steel Marketing New
skip (no true line): Top Rank Solutions
skip (no true line): Marketing Maven -
skip (no true line): Creating work that works.
skip (no true line): Servalit
skip (no true line): Accubits
skip (no true line): TechieMinions
skip (no true line): One Marketing Group New jersey
skip (no true line): Jimnio
skip (no true line): Mad 4 Marketing
skip (no true line): Based in Javea, Costa Blanca
skip (no true line): United Collab
skip (no true line): TheEvaSite (TES)
skip (no true line): Stratejus Inc.
skip (no true line): Neon Pig Creative
skip (no true line): Power Creative
skip (no true line): Blue State
skip (no true line): Custom Websites to Go
skip (no true line): UCME
skip (no true line): Zellus Digital Marketing
skip (no true line): Fargo, ND Charpentier Creative
skip (no true line): GRIT
skip (no true line): nostrum, inc.
skip (no true line): S.O. Creative
skip (no true line): SAESHE
skip (no true line): NICE + Company
skip (no true line): Saint Creative
skip (no true line): The Marketing Momma
skip (no true line): Paper Pennant Design
skip (no true line): The Barnett Company
skip (no true line): Brainchild Creative
skip (no true line): Z Studio Design
skip (no true line): Proximity Lab
skip (no true line): Peppercomm
skip (no true line): Cape Coral, Fort Myers and Naples
skip (no true line): Organ
skip (no true line): Daigle Creative
skip (no true line): Xposure - The Leader in Marketing ROI
skip (no true line): Eligence
skip (no true line): SEO Marketing & Social Media | Damonaz Design, LLC
skip (no true line): Pluto Pixels
skip (no true line): Hubcom Corp
skip (no true line): PPK
skip (no true line): Articus Ltd
skip (no true line): Piton Marketing
skip (no true line): Chhaymam
skip (no true line): The Gate London
skip (no true line): Ad Cetera, Inc
skip (no true line): Dnt Lab
skip (no true line): Strawman
skip (no true line): Strategy + Communications
skip (no true line): AdWise Group - Just another WordPress site
skip (no true line): WebNinjaz
skip (no true line): Evolve Design Group
skip (no true line): Norasack Designs
skip (no true line): Branch Creative Network
skip (no true line): Hundredacre
skip (no true line): Wordpack Media
skip (no true line): Dayton Ohio Local Digital Marketing Geeks | DaytonGeeks.com
skip (no true line): Pathos Ethos, Inc. |
skip (no true line): PDX SEO
6305 US rows held: no postal address in data/outreach-config.json (CAN-SPAM)
done, daily sent 0
skip (no true line): Let's Build Something Remarkable
skip (no true line): Get Found In Town
skip (no true line): Broadvisions - AI-Powered Solutions for a Smarter Future
skip (no true line): Anything Pixel
skip (no true line): InCon, LLC Marketing and Media
skip (no true line): Third Sun
skip (no true line): Neurometrics
skip (no true line): Geniqsoft
skip (no true line): Annodyne
skip (no true line): Blackburn Labs
skip (no true line): SEOSHOP
skip (no true line): Revel Advertising
skip (no true line): Digital Attic
skip (no true line): You Squared Media
skip (no true line): KRPR - PR & Marketing
skip (no true line): Downtown Barrington, IL
skip (no true line): Gimga Group | Small Team-Big Ideas
skip (no true line): Affordable SEO | Web Design Development |
skip (no true line): Thirdwave, LLC
skip (no true line): Versant Solutions
skip (no true line): EHS Technologies |
skip (no true line): Digital Marketing & Business Solutions
skip (no true line): Infosafe
skip (no true line): Adventure Ad Agency
skip (no true line): Tank Marketing SEO And SEO Agency In Tempe Arizona
skip (no true line): Gmrwebteam
skip (no true line): Global IT Solutions Provider
skip (no true line): Metapixels Inc
skip (no true line): BlueCozmos
skip (no true line): Liaisondesigngroup
skip (no true line): The Whitaker Group
skip (no true line): Hawaii Digital Signage Provider
skip (no true line): Leibowitz
skip (no true line): Private Sector SEO
skip (no true line): 服务于希望拓展北美市场推广的中小型企业及本地商家
skip (no true line): Forge standards.™ | Standard Forge
skip (no true line): Koality Web Solutions
skip (no true line): Acceleration
skip (no true line): Creative Technology Amplified
skip (no true line): Fervorfish
skip (no true line): WHERE YOUR MISSION BECOMES OUR MISSION.
skip (no true line): Trifide Labs
skip (no true line): Helium Services
skip (no true line): Adencys
skip (no true line): VP+C Partners
skip (no true line): Enfoglobe, LLC.
skip (no true line): Thewebbuildersllc
skip (no true line): Artisanagency
skip (no true line): 7starsolution
skip (no true line): Studio Two | Branding | Design | Web Development
skip (no true line): Probella
skip (no true line): Digital Destino
skip (no true line): Rural Rooster
skip (no true line): The Designs Empire
skip (no true line): Ribbitz
skip (no true line): RankMeTop
skip (no true line): Visionarywebcreators
skip (no true line): VIA
skip (no true line): Digital Marketing
skip (no true line): Rocket Town Media
skip (no true line): Jordan Advertising
skip (no true line): The Modern Brand
skip (no true line): Wolff Olins
skip (no true line): Riley Hayes
skip (no true line): Denver Advertising - Advertising Agency Denver Colorado
skip (no true line): Next Steps Marketing
skip (no true line): Gauger + Associates
skip (no true line): Knight Eady
skip (no true line): Melendez Video
skip (no true line): Interline Creative Group
skip (no true line): We Are White Hat
skip (no true line): MBM Marketing | SMART Branding
skip (no true line): Greenlight Marketing
skip (no true line): Emagine
skip (no true line): Jupiter SEO
skip (no true line): Buffalo NY
skip (no true line): North Charles
skip (no true line): Hills Marketing
skip (no true line): Wallrich Creative Communications
skip (no true line): Octodesign
skip (no true line): Catchstudio
skip (no true line): Exact Latitude
skip (no true line): Where the Gravy's made
skip (no true line): Hummingbird Productions
skip (no true line): Bigmediaagency
skip (no true line): Manifesto
skip (no true line): Brody Web Design
skip (no true line): Opusdesign
skip (no true line): Dart Tech
skip (no true line): Big Room Technologies
skip (no true line): Using Technology to Add Value to the World
skip (no true line): Rudkin Productions
skip (no true line): Human Impact Solutions
skip (no true line): Ad Lab Advertising
skip (no true line): The Adams Group
skip (no true line): Magnetik
skip (no true line): Quacito LLC
skip (no true line): Unified MMG
skip (no true line): Cookeville TN
skip (no true line): 37MMG
skip (no true line): Your Site Title
skip (no true line): Scout Branding
skip (no true line): Nordeast Marketing Group
skip (no true line): Steel Marketing New
skip (no true line): Top Rank Solutions
skip (no true line): Marketing Maven -
skip (no true line): Creating work that works.
skip (no true line): Servalit
skip (no true line): Accubits
skip (no true line): TechieMinions
skip (no true line): One Marketing Group New jersey
skip (no true line): Jimnio
skip (no true line): Mad 4 Marketing
skip (no true line): Based in Javea, Costa Blanca
skip (no true line): United Collab
skip (no true line): TheEvaSite (TES)
skip (no true line): Stratejus Inc.
skip (no true line): Neon Pig Creative
skip (no true line): Power Creative
skip (no true line): Blue State
skip (no true line): Custom Websites to Go
skip (no true line): UCME
skip (no true line): Zellus Digital Marketing
skip (no true line): Fargo, ND Charpentier Creative
skip (no true line): GRIT
skip (no true line): nostrum, inc.
skip (no true line): S.O. Creative
skip (no true line): SAESHE
skip (no true line): NICE + Company
skip (no true line): Saint Creative
skip (no true line): The Marketing Momma
skip (no true line): Paper Pennant Design
skip (no true line): The Barnett Company
skip (no true line): Brainchild Creative
skip (no true line): Z Studio Design
skip (no true line): Proximity Lab
skip (no true line): Peppercomm
skip (no true line): Cape Coral, Fort Myers and Naples
skip (no true line): Organ
skip (no true line): Daigle Creative
skip (no true line): Xposure - The Leader in Marketing ROI
skip (no true line): Eligence
skip (no true line): SEO Marketing & Social Media | Damonaz Design, LLC
skip (no true line): Pluto Pixels
skip (no true line): Hubcom Corp
skip (no true line): PPK
skip (no true line): Articus Ltd
skip (no true line): Piton Marketing
skip (no true line): Chhaymam
skip (no true line): The Gate London
skip (no true line): Ad Cetera, Inc
skip (no true line): Dnt Lab
skip (no true line): Strawman
skip (no true line): Strategy + Communications
skip (no true line): AdWise Group - Just another WordPress site
skip (no true line): WebNinjaz
skip (no true line): Evolve Design Group
skip (no true line): Norasack Designs
skip (no true line): Branch Creative Network
skip (no true line): Hundredacre
skip (no true line): Wordpack Media
skip (no true line): Dayton Ohio Local Digital Marketing Geeks | DaytonGeeks.com
skip (no true line): Pathos Ethos, Inc. |
skip (no true line): PDX SEO
6307 US rows held: no postal address in data/outreach-config.json (CAN-SPAM)
done, daily sent 0
