daily 1: Websitedesignagency <info@websitedesignagency.ie> ref=out-websitedesignagency id=01a0cd62-de42-73f8-9fb6-06c2098a962f
daily 2: noise <newbusiness@noiseagency.ie> ref=out-noise id=01a0cd64-b685-77f3-906a-7340e6f902c7
daily 3: Moji <info@moji.ie> ref=out-moji id=01a0cd66-8f56-7458-971d-8a94dd0f7c83
daily 4: RankRocket <info@rankrocket.ie> ref=out-rankrocket-2 id=01a0cd68-6a20-76b7-9495-2c8d54b0b2c8
daily 5: OWI Web Development <info@owi.ie> ref=out-owi-web-development id=01a0cd6a-46a4-70e8-afde-5054dd4d9272
daily 6: CK Website Design <info@ckwebsitedesign.ie> ref=out-ck-website-design id=01a0cd6c-1f2c-7419-8712-fdba62559ba6
daily 7: Nexora Digital <hello@nexora.ie> ref=out-nexora-digital id=01a0cd6d-f7cb-76ed-84c9-a21f8d6cb017
daily 8: The Digital Department <info@thedigitaldepartment.ie> ref=out-the-digital-department id=01a0cd6f-d049-7232-9df7-fefe0a41e772
daily 9: Webie <info@webie.ie> ref=out-webie id=01a0cd71-a92b-71fc-9367-5f934da3d98d
daily 10: Passionate Agency <hello@passionates.com> ref=out-passionate-agency id=01a0cd73-81ef-7592-b071-1c4656527e11
daily 11: Web Design Ireland Martec Galway Ireland <sales@martec.ie> ref=out-web-design-ireland-martec-galway-ireland id=01a0cd75-5ac4-71ab-ad57-ae0f69041189
daily 12: Anchor Web Digital <hello@anchorwebdigital.ie> ref=out-anchor-web-digital id=01a0cd77-32d0-7629-9834-6445718a8508
daily 13: NexusCloud <contact@nexuscloud.ie> ref=out-nexuscloud id=01a0cd79-0b1b-737c-8a9f-0d4da5731c97
daily 14: Business Websites Ireland <info@businesswebsites.ie> ref=out-business-websites-ireland id=01a0cd7a-e4d7-755e-ba6e-3f549efa8d67
daily 15: Seichō <studio@seicho.ie> ref=out-seich id=01a0cd7c-bd05-768e-9809-5e7dbbf87b71
done, daily sent 15
daily 1: Eflow Solutions <liam@eflowsolutions.ie> ref=out-eflow-solutions id=01a0d289-3bc0-739a-b7ac-d360d49f11a6
daily 2: Flo Web Design - <hello@flowebdesign.ie> ref=out-flo-web-design id=01a0d28b-1416-713b-bfa5-b7e04fccbdf8
daily 3: Ireland Website Design <info@irelandwebsitedesign.com> ref=out-ireland-website-design id=01a0d28c-ecd6-709f-ba41-47ef8064cc85
daily 4: Dublin, London & Berlin <sales@kooba.ie> ref=out-dublin-london-berlin id=01a0d28e-c707-76ca-8c92-5442b022ba6c
daily 5: MeridianWeb <hello@meridianweb.co.uk> ref=out-meridianweb id=01a0d290-a0b3-707d-a612-a18146a3ee64
daily 6: Fiksie <business@fiksie.com> ref=out-fiksie id=01a0d292-7987-728d-a26a-a6dfb7b2754f
daily 7: Excel Web Design <info@excelwebdesign.ie> ref=out-excel-web-design id=01a0d294-525d-7491-8956-4a8fe3cf8dcc
daily 8: Managed Spaces.net <hello@managedspaces.net> ref=out-managed-spaces-net id=01a0d296-2ab6-735d-9928-4796d3181e10
daily 9: FIREWEB <info@fireweb.ie> ref=out-fireweb id=01a0d298-0368-773d-8733-ac632b5816a0
daily 10: Baldwin Digital <info@baldwindigital.ie> ref=out-baldwin-digital id=01a0d299-dc75-70dc-a230-b0dc7cc1a37a
daily 11: Designworx <info@designworx.ie> ref=out-designworx id=01a0d29b-b4e1-768f-90b3-4fab9b36f05d
daily 12: Brainstorm <info@brainstorm.ie> ref=out-brainstorm id=01a0d29d-8da5-75de-b95d-56aad7c4a5c9
daily 13: InHouse Digital <info@inhousedigital.ie> ref=out-inhouse-digital-2 id=01a0d29f-6621-763e-a7bd-c5d76617ff68
daily 14: Amy Mc Design <hello@amymcdesign.ie> ref=out-amy-mc-design id=01a0d2a1-3e4f-7794-83ea-d35f7bd36291
daily 15: Passion for Creative <info@passionforcreative.com> ref=out-passion-for-creative-2 id=01a0d2a3-16ba-749a-b5a0-79c34a6167cc
done, daily sent 15
daily 1: Advanced Solutions <info@advancedsolutions.ie> ref=out-advanced-solutions id=01a0d7af-9836-70e8-83ba-665c5de1fdfe
daily 2: Website Design Cork <info@grangewebdesign.com> ref=out-website-design-cork id=01a0d7b1-706b-75e3-8c01-6062b1aad337
daily 3: Web Designers Ireland | Grogan & Corroe <hello@pages.ie> ref=out-web-designers-ireland-grogan-corroe id=01a0d7b3-48f2-7e86-b1a8-c0fa012efae3
daily 4: Márla Communications <info@marla.ie> ref=out-m-rla-communications id=01a0d7b5-239a-7198-8fba-6f9c602b8d17
daily 5: Northside Digital <hello@northsidedigital.ie> ref=out-northside-digital id=01a0d7b6-fe68-705d-b014-39d6b7d962a6
daily 6: Designlocker <info@designlocker.ie> ref=out-designlocker id=01a0d7b8-d6e8-7c8c-8225-0d219ed4f840
daily 7: go2web <info@go2web.ie> ref=out-go2web id=01a0d7ba-b06b-75d0-a503-0883c41e495f
daily 8: hakkoma.com <info@hakkoma.com> ref=out-hakkoma-com id=01a0d7bc-8927-7848-8dfe-94b603af7ab8
daily 9: Black Pug Studio <contact@blackpugstudio.com> ref=out-black-pug-studio id=01a0d7be-62ec-702d-9303-4db9b48e100f
daily 10: Bazinga Media <info@bazinga.ie> ref=out-bazinga-media id=01a0d7c0-3c88-704a-8dc7-212f21b26dda
daily 11: Premium Web Design <contact@premiumwebdesign.ie> ref=out-premium-web-design id=01a0d7c2-1507-74ea-886e-8c0670dde9fc
daily 12: Blackwater Digital Marketing <info@bwdigitalmarketing.ie> ref=out-blackwater-digital-marketing id=01a0d7c3-ee85-74a3-9fae-89be9a8b8421
daily 13: Digitaledge <info@digitaledge.ie> ref=out-digitaledge id=01a0d7c5-c709-711e-a237-56c673c94564
daily 14: Armour by Granite <hello@armour.ie> ref=out-armour-by-granite id=01a0d7c7-a031-73ab-a3bb-d506e9e178c7
daily 15: Irish Web Studios <sales@irishwebstudios.ie> ref=out-irish-web-studios id=01a0d7c9-78ee-7dff-ac3b-339c220683d9
done, daily sent 15
skip (no MX): Website Design Limerick hello@websitedesignlimerick.ie
daily 1: Red Stag Studio <hello@redstagstudio.ie> ref=out-red-stag-studio id=01a0dcd5-f105-765b-aabd-41489490162f
daily 2: Big Dog Digital <info@bigdog.ie> ref=out-big-dog-digital id=01a0dcd7-ca1f-72df-9a30-6a2852b63213
daily 3: Webmakers <hello@webmakers.ie> ref=out-webmakers id=01a0dcd9-a30d-720c-b976-34d98b260269
daily 4: Digimark.ie <paul@digimark.ie> ref=out-digimark-ie id=01a0dcdb-7e26-71a6-907f-729c7830877a
daily 5: Web Design Cork <arthur@webdesigncork.ie> ref=out-web-design-cork id=01a0dcdd-57c6-715a-93fd-8802d20c6c3e
daily 6: Simpl by Rob&Paul <hello@simpl.ie> ref=out-simpl-by-rob-paul id=01a0dcdf-2fd8-74e8-883a-39d2d722e731
daily 7: Shuppa <info@shuppa.eu> ref=out-shuppa id=01a0dce1-09f4-746c-94ab-fab4946ad2e3
daily 8: Meath Web Design <cillian@meathwebdesign.ie> ref=out-meath-web-design id=01a0dce2-e2fd-739f-80cc-b1dbd8ada9f3
daily 9: Design Wave <hello@designwave.ie> ref=out-design-wave id=01a0dce4-bbfb-774c-abd7-8b8730d246b0
daily 10: A five-star salon experience. <info@cyrilmorgan.ie> ref=out-a-five-star-salon-experience id=01a0dce6-962c-76e5-afe9-5a9d9ed86fdd
daily 11: Gpwebdesign <diarmuid@gpwebdesign.ie> ref=out-gpwebdesign id=01a0dce8-6e8a-71dd-9277-177253f46acb
daily 12: Websites that work as hard as you do <tommy@designmywebsite.ie> ref=out-websites-that-work-as-hard-as-you-do id=01a0dcea-46b7-7338-9ed0-3ed953dedef0
daily 13: Axial Design <paddy@axialdesign.ie> ref=out-axial-design id=01a0dcec-1ef9-75ff-b5a7-358bf00820e4
daily 14: Craig Murray <craig@craigmurray.ie> ref=out-craig-murray id=01a0dced-f743-716d-9d60-194c3725e3f1
daily 15: WebFluence Digital <dusan.walla@webfluence.digital> ref=out-webfluence-digital id=01a0dcef-d015-733c-86db-697fcf42ae90
done, daily sent 15
skip (no MX): Website Design Limerick hello@websitedesignlimerick.ie
daily 1: SEO & GEO Experts <info@webconsulting.ie> ref=out-seo-geo-experts id=01a0e1fc-4e4d-744e-aa51-2fa92daf9423
daily 2: MiniReview <contact@minireview.io> ref=out-minireview id=01a0e1fe-270a-7218-ae0a-e15df4e981d0
daily 3: Hashtag Web & Digital Agency <info@hashtag.ie> ref=out-hashtag-web-digital-agency id=01a0e1ff-ff7d-7520-81ee-ddeda3a71bc6
daily 4: Vine Digital <hello@vinedigital.ie> ref=out-vine-digital id=01a0e201-d887-750a-9104-4fb4f0739873
daily 5: New World Digital <info@newworlddigital.ie> ref=out-new-world-digital id=01a0e203-b13a-705f-a20f-0503022b72d6
daily 6: Wellmarkit <hello@wellmarkit.com> ref=out-wellmarkit id=01a0e205-8980-77bd-bb95-f97e61ef96ab
daily 7: The Lemonade Stand <hello@thelemonadestand.ie> ref=out-the-lemonade-stand id=01a0e207-61bc-71c5-881c-fbdbe95bfdf7
daily 8: AllWeb <info@allweb.ie> ref=out-allweb id=01a0e209-3a5b-74dc-9388-1cd54407bd79
daily 9: Web Design Ireland | Cherry Bird Agency <hello@cherrybirdagency.ie> ref=out-web-design-ireland-cherry-bird-agency id=01a0e20b-1308-739a-a965-8d394fb3e049
daily 10: Digital Bridge <info@digitalbridge.ie> ref=out-digital-bridge-2 id=01a0e20c-ec07-719c-8d46-28f62496e6e0
daily 11: AFD Electrical <office@afdelectrical.ie> ref=out-afd-electrical id=01a0e20e-c421-717c-a99c-a675a7b8816c
daily 12: MTMN Digital <hello@mtmn.ie> ref=out-mtmn-digital id=01a0e210-9c66-727b-8184-64d70438cb8f
daily 13: Compassdigital <hello@compassdigital.ie> ref=out-compassdigital id=01a0e212-74e5-712a-892a-984fbf887462
daily 14: Blink Design <sales@blinkdesign.ie> ref=out-blink-design id=01a0e214-4d0f-73ca-85f0-4fc7cc5ee327
daily 15: Clickpeak Digital <info@clickpeakdigital.ie> ref=out-clickpeak-digital id=01a0e216-2518-76be-8a4b-bd00b0dc5bec
done, daily sent 15
skip (no MX): Website Design Limerick hello@websitedesignlimerick.ie
daily 1: ITM Digital <info@itmdigital.ie> ref=out-itm-digital id=01a0e722-a733-72fa-8691-e987698353c6
daily 2: Craft Digital <info@craftdigital.ie> ref=out-craft-digital id=01a0e724-7ff8-7343-9045-577ae4dd00ec
daily 3: Church Websites <info@churchwebsites.ie> ref=out-church-websites id=01a0e726-5855-76ba-a7ca-c3fbff75fc4a
daily 4: Design Web Studio <hello@designwebstudio.ie> ref=out-design-web-studio id=01a0e728-30bb-74ac-b25f-9c4696b9fd6d
daily 5: Kickstart Web Design - WordPress & Shopify Web Design <info@kickstartwebdesign.ie> ref=out-kickstart-web-design-wordpress-shopify-w id=01a0e72a-08e4-73dd-8cce-984b46bc8f66
daily 6: Cork Web Design <info@kevincostello.ie> ref=out-cork-web-design id=01a0e72b-e145-79bf-b263-69793c6b11a1
daily 7: JO Consultancy <info@joconsultancy.ie> ref=out-jo-consultancy id=01a0e72d-b962-74bb-9ca2-366c671c838e
daily 8: Upper Case <info@uppercase.ie> ref=out-upper-case id=01a0e72f-9208-75cd-aaf4-779fa9b418ed
daily 9: Media Life <info@medialife.ie> ref=out-media-life id=01a0e731-6b01-74fe-833b-4df0f7d6f94f
daily 10: Cpl Healthcare <info@cplhealthcare.com> ref=out-cpl-healthcare id=01a0e733-43a9-728d-9165-f5600b1f8e40
daily 11: Whizz.ie <hello@whizz.ie> ref=out-whizz-ie id=01a0e735-1bc8-72ee-b7e5-efab687e3999
daily 12: Odd Limerick <hello@oddlk.com> ref=out-odd-limerick id=01a0e736-f403-737a-b62d-23b25153953e
daily 13: MBC Financial <info@mbcfinancial.ie> ref=out-mbc-financial id=01a0e738-cc56-703c-b04e-b14511fc81f9
daily 14: Peter Duggan <info@peterduggan.com> ref=out-peter-duggan id=01a0e73a-a555-7241-a6dd-17e25cd7d7e2
daily 15: Niall Digital <info@nialldigital.com> ref=out-niall-digital id=01a0e73c-7d8a-7b4a-a46c-667a2df23f49
done, daily sent 15
