sent 1: Zdobywcy Sieci <info@zdobywcysieci.pl> id=01a0bfe3-b5c6-7599-b42f-0a04cf247d35
sent 2: Broker Media <biuro@brokermedia.pl> id=01a0bfe5-8b96-75b6-ae5a-f770d76d2aff
sent 3: PP Design Studio <biuro@ppdesignstudio.pl> id=01a0bfe7-61d0-700a-97dc-a59285b0fdc2
sent 4: JCD.pl <biuro@jcd.pl> id=01a0bfe9-3891-72cb-813a-e1998fa94ca7
sent 5: WebPanda <kontakt@webpanda.pl> id=01a0bfeb-0ee7-756c-9b4b-9530f0b6ec70
sent 6: The New Look <studio@thenewlook.pl> id=01a0bfec-e4df-73c4-aee3-c4ef0e8b1689
sent 7: ProWP <kontakt@prowp.pl> id=01a0bfee-baa4-718b-88e1-5333c3bd54d1
sent 8: Ajmer <biuro@ajmer.pl> id=01a0bff0-92f0-75b1-b1af-2ec730b46828
sent 9: Hallwil <hello@hallwil.com> id=01a0bff2-68ec-70f2-b5c2-b9020bbd6952
sent 10: Charle <hello@charle.co.uk> id=01a0bff4-3edb-707f-9f34-7036cef4a8f9
sent 11: MadeByShape <hello@madebyshape.co.uk> id=01a0bff6-14c5-74aa-bcfb-5411dc21dc65
sent 12: Pixel Kicks <hello@pixelkicks.co.uk> id=01a0bff7-eaf6-74e6-9768-34c6e4165e1a
sent 13: Create8 <hello@create8.co.uk> id=01a0bff9-c0fc-702b-b7e1-4dda21138a2b
sent 14: Flex Commerce <hello@flexcommerce.co.uk> id=01a0bffb-96e8-751a-b17a-88142ead46d4
sent 15: Stepholt <hello@stepholt.com> id=01a0bffd-6cd6-71bc-8664-6b9e4b14311f
sent 16: Weblogic <info@weblogic.ie> id=01a0bfff-42db-772d-9fe3-acd6ed477d2d
sent 17: Visible <sites@visible.ie> id=01a0c001-1a13-722e-8a6a-96aaf586d7c5
sent 18: Nineline Digital <info@ninelinedigital.ie> id=01a0c002-f01b-7279-9e6e-abd1acf91da8
sent 19: Chris Flynn Design <chris@chrisflynndesign.com> id=01a0c004-c5e8-70b4-bc18-1663d8995ab8
sent 20: Eclipso Studio <office@eclipso.studio> id=01a0c006-9b9e-778d-b7dc-9d87e45325c4
sent 21: Flowtrix <hello@flowtrix.co> id=01a0c008-71a1-77bf-afa7-acda16630408
sent 22: Blocks & Colors <hi@blocksandcolors.de> id=01a0c00a-4783-70ea-bc08-58838d3aa25a
sent 23: The Weather <hello@theweather.agency> id=01a0c00c-1d5f-7289-9709-5e5bf11fcdd4
sent 24: Wezz e-Commerce <info@wezz.nl> id=01a0c00d-f377-7280-a229-fe0046c345a7
sent 25: Wedigify <info@wedigify.nl> id=01a0c00f-c949-765c-aa79-354b958e1210
sent 26: Shopcommerce <info@shopcommerce.nl> id=01a0c011-9f2a-72bd-8af6-713ce33cf9dd
sent 27: AGMA Studio <info@agmastudio.com> id=01a0c013-7545-7244-963c-fb8abec853d0
sent 28: Mooshfy <hello@mooshfy.com> id=01a0c015-4b28-7109-80e8-3f12c7d8984d
sent 29: Sweans <ajay@sweans.com> id=01a0c017-2130-720e-a677-30b1b3082ef5
sent 30: Brandability <dublin@brandabilityagency.com> id=01a0c018-f704-7399-9e93-b0786e57dc88
sent 31: UPQODE <projects@upqode.com> id=01a0c01a-cd72-7524-a438-472cf22300d0
sent 32: Austin Web Design <info@austinwebdesign.com> id=01a0c01c-a3e2-7063-8040-bc7704199049
