done, followup sent 0
done, followup sent 0
done, followup sent 0
done, followup sent 0
done, followup sent 0
done, followup sent 0
done, followup sent 0
done, followup sent 0
followup 1: Softsite <contact@softsite.ro> ref=out-softsite id=01a0e345-e524-7011-b8c6-52a7f3b126a2
followup 2: WOLFPACK DIGITAL <contact@wolfpack-digital.com> ref=out-wolfpack-digital id=01a0e347-bb2b-7665-b2ff-5029c8f34e7f
followup 3: Osom Studio <office@osomstudio.com> ref=out-osom-studio id=01a0e349-9101-7151-8e55-22091ebd8817
followup 4: Brandweb <office@brandweb.ro> ref=out-brandweb id=01a0e34b-6958-7288-bc57-ea624a077c33
followup 5: Grapefruit <office@grapefruit.ro> ref=out-grapefruit id=01a0e34d-3f54-71f3-b933-b8c46a4c6f6e
followup 6: Brand Active <info@brandactive.pl> ref=out-brand-active id=01a0e34f-1665-723b-9c76-5d9bcae522d9
followup 7: Zdobywcy Sieci <info@zdobywcysieci.pl> ref=out-zdobywcy-sieci id=01a0e350-edb5-765b-877c-0936e7e7a976
followup 8: Broker Media <biuro@brokermedia.pl> ref=out-broker-media id=01a0e352-c3c8-71f9-8bf4-2781c34a5129
followup 9: PP Design Studio <biuro@ppdesignstudio.pl> ref=out-pp-design-studio id=01a0e354-99b3-735f-ba4f-7c620ed645f1
followup 10: JCD.pl <biuro@jcd.pl> ref=out-jcd-pl id=01a0e356-6fb4-7611-bc7c-f8c234e590ba
followup 11: WebPanda <kontakt@webpanda.pl> ref=out-webpanda id=01a0e358-458f-7689-b157-ecab2eba15c6
followup 12: The New Look <studio@thenewlook.pl> ref=out-the-new-look id=01a0e35a-1b73-7229-92d4-46b1240df04b
followup 13: ProWP <kontakt@prowp.pl> ref=out-prowp id=01a0e35b-f183-776c-95cd-ecadd2b865a2
followup 14: Ajmer <biuro@ajmer.pl> ref=out-ajmer id=01a0e35d-c7c4-71fa-acd6-b9563f286131
followup 15: Hallwil <hello@hallwil.com> ref=out-hallwil id=01a0e35f-9f77-7718-add6-693d7d952194
followup 16: MadeByShape <hello@madebyshape.co.uk> ref=out-madebyshape id=01a0e361-7620-712c-92bd-5a3502eb066e
followup 17: Pixel Kicks <hello@pixelkicks.co.uk> ref=out-pixel-kicks id=01a0e363-4c5a-7689-9539-ffdc0f4c6730
followup 18: Flex Commerce <hello@flexcommerce.co.uk> ref=out-flex-commerce id=01a0e365-235b-70df-9723-a3a32923856a
followup 19: Stepholt <hello@stepholt.com> ref=out-stepholt id=01a0e366-f98f-739c-a543-40c1656fcb8a
followup 20: Weblogic <info@weblogic.ie> ref=out-weblogic id=01a0e368-cfb2-77cd-bdd9-3244900156b3
followup 21: Visible <sites@visible.ie> ref=out-visible id=01a0e36a-a587-761e-a2fc-d5c083774477
followup 22: Nineline Digital <info@ninelinedigital.ie> ref=out-nineline-digital id=01a0e36c-7b88-73cf-bd27-a15cedce4914
followup 23: Chris Flynn Design <chris@chrisflynndesign.com> ref=out-chris-flynn-design id=01a0e36e-516c-705b-99bd-8e6cc096c71f
followup 24: Eclipso Studio <office@eclipso.studio> ref=out-eclipso-studio id=01a0e370-279a-7699-95d1-c28009fdb374
followup 25: Flowtrix <hello@flowtrix.co> ref=out-flowtrix id=01a0e371-fd83-7369-9a2d-3bbda6bf3954
followup 26: Blocks & Colors <hi@blocksandcolors.de> ref=out-blocks-colors id=01a0e373-d399-70e8-8b73-bc71ec259665
followup 27: The Weather <hello@theweather.agency> ref=out-the-weather id=01a0e375-a987-7701-8327-e177bab6bd1e
followup 28: Wezz e-Commerce <info@wezz.nl> ref=out-wezz-e-commerce id=01a0e377-7f9a-74ec-b597-40e40bab0081
followup 29: Wedigify <info@wedigify.nl> ref=out-wedigify id=01a0e379-571d-7775-b194-d7234490b326
followup 30: Shopcommerce <info@shopcommerce.nl> ref=out-shopcommerce id=01a0e37b-2d30-7329-945b-ddcc756b2e39
followup 31: AGMA Studio <info@agmastudio.com> ref=out-agma-studio id=01a0e37d-033d-7078-929b-fd9383e937b5
followup 32: Sweans <ajay@sweans.com> ref=out-sweans id=01a0e37e-d965-700b-9461-5ae7d9552d99
followup 33: Brandability <dublin@brandabilityagency.com> ref=out-brandability id=01a0e380-af5b-7398-ad38-cab25f7c0d76
followup 34: UPQODE <projects@upqode.com> ref=out-upqode id=01a0e382-864d-76b8-9de9-8b2c5d3d3a89
followup 35: Austin Web Design <info@austinwebdesign.com> ref=out-austin-web-design id=01a0e384-5c11-7647-8d0b-d95a3cf7993d
done, followup sent 35
followup 1: Make My Website <info@makemywebsite.com.au> ref=out-make-my-website id=01a0e386-38b5-73f9-9f1a-a566f36d680c
followup 2: PSM Digital Agency Australia <admin@psmdigitalagency.com.au> ref=out-psm-digital-agency-australia id=01a0e388-10c8-7339-a915-4114b884ec93
followup 3: Keen To Design <info@keentodesign.com.au> ref=out-keen-to-design id=01a0e389-e8a1-71ba-9f20-8a1d72933475
followup 4: Digital Marketing | Ecommerce | Digital Technology <hello@dqaustralia.com> ref=out-digital-marketing-ecommerce-digital-tech id=01a0e38b-c453-768f-b254-20be1516e6da
followup 5: Traffic Radius <hello@trafficradius.com.au> ref=out-traffic-radius id=01a0e38d-9d8f-73cc-86cd-220b2adec890
followup 6: Zeta IO Pty Ltd <info@zetaio.com.au> ref=out-zeta-io-pty-ltd id=01a0e38f-7545-75cc-bbd4-f21cac01c43f
followup 7: Savvy Brains <sales@savvybrains.com.au> ref=out-savvy-brains id=01a0e391-4d10-73db-9a0a-6b331dcc17ab
followup 8: Eirmon Solutions <info@eirmonsolutions.com.au> ref=out-eirmon-solutions id=01a0e393-2588-77b1-aa3a-b596be9d44d7
followup 9: Elephant in the Boardroom <team@elephantintheboardroom.com.au> ref=out-elephant-in-the-boardroom id=01a0e394-ff09-746a-9148-728c5a462f79
followup 10: HITORI - Web, Cloud & Mobile Solutions <hello@hitori-inc.com> ref=out-hitori-web-cloud-mobile-solutions id=01a0e396-d6f4-7581-bbb8-da085bf988ad
followup 11: Sentia Australia <contact@sentia.com.au> ref=out-sentia-australia id=01a0e398-aece-763c-8944-36c4bb7319d8
followup 12: Xugar - Digital Marketing Agency <hello@xugar.com.au> ref=out-xugar-digital-marketing-agency id=01a0e39a-86b9-7179-bbd0-edf3c578c9c1
followup 13: Dev House Australia <hello@devhouseaustralia.com.au> ref=out-dev-house-australia id=01a0e39c-5eed-76ac-916c-b1faa62044d8
followup 14: WebAlive <info@webalive.com.au> ref=out-webalive id=01a0e39e-3b4d-77cd-ad37-716bb56bca9a
followup 15: Melbourne Web Digital - Digital Marketing Agency <enquiries@melbournewebdigital.com.au> ref=out-melbourne-web-digital-digital-marketing- id=01a0e3a0-13b0-7459-81a5-5aaa4bf29193
followup 16: NetFast Technologies <info@netfasttech.com> ref=out-netfast-technologies id=01a0e3a1-ebc8-75ea-b493-08d9a40a1e98
followup 17: Social Hippos <hi@socialhippos.com> ref=out-social-hippos id=01a0e3a3-c449-74e8-9f0f-97035c9e8d3a
followup 18: Alinga <sales@alinga.com.au> ref=out-alinga id=01a0e3a5-9d03-758f-b808-d4c545cdd43c
followup 19: AIA <info@aiad.com.au> ref=out-aia id=01a0e3a7-7528-75f9-8256-91bec539143e
followup 20: Studio Slate <hello@studioslate.com.au> ref=out-studio-slate id=01a0e3a9-5111-7692-b5ea-58265f0d66c8
followup 21: Scaleup Consulting <hello@scaleupconsulting.com.au> ref=out-scaleup-consulting id=01a0e3ab-29de-7324-9645-18ffdc81130d
followup 22: Cryptical Web Studio <hello@crypticalwebstudio.com.au> ref=out-cryptical-web-studio id=01a0e3ad-037f-7368-83f4-48f844979091
done, followup sent 22
followup 1: Swanky <humans@swankyagency.com> ref=out-swanky id=01a0e3b2-22df-711f-a6b5-f95e69ff4d06
followup 2: flux.agency <hello@flux.agency> ref=out-flux-agency id=01a0e3b3-f8bc-71de-bd63-cb9ad3f405de
followup 3: Prosper Digital <hi@prosperdigital.com.au> ref=out-prosper-digital id=01a0e3b5-ce9b-7459-8de7-2eeb322fed93
followup 4: Convert Digital <enquiries@convertdigital.com.au> ref=out-convert-digital id=01a0e3b7-a5e8-7245-9a6a-19166565e132
followup 5: White Peak Digital <contact@whitepeakdigital.com> ref=out-white-peak-digital id=01a0e3b9-7bda-718f-b589-5226bdf59400
followup 6: iSonic <hello@isonic.com.au> ref=out-isonic id=01a0e3bb-51b1-7457-a171-4731ac8839b2
followup 7: BFJ Digital <hello@bfj.com.au> ref=out-bfj-digital id=01a0e3bd-27ca-77dc-8835-7d0badb93f17
followup 8: Digital Forest <contact@digitalforest.com.au> ref=out-digital-forest id=01a0e3be-fda0-74fc-8b15-8a6af1dc6fd8
followup 9: Raw.Studio <hi@raw.studio> ref=out-raw-studio id=01a0e3c0-d478-773f-ba53-cc5b444c194e
followup 10: Q Agency <info@qagency.com.au> ref=out-q-agency id=01a0e3c2-aab5-7596-a43d-79edf8b3bc41
followup 11: Digital Outlook <info@digitaloutlook.com.au> ref=out-digital-outlook id=01a0e3c4-80a7-728c-a344-9793fe8963b6
followup 12: OSE <hello@ose.com.au> ref=out-ose id=01a0e3c6-5659-74d8-a3b2-a11ca029f5ba
followup 13: Alltechzone <web@alltechzone.au> ref=out-alltechzone id=01a0e3c8-2c7a-72c0-beff-c18e0cffa98a
followup 14: ThemePress <info@themepress.com.au> ref=out-themepress id=01a0e3ca-0276-74bf-9d85-8016b9aa99c5
followup 15: Speedy Systems <schedule@speedysystems.com.au> ref=out-speedy-systems id=01a0e3cb-d892-7205-b919-f0fdbc5eb21f
followup 16: HeyTradie <ron@heytradie.com.au> ref=out-heytradie id=01a0e3cd-ae92-74a8-91e1-e57722129deb
followup 17: MyTradieSite <info@mytradiesite.com.au> ref=out-mytradiesite id=01a0e3cf-846f-7168-8e41-ee758bcfb2f4
followup 18: Total Medical Design <info@totalmedicaldesign.com.au> ref=out-total-medical-design id=01a0e3d1-5a90-71f1-badf-06ed23e26722
followup 19: AEK Media <hello@aekmedia.com.au> ref=out-aek-media id=01a0e3d3-307e-74cb-8014-89d594f0c9fe
followup 20: Practice Boost <info@practiceboost.com.au> ref=out-practice-boost id=01a0e3d5-066e-736f-b554-90ce15523131
followup 21: 360 Dental Websites <info@360dentalmarketing.com.au> ref=out-360-dental-websites id=01a0e3d6-dc7b-773f-aba7-8dd15ccdc045
followup 22: Clickbiz Dental Marketing <info@clickbiz.com.au> ref=out-clickbiz-dental-marketing id=01a0e3d8-b273-71ae-8835-f7d4e91f3afd
followup 23: JR Marketing Group <info@jrmg.com.au> ref=out-jr-marketing-group id=01a0e3da-8858-7103-bfea-09c342dc65bb
followup 24: JH Web Designs <info@jhwebdesigns.com.au> ref=out-jh-web-designs id=01a0e3dc-5e4e-71a9-9741-414e9ed3632e
followup 25: Studio 88 Web Design <info@studio88web.com.au> ref=out-studio-88-web-design id=01a0e3de-34e6-7473-babf-b1ffe34fdad7
followup 26: Samantha Jane Studio <hello@samanthajane.au> ref=out-samantha-jane-studio id=01a0e3e0-0aba-759e-aca7-1c2d7e837b48
done, followup sent 26
