pending applications: 1
approve  Red-F Studios                    redfstudios.services@gmail.com     remote                 | live site, own-domain address
   -> {'ok': True, 'emailed': True, 'provider': {'id': '69b86fd1-8988-40a3-8dfc-71b8c12136e6', 'name': 'Red-F Studios', 'application_status': 'approved', 'active': True}}
done: 1 reviewed, 0 held for the owner
pending applications: 0
done: 0 reviewed, 0 held for the owner
pending applications: 0
done: 0 reviewed, 0 held for the owner
pending applications: 0
done: 0 reviewed, 0 held for the owner
pending applications: 0
done: 0 reviewed, 0 held for the owner
pending applications: 0
done: 0 reviewed, 0 held for the owner
pending applications: 0
done: 0 reviewed, 0 held for the owner
pending applications: 0
done: 0 reviewed, 0 held for the owner
pending applications: 0
done: 0 reviewed, 0 held for the owner
pending applications: 0
done: 0 reviewed, 0 held for the owner
pending applications: 0
done: 0 reviewed, 0 held for the owner
pending applications: 0
done: 0 reviewed, 0 held for the owner
pending applications: 0
done: 0 reviewed, 0 held for the owner
pending applications: 0
done: 0 reviewed, 0 held for the owner
pending applications: 0
done: 0 reviewed, 0 held for the owner
pending applications: 0
done: 0 reviewed, 0 held for the owner
pending applications: 1
hold     SimpleLaunch                     hello@simplelaunch.agency          us                     | claimed market not visible on the site
done: 1 reviewed, 1 held for the owner
pending applications: 1
hold     SimpleLaunch                     hello@simplelaunch.agency          us                     | claimed market not visible on the site
done: 1 reviewed, 1 held for the owner
pending applications: 2
hold     SimpleLaunch                     hello@simplelaunch.agency          us                     | claimed market not visible on the site
hold     Levitsky Concept                 system@levitsky-c.ru               eastern_europe         | claimed market not visible on the site; none of the claimed platforms appears on the site (fine for custom-only shops)
done: 2 reviewed, 2 held for the owner
pending applications: 0
done: 0 reviewed, 0 held for the owner
pending applications: 0
done: 0 reviewed, 0 held for the owner
pending applications: 0
done: 0 reviewed, 0 held for the owner
pending applications: 0
done: 0 reviewed, 0 held for the owner
pending applications: 0
done: 0 reviewed, 0 held for the owner
pending applications: 0
done: 0 reviewed, 0 held for the owner
pending applications: 1
approve  CodeFirst                        contact@codefirst.co.uk            uk                     | live site, own-domain address, market visible
   -> {'ok': True, 'emailed': True, 'provider': {'id': '1410f0a5-332c-41c6-9c38-c65c9781f24f', 'name': 'CodeFirst', 'application_status': 'approved', 'active': True}}
done: 1 reviewed, 0 held for the owner
