== search / uk
  dental website design agency London: +12
  dental website design agency Manchester: +9
  dental website design agency Birmingham: +15
  dental website design agency Leeds: +11
  dental website design agency Glasgow: +5
  dental website design agency Edinburgh: +7
  dental website design agency Bristol: +4
  dental website design agency Liverpool: +8
  dental website design agency Sheffield: +6
  dental website design agency Nottingham: +10
  dental website design agency Newcastle: +4
  dental website design agency Cardiff: +8
  dental website design agency Belfast: +6
  dental website design agency Brighton: +4
  dental website design agency Leicester: +2
  dental website design agency Southampton: +3
  dental website design agency Reading: +10
  dental website design agency Oxford: +12
  dental website design agency Cambridge: +3
  dental website design agency York: +2
  law firm website design agency London: +9
  law firm website design agency Manchester: +10
  law firm website design agency Birmingham: +7
  law firm website design agency Leeds: +5
  law firm website design agency Glasgow: +10
  law firm website design agency Edinburgh: +14
  law firm website design agency Bristol: +12
  law firm website design agency Liverpool: +9
  law firm website design agency Sheffield: +6
  law firm website design agency Nottingham: +2
  law firm website design agency Newcastle: +1
  law firm website design agency Cardiff: +3
  law firm website design agency Belfast: +8
  law firm website design agency Brighton: +3
  law firm website design agency Leicester: +1
  law firm website design agency Southampton: +6
  law firm website design agency Reading: +6
  law firm website design agency Oxford: +3
  law firm website design agency Cambridge: +2
  law firm website design agency York: +3
  medical practice website design agency London: +14
  medical practice website design agency Manchester: +2
  medical practice website design agency Birmingham: +14
  medical practice website design agency Leeds: +2
  medical practice website design agency Glasgow: +7
  medical practice website design agency Edinburgh: +3
  medical practice website design agency Bristol: +9
  medical practice website design agency Liverpool: +5
  medical practice website design agency Sheffield: +5
  medical practice website design agency Nottingham: +4
  medical practice website design agency Newcastle: +4
  medical practice website design agency Cardiff: +3
  medical practice website design agency Belfast: +12
  medical practice website design agency Brighton: +7
  medical practice website design agency Leicester: +2
  medical practice website design agency Southampton: +8
  medical practice website design agency Reading: +1
  medical practice website design agency Oxford: +2
  medical practice website design agency Cambridge: +2
  medical practice website design agency York: +11
  restaurant website design agency London: +10
  restaurant website design agency Manchester: +13
  restaurant website design agency Birmingham: +11
  restaurant website design agency Leeds: +11
  restaurant website design agency Glasgow: +4
  restaurant website design agency Edinburgh: +5
  restaurant website design agency Bristol: +7
  restaurant website design agency Liverpool: +6
  restaurant website design agency Sheffield: +7
  restaurant website design agency Nottingham: +8
  restaurant website design agency Newcastle: +7
  restaurant website design agency Cardiff: +7
  restaurant website design agency Belfast: +15
  restaurant website design agency Brighton: +8
  restaurant website design agency Leicester: +9
  restaurant website design agency Southampton: +9
  restaurant website design agency Reading: +19
  restaurant website design agency Oxford: +7
  restaurant website design agency Cambridge: +8
  restaurant website design agency York: +17
  real estate website design agency London: +13
  real estate website design agency Manchester: +7
  real estate website design agency Birmingham: +11
  real estate website design agency Leeds: +2
  real estate website design agency Glasgow: +3
  real estate website design agency Edinburgh: +1
  real estate website design agency Bristol: +3
  real estate website design agency Liverpool: +11
  real estate website design agency Sheffield: +7
  real estate website design agency Nottingham: +3
  real estate website design agency Newcastle: +3
  real estate website design agency Cardiff: +10
  real estate website design agency Belfast: +3
  real estate website design agency Brighton: +12
  real estate website design agency Leicester: +9
  real estate website design agency Southampton: +7
  real estate website design agency Reading: +3
  real estate website design agency Oxford: +3
  real estate website design agency Cambridge: +3
  real estate website design agency York: +3
  plumber electrician website design agency London: +17
  plumber electrician website design agency Manchester: +5
  plumber electrician website design agency Birmingham: +12
  plumber electrician website design agency Leeds: +2
  plumber electrician website design agency Glasgow: +6
  plumber electrician website design agency Edinburgh: +10
  plumber electrician website design agency Bristol: +3
  plumber electrician website design agency Liverpool: +3
  plumber electrician website design agency Sheffield: +4
  plumber electrician website design agency Nottingham: +5
  plumber electrician website design agency Newcastle: +12
  plumber electrician website design agency Cardiff: +10
  plumber electrician website design agency Belfast: +8
  plumber electrician website design agency Brighton: +2
  plumber electrician website design agency Leicester: +3
  plumber electrician website design agency Southampton: +4
  plumber electrician website design agency Reading: +2
  plumber electrician website design agency Oxford: +5
  plumber electrician website design agency Cambridge: +1
  plumber electrician website design agency York: +2
  accounting firm website design agency London: +6
  accounting firm website design agency Manchester: +6
  accounting firm website design agency Birmingham: +11
  accounting firm website design agency Leeds: +0
  accounting firm website design agency Glasgow: +10
  accounting firm website design agency Edinburgh: +2
  accounting firm website design agency Bristol: +3
  accounting firm website design agency Liverpool: +7
  accounting firm website design agency Sheffield: +11
  accounting firm website design agency Nottingham: +10
  accounting firm website design agency Newcastle: +1
  accounting firm website design agency Cardiff: +5
  accounting firm website design agency Belfast: +5
  accounting firm website design agency Brighton: +4
  accounting firm website design agency Leicester: +0
  accounting firm website design agency Southampton: +1
  accounting firm website design agency Reading: +0
  accounting firm website design agency Oxford: +10
  accounting firm website design agency Cambridge: +3
  accounting firm website design agency York: +1
  gym fitness website design agency London: +10
  gym fitness website design agency Manchester: +3
  gym fitness website design agency Birmingham: +3
  gym fitness website design agency Leeds: +0
  gym fitness website design agency Glasgow: +4
  gym fitness website design agency Edinburgh: +1
  gym fitness website design agency Bristol: +1
  gym fitness website design agency Liverpool: +1
  gym fitness website design agency Sheffield: +1
  gym fitness website design agency Nottingham: +1
  gym fitness website design agency Newcastle: +3
  gym fitness website design agency Cardiff: +1
  gym fitness website design agency Belfast: +4
  gym fitness website design agency Brighton: +2
  gym fitness website design agency Leicester: +1
  gym fitness website design agency Southampton: +0
  gym fitness website design agency Reading: +2
  gym fitness website design agency Oxford: +1
  gym fitness website design agency Cambridge: +1
  gym fitness website design agency York: +1
  hotel website design agency London: +5
  hotel website design agency Manchester: +14
  hotel website design agency Birmingham: +9
  hotel website design agency Leeds: +9
  hotel website design agency Glasgow: +8
  hotel website design agency Edinburgh: +3
  hotel website design agency Bristol: +5
  hotel website design agency Liverpool: +1
  hotel website design agency Sheffield: +2
  hotel website design agency Nottingham: +1
  hotel website design agency Newcastle: +12
  hotel website design agency Cardiff: +1
  hotel website design agency Belfast: +3
  hotel website design agency Brighton: +6
  hotel website design agency Leicester: +7
  hotel website design agency Southampton: +2
  hotel website design agency Reading: +5
  hotel website design agency Oxford: +9
  hotel website design agency Cambridge: +2
  hotel website design agency York: +7
  church nonprofit website design agency London: +13
  church nonprofit website design agency Manchester: +5
  church nonprofit website design agency Birmingham: +10
  church nonprofit website design agency Leeds: +9
  church nonprofit website design agency Glasgow: +5
  church nonprofit website design agency Edinburgh: +5
  church nonprofit website design agency Bristol: +3
  church nonprofit website design agency Liverpool: +4
  church nonprofit website design agency Sheffield: +2
  church nonprofit website design agency Nottingham: +2
  church nonprofit website design agency Newcastle: +3
  church nonprofit website design agency Cardiff: +11
  church nonprofit website design agency Belfast: +5
  church nonprofit website design agency Brighton: +4
  church nonprofit website design agency Leicester: +1
  church nonprofit website design agency Southampton: +9
  church nonprofit website design agency Reading: +1
  church nonprofit website design agency Oxford: +5
  church nonprofit website design agency Cambridge: +1
  church nonprofit website design agency York: +3
  ecommerce website design agency London: +6
  ecommerce website design agency Manchester: +6
  ecommerce website design agency Birmingham: +5
  ecommerce website design agency Leeds: +3
  ecommerce website design agency Glasgow: +5
  ecommerce website design agency Edinburgh: +9
  ecommerce website design agency Bristol: +6
  ecommerce website design agency Liverpool: +0
  ecommerce website design agency Sheffield: +7
  ecommerce website design agency Nottingham: +10
  ecommerce website design agency Newcastle: +14
  ecommerce website design agency Cardiff: +4
  ecommerce website design agency Belfast: +10
  ecommerce website design agency Brighton: +9
  ecommerce website design agency Leicester: +1
  ecommerce website design agency Southampton: +1
  ecommerce website design agency Reading: +3
  ecommerce website design agency Oxford: +3
  ecommerce website design agency Cambridge: +3
  ecommerce website design agency York: +10
  Shopify website design agency London: +8
  Shopify website design agency Manchester: +5
  Shopify website design agency Birmingham: +7
  Shopify website design agency Leeds: +3
  Shopify website design agency Glasgow: +10
  Shopify website design agency Edinburgh: +2
  Shopify website design agency Bristol: +3
  Shopify website design agency Liverpool: +8
  Shopify website design agency Sheffield: +3
  Shopify website design agency Nottingham: +5
  Shopify website design agency Newcastle: +6
  Shopify website design agency Cardiff: +8
  Shopify website design agency Belfast: +10
  Shopify website design agency Brighton: +8
  Shopify website design agency Leicester: +3
  Shopify website design agency Southampton: +4
  Shopify website design agency Reading: +3
  Shopify website design agency Oxford: +1
  Shopify website design agency Cambridge: +3
  Shopify website design agency York: +6
  WordPress website design agency London: +11
  WordPress website design agency Manchester: +2
  WordPress website design agency Birmingham: +3
  WordPress website design agency Leeds: +8
  WordPress website design agency Glasgow: +3
  WordPress website design agency Edinburgh: +3
  WordPress website design agency Bristol: +13
  WordPress website design agency Liverpool: +2
  WordPress website design agency Sheffield: +4
  WordPress website design agency Nottingham: +3
  WordPress website design agency Newcastle: +5
  WordPress website design agency Cardiff: +10
  WordPress website design agency Belfast: +2
  WordPress website design agency Brighton: +8
  WordPress website design agency Leicester: +4
  WordPress website design agency Southampton: +4
  WordPress website design agency Reading: +6
  WordPress website design agency Oxford: +3
  WordPress website design agency Cambridge: +8
  WordPress website design agency York: +7
  Webflow website design agency London: +8
  Webflow website design agency Manchester: +12
  Webflow website design agency Birmingham: +4
  Webflow website design agency Leeds: +6
  Webflow website design agency Glasgow: +3
  Webflow website design agency Edinburgh: +2
  Webflow website design agency Bristol: +8
  Webflow website design agency Liverpool: +2
  Webflow website design agency Sheffield: +2
  Webflow website design agency Nottingham: +7
  Webflow website design agency Newcastle: +11
  Webflow website design agency Cardiff: +7
  Webflow website design agency Belfast: +2
  Webflow website design agency Brighton: +12
  Webflow website design agency Leicester: +0
  Webflow website design agency Southampton: +10
  Webflow website design agency Reading: +5
  Webflow website design agency Oxford: +8
  Webflow website design agency Cambridge: +14
  Webflow website design agency York: +2
  small business website design agency London: +3
  small business website design agency Manchester: +3
  small business website design agency Birmingham: +0
  small business website design agency Leeds: +10
  small business website design agency Glasgow: +8
  small business website design agency Edinburgh: +10
  small business website design agency Bristol: +4
  small business website design agency Liverpool: +5
  small business website design agency Sheffield: +7
  small business website design agency Nottingham: +2
  small business website design agency Newcastle: +3
  small business website design agency Cardiff: +9
  small business website design agency Belfast: +3
  small business website design agency Brighton: +8
  small business website design agency Leicester: +1
  small business website design agency Southampton: +2
  small business website design agency Reading: +11
  small business website design agency Oxford: +3
  small business website design agency Cambridge: +4
  small business website design agency York: +2
  construction website design agency London: +6
  construction website design agency Manchester: +9
  construction website design agency Birmingham: +11
  construction website design agency Leeds: +9
  construction website design agency Glasgow: +9
  construction website design agency Edinburgh: +3
  construction website design agency Bristol: +1
  construction website design agency Liverpool: +5
  construction website design agency Sheffield: +6
  construction website design agency Nottingham: +0
  construction website design agency Newcastle: +0
  construction website design agency Cardiff: +4
  construction website design agency Belfast: +2
  construction website design agency Brighton: +8
  construction website design agency Leicester: +1
  construction website design agency Southampton: +3
  construction website design agency Reading: +1
  construction website design agency Oxford: +5
  construction website design agency Cambridge: +10
  construction website design agency York: +11
  healthcare website design agency London: +6
  healthcare website design agency Manchester: +9
  healthcare website design agency Birmingham: +8
  healthcare website design agency Leeds: +2
  healthcare website design agency Glasgow: +5
  healthcare website design agency Edinburgh: +5
  healthcare website design agency Bristol: +31
  healthcare website design agency Liverpool: +11
  healthcare website design agency Sheffield: +1
  healthcare website design agency Nottingham: +2
  healthcare website design agency Newcastle: +1
  healthcare website design agency Cardiff: +2
  healthcare website design agency Belfast: +1
  healthcare website design agency Brighton: +2
  healthcare website design agency Leicester: +6
  healthcare website design agency Southampton: +5
  healthcare website design agency Reading: +3
  healthcare website design agency Oxford: +6
  healthcare website design agency Cambridge: +3
  healthcare website design agency York: +0
  veterinary website design agency London: +5
  veterinary website design agency Manchester: +8
  veterinary website design agency Birmingham: +2
  veterinary website design agency Leeds: +7
  veterinary website design agency Glasgow: +7
  veterinary website design agency Edinburgh: +9
  veterinary website design agency Bristol: +5
  veterinary website design agency Liverpool: +6
  veterinary website design agency Sheffield: +5
  veterinary website design agency Nottingham: +0
  veterinary website design agency Newcastle: +0
  veterinary website design agency Cardiff: +8
  veterinary website design agency Belfast: +0
  veterinary website design agency Brighton: +8
  veterinary website design agency Leicester: +1
  veterinary website design agency Southampton: +1
  veterinary website design agency Reading: +1
  veterinary website design agency Oxford: +6
  veterinary website design agency Cambridge: +9
  veterinary website design agency York: +3
  salon spa website design agency London: +5
  salon spa website design agency Manchester: +1
  salon spa website design agency Birmingham: +2
  salon spa website design agency Leeds: +1
  salon spa website design agency Glasgow: +3
  salon spa website design agency Edinburgh: +2
  salon spa website design agency Bristol: +5
  salon spa website design agency Liverpool: +7
  salon spa website design agency Sheffield: +3
  salon spa website design agency Nottingham: +4
  salon spa website design agency Newcastle: +3
  salon spa website design agency Cardiff: +9
  salon spa website design agency Belfast: +3
  salon spa website design agency Brighton: +4
  salon spa website design agency Leicester: +2
  salon spa website design agency Southampton: +4
  salon spa website design agency Reading: +1
  salon spa website design agency Oxford: +0
  salon spa website design agency Cambridge: +7
  salon spa website design agency York: +8
  financial advisor website design agency London: +7
  financial advisor website design agency Manchester: +5
  financial advisor website design agency Birmingham: +11
  financial advisor website design agency Leeds: +9
  financial advisor website design agency Glasgow: +2
  financial advisor website design agency Edinburgh: +3
  financial advisor website design agency Bristol: +0
  financial advisor website design agency Liverpool: +8
  financial advisor website design agency Sheffield: +2
  financial advisor website design agency Nottingham: +2
  financial advisor website design agency Newcastle: +0
  financial advisor website design agency Cardiff: +2
  financial advisor website design agency Belfast: +7
  financial advisor website design agency Brighton: +10
  financial advisor website design agency Leicester: +2
  financial advisor website design agency Southampton: +6
  financial advisor website design agency Reading: +1
  financial advisor website design agency Oxford: +0
  financial advisor website design agency Cambridge: +1
  financial advisor website design agency York: +2
  SaaS startup website design agency London: +7
  SaaS startup website design agency Manchester: +4
  SaaS startup website design agency Birmingham: +9
  SaaS startup website design agency Leeds: +4
  SaaS startup website design agency Glasgow: +1
  SaaS startup website design agency Edinburgh: +9
  SaaS startup website design agency Bristol: +3
  SaaS startup website design agency Liverpool: +1
  SaaS startup website design agency Sheffield: +2
  SaaS startup website design agency Nottingham: +3
  SaaS startup website design agency Newcastle: +9
  SaaS startup website design agency Cardiff: +0
  SaaS startup website design agency Belfast: +8
  SaaS startup website design agency Brighton: +1
  SaaS startup website design agency Leicester: +1
  SaaS startup website design agency Southampton: +13
  SaaS startup website design agency Reading: +7
  SaaS startup website design agency Oxford: +0
  SaaS startup website design agency Cambridge: +10
  SaaS startup website design agency York: +3
  chiropractor website design agency London: +4
  chiropractor website design agency Manchester: +10
  chiropractor website design agency Birmingham: +0
  chiropractor website design agency Leeds: +1
  chiropractor website design agency Glasgow: +9
  chiropractor website design agency Edinburgh: +9
  chiropractor website design agency Bristol: +2
  chiropractor website design agency Liverpool: +4
  chiropractor website design agency Sheffield: +2
  chiropractor website design agency Nottingham: +8
  chiropractor website design agency Newcastle: +2
  chiropractor website design agency Cardiff: +1
  chiropractor website design agency Belfast: +0
  chiropractor website design agency Brighton: +8
  chiropractor website design agency Leicester: +2
  chiropractor website design agency Southampton: +1
  chiropractor website design agency Reading: +1
  chiropractor website design agency Oxford: +7
  chiropractor website design agency Cambridge: +2
  chiropractor website design agency York: +2
  landscaping website design agency London: +13
  landscaping website design agency Manchester: +10
  landscaping website design agency Birmingham: +6
  landscaping website design agency Leeds: +10
  landscaping website design agency Glasgow: +5
  landscaping website design agency Edinburgh: +10
  landscaping website design agency Bristol: +2
  landscaping website design agency Liverpool: +6
  landscaping website design agency Sheffield: +4
  landscaping website design agency Nottingham: +9
  landscaping website design agency Newcastle: +10
  landscaping website design agency Cardiff: +4
  landscaping website design agency Belfast: +5
  landscaping website design agency Brighton: +6
  landscaping website design agency Leicester: +6
  landscaping website design agency Southampton: +6
  landscaping website design agency Reading: +10
  landscaping website design agency Oxford: +8
  landscaping website design agency Cambridge: +6
  landscaping website design agency York: +13
  roofing website design agency London: +7
  roofing website design agency Manchester: +5
  roofing website design agency Birmingham: +0
  roofing website design agency Leeds: +2
  roofing website design agency Glasgow: +0
  roofing website design agency Edinburgh: +1
  roofing website design agency Bristol: +3
  roofing website design agency Liverpool: +2
  roofing website design agency Sheffield: +4
  roofing website design agency Nottingham: +6
  roofing website design agency Newcastle: +2
  roofing website design agency Cardiff: +3
  roofing website design agency Belfast: +5
  roofing website design agency Brighton: +4
  roofing website design agency Leicester: +3
  roofing website design agency Southampton: +1
  roofing website design agency Reading: +2
  roofing website design agency Oxford: +6
  roofing website design agency Cambridge: +3
  roofing website design agency York: +5
== search / ie
  dental website design agency Dublin: +12
  dental website design agency Cork: +5
  dental website design agency Galway: +6
  dental website design agency Limerick: +6
  dental website design agency Waterford: +11
  law firm website design agency Dublin: +16
  law firm website design agency Cork: +0
  law firm website design agency Galway: +2
  law firm website design agency Limerick: +5
  law firm website design agency Waterford: +7
  medical practice website design agency Dublin: +4
  medical practice website design agency Cork: +3
  medical practice website design agency Galway: +3
  medical practice website design agency Limerick: +3
  medical practice website design agency Waterford: +2
  restaurant website design agency Dublin: +13
  restaurant website design agency Cork: +4
  restaurant website design agency Galway: +10
  restaurant website design agency Limerick: +3
  restaurant website design agency Waterford: +5
  real estate website design agency Dublin: +3
  real estate website design agency Cork: +2
  real estate website design agency Galway: +11
  real estate website design agency Limerick: +4
  real estate website design agency Waterford: +1
  plumber electrician website design agency Dublin: +6
  plumber electrician website design agency Cork: +1
  plumber electrician website design agency Galway: +9
  plumber electrician website design agency Limerick: +2
  plumber electrician website design agency Waterford: +6
  accounting firm website design agency Dublin: +3
  accounting firm website design agency Cork: +2
  accounting firm website design agency Galway: +2
  accounting firm website design agency Limerick: +6
  accounting firm website design agency Waterford: +4
  gym fitness website design agency Dublin: +5
  gym fitness website design agency Cork: +1
  gym fitness website design agency Galway: +10
  gym fitness website design agency Limerick: +4
  gym fitness website design agency Waterford: +6
  hotel website design agency Dublin: +8
  hotel website design agency Cork: +7
  hotel website design agency Galway: +0
  hotel website design agency Limerick: +7
  hotel website design agency Waterford: +0
  church nonprofit website design agency Dublin: +3
  church nonprofit website design agency Cork: +2
  church nonprofit website design agency Galway: +9
  church nonprofit website design agency Limerick: +7
  church nonprofit website design agency Waterford: +1
  ecommerce website design agency Dublin: +5
  ecommerce website design agency Cork: +8
  ecommerce website design agency Galway: +8
  ecommerce website design agency Limerick: +2
  ecommerce website design agency Waterford: +2
  Shopify website design agency Dublin: +12
  Shopify website design agency Cork: +3
  Shopify website design agency Galway: +3
  Shopify website design agency Limerick: +1
  Shopify website design agency Waterford: +0
  WordPress website design agency Dublin: +3
  WordPress website design agency Cork: +3
  WordPress website design agency Galway: +1
  WordPress website design agency Limerick: +3
  WordPress website design agency Waterford: +1
  Webflow website design agency Dublin: +3
  Webflow website design agency Cork: +9
  Webflow website design agency Galway: +1
  Webflow website design agency Limerick: +1
  Webflow website design agency Waterford: +4
  small business website design agency Dublin: +3
  small business website design agency Cork: +3
  small business website design agency Galway: +2
  small business website design agency Limerick: +1
  small business website design agency Waterford: +2
  construction website design agency Dublin: +11
  construction website design agency Cork: +1
  construction website design agency Galway: +5
  construction website design agency Limerick: +2
  construction website design agency Waterford: +0
  healthcare website design agency Dublin: +9
  healthcare website design agency Cork: +4
  healthcare website design agency Galway: +6
  healthcare website design agency Limerick: +2
  healthcare website design agency Waterford: +5
  veterinary website design agency Dublin: +4
  veterinary website design agency Cork: +1
  veterinary website design agency Galway: +3
  veterinary website design agency Limerick: +1
  veterinary website design agency Waterford: +0
  salon spa website design agency Dublin: +4
  salon spa website design agency Cork: +0
  salon spa website design agency Galway: +1
  salon spa website design agency Limerick: +12
  salon spa website design agency Waterford: +0
  financial advisor website design agency Dublin: +1
  financial advisor website design agency Cork: +3
  financial advisor website design agency Galway: +0
  financial advisor website design agency Limerick: +5
  financial advisor website design agency Waterford: +2
  SaaS startup website design agency Dublin: +3
  SaaS startup website design agency Cork: +3
  SaaS startup website design agency Galway: +1
  SaaS startup website design agency Limerick: +2
  SaaS startup website design agency Waterford: +7
  chiropractor website design agency Dublin: +6
  chiropractor website design agency Cork: +2
  chiropractor website design agency Galway: +4
  chiropractor website design agency Limerick: +0
  chiropractor website design agency Waterford: +1
  landscaping website design agency Dublin: +11
  landscaping website design agency Cork: +8
  landscaping website design agency Galway: +8
  landscaping website design agency Limerick: +6
  landscaping website design agency Waterford: +2
  roofing website design agency Dublin: +10
  roofing website design agency Cork: +1
  roofing website design agency Galway: +7
  roofing website design agency Limerick: +3
  roofing website design agency Waterford: +1
store search-ukie.csv: 3046 domains (+3046 new this run, 0 before)
done in 4793s
