== semrush / uk
  semrush: 40 listed, 40 profiles to fetch
  semrush|web-design|united-kingdom p1/2: 40 items
  semrush: 17 listed, 17 profiles to fetch
  semrush|web-design|united-kingdom p2/2: 17 items
  semrush: 40 listed, 18 profiles to fetch
  semrush|web-design|london-city p1/1: 40 items
  semrush: 40 listed, 11 profiles to fetch
  semrush|web-design|manchester p1/1: 40 items
  semrush: 40 listed, 4 profiles to fetch
  semrush|web-development|united-kingdom p1/2: 40 items
  semrush: 28 listed, 7 profiles to fetch
  semrush|web-development|united-kingdom p2/2: 28 items
  semrush: 40 listed, 1 profiles to fetch
  semrush|web-development|london-city p1/1: 40 items
  semrush: 40 listed, 3 profiles to fetch
  semrush|web-development|manchester p1/1: 40 items
  semrush: 40 listed, 0 profiles to fetch
  semrush|ux|united-kingdom p1/1: 40 items
  semrush: 40 listed, 0 profiles to fetch
  semrush|ux|london-city p1/1: 40 items
  semrush: 40 listed, 8 profiles to fetch
  semrush|ux|manchester p1/1: 40 items
== semrush / ie
store semrush-ukie.csv: 103 domains (+103 new this run, 0 before)
done in 121s
