== shopify / au
  shopify: 16 listed, 16 profiles to fetch
  shopify|australia p1/16: 16 items
  shopify: 16 listed, 16 profiles to fetch
  shopify|australia p2/16: 16 items
  shopify: 16 listed, 16 profiles to fetch
  shopify|australia p3/16: 16 items
  shopify: 16 listed, 16 profiles to fetch
  shopify|australia p4/16: 16 items
  shopify: 16 listed, 16 profiles to fetch
  shopify|australia p5/16: 16 items
  shopify: 16 listed, 16 profiles to fetch
  shopify|australia p6/16: 16 items
  shopify: 16 listed, 16 profiles to fetch
  shopify|australia p7/16: 16 items
  shopify: 16 listed, 16 profiles to fetch
  shopify|australia p8/16: 16 items
  shopify: 16 listed, 16 profiles to fetch
  shopify|australia p9/16: 16 items
  shopify: 16 listed, 16 profiles to fetch
  shopify|australia p10/16: 16 items
  shopify: 16 listed, 16 profiles to fetch
  shopify|australia p11/16: 16 items
  shopify: 16 listed, 16 profiles to fetch
  shopify|australia p12/16: 16 items
  shopify: 16 listed, 16 profiles to fetch
  shopify|australia p13/16: 16 items
  shopify: 16 listed, 16 profiles to fetch
  shopify|australia p14/16: 16 items
  shopify: 16 listed, 16 profiles to fetch
  shopify|australia p15/16: 16 items
  shopify: 6 listed, 6 profiles to fetch
  shopify|australia p16/16: 6 items
store shopify-au.csv: 219 domains (+219 new this run, 0 before)
done in 270s
