== semrush / us
  semrush: 40 listed, 40 profiles to fetch
  semrush|web-design|united-states p1/14: 40 items
  semrush: 40 listed, 39 profiles to fetch
  semrush|web-design|united-states p2/14: 40 items
  semrush: 40 listed, 40 profiles to fetch
  semrush|web-design|united-states p3/14: 40 items
  semrush: 40 listed, 40 profiles to fetch
  semrush|web-design|united-states p4/14: 40 items
  semrush: 40 listed, 40 profiles to fetch
  semrush|web-design|united-states p5/14: 40 items
  semrush: 40 listed, 40 profiles to fetch
  semrush|web-design|united-states p6/14: 40 items
  semrush: 40 listed, 40 profiles to fetch
  semrush|web-design|united-states p7/14: 40 items
  semrush: 40 listed, 40 profiles to fetch
  semrush|web-design|united-states p8/14: 40 items
  semrush: 40 listed, 40 profiles to fetch
  semrush|web-design|united-states p9/14: 40 items
  semrush: 40 listed, 40 profiles to fetch
  semrush|web-design|united-states p10/14: 40 items
  semrush: 40 listed, 40 profiles to fetch
  semrush|web-design|united-states p11/14: 40 items
  semrush: 40 listed, 40 profiles to fetch
  semrush|web-design|united-states p12/14: 40 items
  semrush: 40 listed, 40 profiles to fetch
  semrush|web-design|united-states p13/14: 40 items
  semrush: 2 listed, 2 profiles to fetch
  semrush|web-design|united-states p14/14: 2 items
  semrush: 40 listed, 7 profiles to fetch
  semrush|web-design|arizona p1/1: 40 items
  semrush: 21 listed, 0 profiles to fetch
  semrush|web-design|atlanta p1/1: 21 items
  semrush: 40 listed, 0 profiles to fetch
  semrush|web-design|austin p1/1: 40 items
  semrush: 14 listed, 0 profiles to fetch
  semrush|web-design|boston p1/1: 14 items
  semrush: 40 listed, 0 profiles to fetch
  semrush|web-design|california p1/2: 40 items
  semrush: 24 listed, 0 profiles to fetch
  semrush|web-design|california p2/2: 24 items
  semrush: 15 listed, 0 profiles to fetch
  semrush|web-design|charlotte p1/1: 15 items
  semrush: 22 listed, 0 profiles to fetch
  semrush|web-design|chicago p1/1: 22 items
  semrush: 18 listed, 0 profiles to fetch
  semrush|web-design|cleveland p1/1: 18 items
  semrush: 40 listed, 0 profiles to fetch
  semrush|web-design|colorado p1/1: 40 items
  semrush: 40 listed, 4 profiles to fetch
  semrush|web-design|connecticut p1/1: 40 items
  semrush: 40 listed, 0 profiles to fetch
  semrush|web-design|dallas p1/1: 40 items
  semrush: 27 listed, 0 profiles to fetch
  semrush|web-design|denver p1/1: 27 items
  semrush: 40 listed, 0 profiles to fetch
  semrush|web-design|florida p1/2: 40 items
  semrush: 25 listed, 0 profiles to fetch
  semrush|web-design|florida p2/2: 25 items
  semrush: 40 listed, 0 profiles to fetch
  semrush|web-design|georgia-state p1/1: 40 items
  semrush: 40 listed, 0 profiles to fetch
  semrush|web-design|houston p1/1: 40 items
  semrush: 40 listed, 0 profiles to fetch
  semrush|web-design|illinois p1/1: 40 items
  semrush: 40 listed, 0 profiles to fetch
  semrush|web-design|indiana p1/1: 40 items
  semrush: 12 listed, 0 profiles to fetch
  semrush|web-design|indianapolis p1/1: 12 items
  semrush: 13 listed, 0 profiles to fetch
  semrush|web-design|las-vegas p1/1: 13 items
  semrush: 40 listed, 0 profiles to fetch
  semrush|web-design|los-angeles p1/1: 40 items
  semrush: 40 listed, 0 profiles to fetch
  semrush|web-design|massachusetts p1/1: 40 items
  semrush: 40 listed, 0 profiles to fetch
  semrush|web-design|miami p1/1: 40 items
  semrush: 40 listed, 0 profiles to fetch
  semrush|web-design|michigan p1/1: 40 items
  semrush: 9 listed, 0 profiles to fetch
  semrush|web-design|minneapolis p1/1: 9 items
  semrush: 40 listed, 0 profiles to fetch
  semrush|web-design|minnesota p1/1: 40 items
  semrush: 40 listed, 0 profiles to fetch
  semrush|web-design|nevada p1/1: 40 items
  semrush: 40 listed, 0 profiles to fetch
  semrush|web-design|new-jersey p1/1: 40 items
  semrush: 40 listed, 0 profiles to fetch
  semrush|web-design|new-york p1/2: 40 items
  semrush: 13 listed, 0 profiles to fetch
  semrush|web-design|new-york p2/2: 13 items
  semrush: 40 listed, 0 profiles to fetch
  semrush|web-design|new-york-city p1/2: 40 items
  semrush: 2 listed, 0 profiles to fetch
  semrush|web-design|new-york-city p2/2: 2 items
  semrush: 40 listed, 0 profiles to fetch
  semrush|web-design|north-carolina p1/1: 40 items
  semrush: 40 listed, 0 profiles to fetch
  semrush|web-design|ohio p1/1: 40 items
  semrush: 40 listed, 0 profiles to fetch
  semrush|web-design|oregon p1/1: 40 items
  semrush: 40 listed, 0 profiles to fetch
  semrush|web-design|pennsylvania p1/1: 40 items
  semrush: 28 listed, 0 profiles to fetch
  semrush|web-design|philadelphia p1/1: 28 items
  semrush: 19 listed, 0 profiles to fetch
  semrush|web-design|phoenix p1/1: 19 items
  semrush: 12 listed, 0 profiles to fetch
  semrush|web-design|portland p1/1: 12 items
  semrush: 40 listed, 0 profiles to fetch
  semrush|web-design|san-diego p1/1: 40 items
  semrush: 18 listed, 0 profiles to fetch
  semrush|web-design|seattle p1/1: 18 items
  semrush: 40 listed, 1 profiles to fetch
  semrush|web-design|south-carolina p1/1: 40 items
  semrush: 40 listed, 0 profiles to fetch
  semrush|web-design|tampa p1/1: 40 items
  semrush: 40 listed, 0 profiles to fetch
  semrush|web-design|tennessee p1/1: 40 items
  semrush: 40 listed, 0 profiles to fetch
  semrush|web-design|texas p1/2: 40 items
  semrush: 14 listed, 0 profiles to fetch
  semrush|web-design|texas p2/2: 14 items
  semrush: 40 listed, 0 profiles to fetch
  semrush|web-design|utah p1/1: 40 items
  semrush: 40 listed, 0 profiles to fetch
  semrush|web-design|virginia p1/1: 40 items
  semrush: 40 listed, 0 profiles to fetch
  semrush|web-design|washington p1/1: 40 items
  semrush: 40 listed, 2 profiles to fetch
  semrush|web-development|united-states p1/15: 40 items
  semrush: 40 listed, 6 profiles to fetch
  semrush|web-development|united-states p2/15: 40 items
  semrush: 40 listed, 3 profiles to fetch
  semrush|web-development|united-states p3/15: 40 items
  semrush: 40 listed, 2 profiles to fetch
  semrush|web-development|united-states p4/15: 40 items
  semrush: 40 listed, 5 profiles to fetch
  semrush|web-development|united-states p5/15: 40 items
  semrush: 40 listed, 3 profiles to fetch
  semrush|web-development|united-states p6/15: 40 items
  semrush: 40 listed, 5 profiles to fetch
  semrush|web-development|united-states p7/15: 40 items
  semrush: 40 listed, 5 profiles to fetch
  semrush|web-development|united-states p8/15: 40 items
  semrush: 40 listed, 0 profiles to fetch
  semrush|web-development|united-states p9/15: 40 items
  semrush: 40 listed, 7 profiles to fetch
  semrush|web-development|united-states p10/15: 40 items
  semrush: 40 listed, 2 profiles to fetch
  semrush|web-development|united-states p11/15: 40 items
  semrush: 40 listed, 6 profiles to fetch
  semrush|web-development|united-states p12/15: 40 items
  semrush: 40 listed, 6 profiles to fetch
  semrush|web-development|united-states p13/15: 40 items
  semrush: 40 listed, 3 profiles to fetch
  semrush|web-development|united-states p14/15: 40 items
  semrush: 18 listed, 1 profiles to fetch
  semrush|web-development|united-states p15/15: 18 items
  semrush: 40 listed, 1 profiles to fetch
  semrush|web-development|arizona p1/1: 40 items
  semrush: 23 listed, 0 profiles to fetch
  semrush|web-development|atlanta p1/1: 23 items
  semrush: 40 listed, 0 profiles to fetch
  semrush|web-development|austin p1/1: 40 items
  semrush: 16 listed, 0 profiles to fetch
  semrush|web-development|boston p1/1: 16 items
  semrush: 40 listed, 0 profiles to fetch
  semrush|web-development|california p1/2: 40 items
  semrush: 29 listed, 0 profiles to fetch
  semrush|web-development|california p2/2: 29 items
  semrush: 18 listed, 0 profiles to fetch
  semrush|web-development|charlotte p1/1: 18 items
  semrush: 23 listed, 0 profiles to fetch
  semrush|web-development|chicago p1/1: 23 items
  semrush: 20 listed, 0 profiles to fetch
  semrush|web-development|cleveland p1/1: 20 items
  semrush: 40 listed, 0 profiles to fetch
  semrush|web-development|colorado p1/1: 40 items
  semrush: 40 listed, 0 profiles to fetch
  semrush|web-development|connecticut p1/1: 40 items
  semrush: 40 listed, 0 profiles to fetch
  semrush|web-development|dallas p1/1: 40 items
  semrush: 28 listed, 0 profiles to fetch
  semrush|web-development|denver p1/1: 28 items
  semrush: 40 listed, 0 profiles to fetch
  semrush|web-development|florida p1/2: 40 items
  semrush: 29 listed, 0 profiles to fetch
  semrush|web-development|florida p2/2: 29 items
  semrush: 40 listed, 0 profiles to fetch
  semrush|web-development|georgia-state p1/1: 40 items
  semrush: 40 listed, 0 profiles to fetch
  semrush|web-development|houston p1/1: 40 items
  semrush: 40 listed, 0 profiles to fetch
  semrush|web-development|illinois p1/1: 40 items
  semrush: 40 listed, 0 profiles to fetch
  semrush|web-development|indiana p1/1: 40 items
  semrush: 12 listed, 0 profiles to fetch
  semrush|web-development|indianapolis p1/1: 12 items
  semrush: 13 listed, 0 profiles to fetch
  semrush|web-development|las-vegas p1/1: 13 items
  semrush: 40 listed, 0 profiles to fetch
  semrush|web-development|los-angeles p1/1: 40 items
  semrush: 40 listed, 0 profiles to fetch
  semrush|web-development|massachusetts p1/1: 40 items
  semrush: 40 listed, 0 profiles to fetch
  semrush|web-development|miami p1/1: 40 items
  semrush: 40 listed, 0 profiles to fetch
  semrush|web-development|michigan p1/1: 40 items
  semrush: 11 listed, 0 profiles to fetch
  semrush|web-development|minneapolis p1/1: 11 items
  semrush: 40 listed, 0 profiles to fetch
  semrush|web-development|minnesota p1/1: 40 items
  semrush: 40 listed, 0 profiles to fetch
  semrush|web-development|nevada p1/1: 40 items
  semrush: 40 listed, 0 profiles to fetch
  semrush|web-development|new-jersey p1/1: 40 items
  semrush: 40 listed, 0 profiles to fetch
  semrush|web-development|new-york p1/2: 40 items
  semrush: 18 listed, 0 profiles to fetch
  semrush|web-development|new-york p2/2: 18 items
  semrush: 40 listed, 0 profiles to fetch
  semrush|web-development|new-york-city p1/2: 40 items
  semrush: 6 listed, 0 profiles to fetch
  semrush|web-development|new-york-city p2/2: 6 items
  semrush: 40 listed, 0 profiles to fetch
  semrush|web-development|north-carolina p1/1: 40 items
  semrush: 40 listed, 0 profiles to fetch
  semrush|web-development|ohio p1/1: 40 items
  semrush: 40 listed, 0 profiles to fetch
  semrush|web-development|oregon p1/1: 40 items
  semrush: 40 listed, 0 profiles to fetch
  semrush|web-development|pennsylvania p1/1: 40 items
  semrush: 32 listed, 0 profiles to fetch
  semrush|web-development|philadelphia p1/1: 32 items
  semrush: 22 listed, 0 profiles to fetch
  semrush|web-development|phoenix p1/1: 22 items
  semrush: 14 listed, 0 profiles to fetch
  semrush|web-development|portland p1/1: 14 items
  semrush: 40 listed, 0 profiles to fetch
  semrush|web-development|san-diego p1/1: 40 items
  semrush: 18 listed, 0 profiles to fetch
  semrush|web-development|seattle p1/1: 18 items
  semrush: 40 listed, 0 profiles to fetch
  semrush|web-development|south-carolina p1/1: 40 items
  semrush: 40 listed, 0 profiles to fetch
  semrush|web-development|tampa p1/1: 40 items
  semrush: 40 listed, 0 profiles to fetch
  semrush|web-development|tennessee p1/1: 40 items
  semrush: 40 listed, 0 profiles to fetch
  semrush|web-development|texas p1/2: 40 items
  semrush: 17 listed, 0 profiles to fetch
  semrush|web-development|texas p2/2: 17 items
  semrush: 40 listed, 0 profiles to fetch
  semrush|web-development|utah p1/1: 40 items
  semrush: 40 listed, 0 profiles to fetch
  semrush|web-development|virginia p1/1: 40 items
  semrush: 40 listed, 0 profiles to fetch
  semrush|web-development|washington p1/1: 40 items
  semrush: 40 listed, 0 profiles to fetch
  semrush|ux|united-states p1/10: 40 items
  semrush: 40 listed, 0 profiles to fetch
  semrush|ux|united-states p2/10: 40 items
  semrush: 40 listed, 0 profiles to fetch
  semrush|ux|united-states p3/10: 40 items
  semrush: 40 listed, 0 profiles to fetch
  semrush|ux|united-states p4/10: 40 items
  semrush: 40 listed, 0 profiles to fetch
  semrush|ux|united-states p5/10: 40 items
  semrush: 40 listed, 0 profiles to fetch
  semrush|ux|united-states p6/10: 40 items
  semrush: 40 listed, 0 profiles to fetch
  semrush|ux|united-states p7/10: 40 items
  semrush: 40 listed, 0 profiles to fetch
  semrush|ux|united-states p8/10: 40 items
  semrush: 40 listed, 0 profiles to fetch
  semrush|ux|united-states p9/10: 40 items
  semrush: 2 listed, 0 profiles to fetch
  semrush|ux|united-states p10/10: 2 items
  semrush: 40 listed, 4 profiles to fetch
  semrush|ux|arizona p1/1: 40 items
  semrush: 16 listed, 0 profiles to fetch
  semrush|ux|atlanta p1/1: 16 items
  semrush: 39 listed, 0 profiles to fetch
  semrush|ux|austin p1/1: 39 items
  semrush: 10 listed, 0 profiles to fetch
  semrush|ux|boston p1/1: 10 items
  semrush: 40 listed, 0 profiles to fetch
  semrush|ux|california p1/2: 40 items
  semrush: 3 listed, 0 profiles to fetch
  semrush|ux|california p2/2: 3 items
  semrush: 14 listed, 0 profiles to fetch
  semrush|ux|charlotte p1/1: 14 items
  semrush: 16 listed, 0 profiles to fetch
  semrush|ux|chicago p1/1: 16 items
  semrush: 13 listed, 0 profiles to fetch
  semrush|ux|cleveland p1/1: 13 items
  semrush: 40 listed, 0 profiles to fetch
  semrush|ux|colorado p1/1: 40 items
  semrush: 40 listed, 2 profiles to fetch
  semrush|ux|connecticut p1/1: 40 items
  semrush: 39 listed, 0 profiles to fetch
  semrush|ux|dallas p1/1: 39 items
  semrush: 23 listed, 0 profiles to fetch
  semrush|ux|denver p1/1: 23 items
  semrush: 40 listed, 0 profiles to fetch
  semrush|ux|florida p1/2: 40 items
  semrush: 1 listed, 0 profiles to fetch
  semrush|ux|florida p2/2: 1 items
  semrush: 40 listed, 0 profiles to fetch
  semrush|ux|georgia-state p1/1: 40 items
  semrush: 39 listed, 0 profiles to fetch
  semrush|ux|houston p1/1: 39 items
  semrush: 40 listed, 0 profiles to fetch
  semrush|ux|illinois p1/1: 40 items
  semrush: 40 listed, 0 profiles to fetch
  semrush|ux|indiana p1/1: 40 items
  semrush: 5 listed, 0 profiles to fetch
  semrush|ux|indianapolis p1/1: 5 items
  semrush: 9 listed, 0 profiles to fetch
  semrush|ux|las-vegas p1/1: 9 items
  semrush: 40 listed, 0 profiles to fetch
  semrush|ux|los-angeles p1/1: 40 items
  semrush: 40 listed, 0 profiles to fetch
  semrush|ux|massachusetts p1/1: 40 items
  semrush: 40 listed, 0 profiles to fetch
  semrush|ux|miami p1/1: 40 items
  semrush: 40 listed, 0 profiles to fetch
  semrush|ux|michigan p1/1: 40 items
  semrush: 7 listed, 0 profiles to fetch
  semrush|ux|minneapolis p1/1: 7 items
  semrush: 40 listed, 0 profiles to fetch
  semrush|ux|minnesota p1/1: 40 items
  semrush: 40 listed, 0 profiles to fetch
  semrush|ux|nevada p1/1: 40 items
  semrush: 40 listed, 0 profiles to fetch
  semrush|ux|new-jersey p1/1: 40 items
  semrush: 40 listed, 0 profiles to fetch
  semrush|ux|new-york p1/2: 40 items
  semrush: 4 listed, 0 profiles to fetch
  semrush|ux|new-york p2/2: 4 items
  semrush: 40 listed, 0 profiles to fetch
  semrush|ux|new-york-city p1/1: 40 items
  semrush: 40 listed, 0 profiles to fetch
  semrush|ux|north-carolina p1/1: 40 items
  semrush: 40 listed, 0 profiles to fetch
  semrush|ux|ohio p1/1: 40 items
  semrush: 40 listed, 0 profiles to fetch
  semrush|ux|oregon p1/1: 40 items
  semrush: 40 listed, 0 profiles to fetch
  semrush|ux|pennsylvania p1/1: 40 items
  semrush: 17 listed, 0 profiles to fetch
  semrush|ux|philadelphia p1/1: 17 items
  semrush: 14 listed, 0 profiles to fetch
  semrush|ux|phoenix p1/1: 14 items
  semrush: 6 listed, 0 profiles to fetch
  semrush|ux|portland p1/1: 6 items
  semrush: 40 listed, 0 profiles to fetch
  semrush|ux|san-diego p1/1: 40 items
  semrush: 13 listed, 0 profiles to fetch
  semrush|ux|seattle p1/1: 13 items
  semrush: 40 listed, 0 profiles to fetch
  semrush|ux|south-carolina p1/1: 40 items
  semrush: 40 listed, 0 profiles to fetch
  semrush|ux|tampa p1/1: 40 items
  semrush: 40 listed, 0 profiles to fetch
  semrush|ux|tennessee p1/1: 40 items
  semrush: 40 listed, 0 profiles to fetch
  semrush|ux|texas p1/1: 40 items
  semrush: 40 listed, 0 profiles to fetch
  semrush|ux|utah p1/1: 40 items
  semrush: 40 listed, 0 profiles to fetch
  semrush|ux|virginia p1/1: 40 items
  semrush: 40 listed, 0 profiles to fetch
  semrush|ux|washington p1/1: 40 items
== semrush / au
  semrush: 40 listed, 38 profiles to fetch
  semrush|web-design|australia p2/3: 40 items
  semrush: 12 listed, 12 profiles to fetch
  semrush|web-design|australia p3/3: 12 items
  semrush: 40 listed, 5 profiles to fetch
  semrush|web-design|sydney p1/1: 40 items
  semrush: 40 listed, 9 profiles to fetch
  semrush|web-design|melbourne p1/1: 40 items
  semrush: 40 listed, 12 profiles to fetch
  semrush|web-development|australia p1/3: 40 items
  semrush: 40 listed, 4 profiles to fetch
  semrush|web-development|australia p2/3: 40 items
  semrush: 18 listed, 1 profiles to fetch
  semrush|web-development|australia p3/3: 18 items
  semrush: 40 listed, 1 profiles to fetch
  semrush|web-development|sydney p1/1: 40 items
  semrush: 40 listed, 0 profiles to fetch
  semrush|web-development|melbourne p1/1: 40 items
  semrush: 40 listed, 0 profiles to fetch
  semrush|ux|australia p1/2: 40 items
  semrush: 20 listed, 0 profiles to fetch
  semrush|ux|australia p2/2: 20 items
  semrush: 40 listed, 2 profiles to fetch
  semrush|ux|sydney p1/1: 40 items
  semrush: 40 listed, 1 profiles to fetch
  semrush|ux|melbourne p1/1: 40 items
store semrush.csv: 665 domains (+655 new this run, 10 before)
done in 954s
