== shopify / uk
  shopify: 16 listed, 16 profiles to fetch
  shopify|united-kingdom p1/29: 16 items
  shopify: 16 listed, 16 profiles to fetch
  shopify|united-kingdom p2/29: 16 items
  shopify: 16 listed, 16 profiles to fetch
  shopify|united-kingdom p3/29: 16 items
  shopify: 16 listed, 16 profiles to fetch
  shopify|united-kingdom p4/29: 16 items
  shopify: 16 listed, 16 profiles to fetch
  shopify|united-kingdom p5/29: 16 items
  shopify: 16 listed, 16 profiles to fetch
  shopify|united-kingdom p6/29: 16 items
  shopify: 16 listed, 16 profiles to fetch
  shopify|united-kingdom p7/29: 16 items
  shopify: 16 listed, 16 profiles to fetch
  shopify|united-kingdom p8/29: 16 items
  shopify: 16 listed, 16 profiles to fetch
  shopify|united-kingdom p9/29: 16 items
  shopify: 16 listed, 16 profiles to fetch
  shopify|united-kingdom p10/29: 16 items
  shopify: 15 listed, 15 profiles to fetch
  shopify|united-kingdom p11/29: 15 items
  shopify: 16 listed, 16 profiles to fetch
  shopify|united-kingdom p12/29: 16 items
  shopify: 16 listed, 16 profiles to fetch
  shopify|united-kingdom p13/29: 16 items
  shopify: 16 listed, 16 profiles to fetch
  shopify|united-kingdom p14/29: 16 items
  shopify: 16 listed, 16 profiles to fetch
  shopify|united-kingdom p15/29: 16 items
  shopify: 16 listed, 16 profiles to fetch
  shopify|united-kingdom p16/29: 16 items
  shopify: 16 listed, 16 profiles to fetch
  shopify|united-kingdom p17/29: 16 items
  shopify: 16 listed, 16 profiles to fetch
  shopify|united-kingdom p18/29: 16 items
  shopify: 15 listed, 15 profiles to fetch
  shopify|united-kingdom p19/29: 15 items
  shopify: 16 listed, 16 profiles to fetch
  shopify|united-kingdom p20/29: 16 items
  shopify: 16 listed, 16 profiles to fetch
  shopify|united-kingdom p21/29: 16 items
  shopify: 16 listed, 16 profiles to fetch
  shopify|united-kingdom p22/29: 16 items
  shopify: 16 listed, 16 profiles to fetch
  shopify|united-kingdom p23/29: 16 items
  shopify: 16 listed, 16 profiles to fetch
  shopify|united-kingdom p24/29: 16 items
  shopify: 16 listed, 16 profiles to fetch
  shopify|united-kingdom p25/29: 16 items
  shopify: 16 listed, 16 profiles to fetch
  shopify|united-kingdom p26/29: 16 items
  shopify: 16 listed, 16 profiles to fetch
  shopify|united-kingdom p27/29: 16 items
  shopify: 16 listed, 16 profiles to fetch
  shopify|united-kingdom p28/29: 16 items
  shopify: 7 listed, 7 profiles to fetch
  shopify|united-kingdom p29/29: 7 items
== shopify / ie
  shopify: 16 listed, 16 profiles to fetch
  shopify|ireland p1/2: 16 items
  shopify: 14 listed, 14 profiles to fetch
  shopify|ireland p2/2: 14 items
store shopify-ukie.csv: 422 domains (+422 new this run, 0 before)
done in 527s
