== selectedfirms / uk
  selectedfirms|web-design|uk p1/20: 48 items
  selectedfirms|web-design|uk p2/20: 48 items
  selectedfirms|web-design|uk p3/20: 49 items
  selectedfirms|web-design|uk p4/20: 49 items
  selectedfirms|web-design|uk p5/20: 48 items
  selectedfirms|web-design|uk p6/20: 49 items
  selectedfirms|web-design|uk p7/20: 50 items
  selectedfirms|web-design|uk p8/20: 49 items
  selectedfirms|web-design|uk p9/20: 48 items
  selectedfirms|web-design|uk p10/20: 49 items
  selectedfirms|web-design|uk p11/20: 49 items
  selectedfirms|web-design|uk p12/20: 50 items
  selectedfirms|web-design|uk p13/20: 49 items
  selectedfirms|web-design|uk p14/20: 50 items
  selectedfirms|web-design|uk p15/20: 46 items
  selectedfirms|web-design|uk p16/20: 49 items
  selectedfirms|web-design|uk p17/20: 46 items
  selectedfirms|web-design|uk p18/20: 49 items
  selectedfirms|web-design|uk p19/20: 50 items
  selectedfirms|web-design|uk p20/20: 37 items
  selectedfirms|web-development|uk p1/20: 26 items
  selectedfirms|web-development|uk p2/20: 26 items
  selectedfirms|web-development|uk p3/20: 21 items
  selectedfirms|web-development|uk p4/20: 13 items
  selectedfirms|web-development|uk p5/20: 20 items
  selectedfirms|web-development|uk p6/20: 20 items
  selectedfirms|web-development|uk p7/20: 23 items
  selectedfirms|web-development|uk p8/20: 16 items
  selectedfirms|web-development|uk p9/20: 23 items
  selectedfirms|web-development|uk p10/20: 35 items
  selectedfirms|web-development|uk p11/20: 28 items
  selectedfirms|web-development|uk p12/20: 32 items
  selectedfirms|web-development|uk p13/20: 32 items
  selectedfirms|web-development|uk p14/20: 22 items
  selectedfirms|web-development|uk p15/20: 20 items
  selectedfirms|web-development|uk p16/20: 13 items
  selectedfirms|web-development|uk p17/20: 17 items
  selectedfirms|web-development|uk p18/20: 6 items
  selectedfirms|web-development|uk p19/20: 21 items
  selectedfirms|web-development|uk p20/20: 8 items
  selectedfirms|ecommerce-development|uk p1/13: 17 items
  selectedfirms|ecommerce-development|uk p2/13: 12 items
  selectedfirms|ecommerce-development|uk p3/13: 15 items
  selectedfirms|ecommerce-development|uk p4/13: 1 items
  selectedfirms|ecommerce-development|uk p5/13: 10 items
  selectedfirms|ecommerce-development|uk p6/13: 19 items
  selectedfirms|ecommerce-development|uk p7/13: 20 items
  selectedfirms|ecommerce-development|uk p8/13: 12 items
  selectedfirms|ecommerce-development|uk p9/13: 9 items
  selectedfirms|ecommerce-development|uk p10/13: 7 items
  selectedfirms|ecommerce-development|uk p11/13: 5 items
  selectedfirms|ecommerce-development|uk p12/13: 7 items
  selectedfirms|ecommerce-development|uk p13/13: 3 items
  selectedfirms|shopify-development|uk p1/?: 0 items
  selectedfirms|shopify-development|uk p2/?: 0 items
  selectedfirms|wordpress-development|uk p1/7: 3 items
  selectedfirms|wordpress-development|uk p2/7: 1 items
  selectedfirms|wordpress-development|uk p3/7: 6 items
  selectedfirms|wordpress-development|uk p4/7: 2 items
  selectedfirms|wordpress-development|uk p5/7: 1 items
  selectedfirms|wordpress-development|uk p6/7: 0 items
  selectedfirms|wordpress-development|uk p7/7: 0 items
  selectedfirms|magento-development|uk p1/5: 0 items
  selectedfirms|magento-development|uk p2/5: 0 items
  selectedfirms|woocommerce-development|uk p1/6: 0 items
  selectedfirms|woocommerce-development|uk p2/6: 0 items
  selectedfirms|bigcommerce-development|uk p1/3: 0 items
  selectedfirms|bigcommerce-development|uk p2/3: 0 items
  selectedfirms|webflow-development|uk p1/?: 0 items
  selectedfirms|webflow-development|uk p2/?: 0 items
  selectedfirms|squarespace-development|uk p1/2: 3 items
  selectedfirms|squarespace-development|uk p2/2: 0 items
  selectedfirms|wix-development|uk p1/2: 5 items
  selectedfirms|wix-development|uk p2/2: 0 items
  selectedfirms|ui-ux-design|uk p1/?: 0 items
  selectedfirms|ui-ux-design|uk p2/?: 0 items
== selectedfirms / ie
store selectedfirms-ukie.csv: 1542 domains (+1542 new this run, 0 before)
done in 91s
