== sortlist / au
  sortlist: 20 listed, 20 profiles to fetch
  sortlist|web-design|australia-au p1/3: 20 items
  sortlist: 100 listed, 100 profiles to fetch
  sortlist|web-design|australia-au p2/3: 100 items
  sortlist: 52 listed, 52 profiles to fetch
  sortlist|web-design|australia-au p3/3: 52 items
  sortlist: 20 listed, 0 profiles to fetch
  sortlist|web-design|sydney-au p1/2: 20 items
  sortlist: 34 listed, 0 profiles to fetch
  sortlist|web-design|sydney-au p2/2: 34 items
  sortlist: 20 listed, 0 profiles to fetch
  sortlist|web-design|melbourne-au p1/2: 20 items
  sortlist: 44 listed, 0 profiles to fetch
  sortlist|web-design|melbourne-au p2/2: 44 items
  sortlist: 20 listed, 0 profiles to fetch
  sortlist|web-design|brisbane-au p1/2: 20 items
  sortlist: 14 listed, 0 profiles to fetch
  sortlist|web-design|brisbane-au p2/2: 14 items
  sortlist: 0 listed, 0 profiles to fetch
  sortlist|web-design|perth-au p1/?: 0 items
  sortlist: 0 listed, 0 profiles to fetch
  sortlist|web-design|perth-au p2/?: 0 items
  sortlist: 20 listed, 8 profiles to fetch
  sortlist|web-development|australia-au p1/4: 20 items
  sortlist: 100 listed, 80 profiles to fetch
  sortlist|web-development|australia-au p2/4: 100 items
  sortlist: 100 listed, 71 profiles to fetch
  sortlist|web-development|australia-au p3/4: 100 items
  sortlist: 5 listed, 1 profiles to fetch
  sortlist|web-development|australia-au p4/4: 5 items
  sortlist: 20 listed, 0 profiles to fetch
  sortlist|web-development|sydney-au p1/2: 20 items
  sortlist: 48 listed, 0 profiles to fetch
  sortlist|web-development|sydney-au p2/2: 48 items
  sortlist: 20 listed, 0 profiles to fetch
  sortlist|web-development|melbourne-au p1/2: 20 items
  sortlist: 56 listed, 0 profiles to fetch
  sortlist|web-development|melbourne-au p2/2: 56 items
  sortlist: 20 listed, 2 profiles to fetch
  sortlist|web-development|brisbane-au p1/2: 20 items
  sortlist: 20 listed, 0 profiles to fetch
  sortlist|web-development|brisbane-au p2/2: 20 items
  sortlist: 20 listed, 3 profiles to fetch
  sortlist|web-development|perth-au p1/1: 20 items
  sortlist: 20 listed, 4 profiles to fetch
  sortlist|ecommerce|australia-au p1/3: 20 items
  sortlist: 101 listed, 49 profiles to fetch
  sortlist|ecommerce|australia-au p2/3: 101 items
  sortlist: 29 listed, 7 profiles to fetch
  sortlist|ecommerce|australia-au p3/3: 29 items
  sortlist: 20 listed, 0 profiles to fetch
  sortlist|ecommerce|sydney-au p1/2: 20 items
  sortlist: 31 listed, 0 profiles to fetch
  sortlist|ecommerce|sydney-au p2/2: 31 items
  sortlist: 20 listed, 0 profiles to fetch
  sortlist|ecommerce|melbourne-au p1/2: 20 items
  sortlist: 48 listed, 0 profiles to fetch
  sortlist|ecommerce|melbourne-au p2/2: 48 items
  sortlist: 20 listed, 0 profiles to fetch
  sortlist|ecommerce|brisbane-au p1/2: 20 items
  sortlist: 11 listed, 0 profiles to fetch
  sortlist|ecommerce|brisbane-au p2/2: 11 items
  sortlist: 15 listed, 0 profiles to fetch
  sortlist|ecommerce|perth-au p1/1: 15 items
store sortlist-au.csv: 9 domains (+9 new this run, 0 before)
done in 459s
