== techbehemoths / uk
  techbehemoths|web-design|united-kingdom p1/164: 9 items
  techbehemoths|web-design|united-kingdom p2/164: 11 items
  techbehemoths|web-design|united-kingdom p3/164: 14 items
  techbehemoths|web-design|united-kingdom p4/164: 16 items
  techbehemoths|web-design|united-kingdom p5/164: 13 items
  techbehemoths|web-design|united-kingdom p6/164: 19 items
  techbehemoths|web-design|united-kingdom p7/164: 14 items
  techbehemoths|web-design|united-kingdom p8/164: 20 items
  techbehemoths|web-design|united-kingdom p9/164: 19 items
  techbehemoths|web-design|united-kingdom p10/164: 21 items
  techbehemoths|web-design|united-kingdom p11/164: 16 items
  techbehemoths|web-design|united-kingdom p12/164: 22 items
  techbehemoths|web-design|united-kingdom p13/164: 18 items
  techbehemoths|web-design|united-kingdom p14/164: 18 items
  techbehemoths|web-design|united-kingdom p15/164: 19 items
  techbehemoths|web-design|united-kingdom p16/164: 18 items
  techbehemoths|web-design|united-kingdom p17/164: 20 items
  techbehemoths|web-design|united-kingdom p18/164: 20 items
  techbehemoths|web-design|united-kingdom p19/164: 21 items
  techbehemoths|web-design|united-kingdom p20/164: 19 items
  techbehemoths|web-design|united-kingdom p21/164: 19 items
  techbehemoths|web-design|united-kingdom p22/164: 23 items
  techbehemoths|web-design|united-kingdom p23/164: 21 items
  techbehemoths|web-design|united-kingdom p24/164: 18 items
  techbehemoths|web-design|united-kingdom p25/164: 22 items
  techbehemoths|web-design|united-kingdom p26/164: 21 items
  techbehemoths|web-design|united-kingdom p27/164: 24 items
  techbehemoths|web-design|united-kingdom p28/164: 23 items
  techbehemoths|web-design|united-kingdom p29/164: 24 items
  techbehemoths|web-design|united-kingdom p30/164: 24 items
  techbehemoths|web-design|united-kingdom p31/164: 23 items
  techbehemoths|web-design|united-kingdom p32/164: 24 items
  techbehemoths|web-design|united-kingdom p33/164: 23 items
  techbehemoths|web-design|united-kingdom p34/164: 24 items
  techbehemoths|web-design|united-kingdom p35/164: 21 items
  techbehemoths|web-design|united-kingdom p36/164: 23 items
  techbehemoths|web-design|united-kingdom p37/164: 21 items
  techbehemoths|web-design|united-kingdom p38/164: 24 items
  techbehemoths|web-design|united-kingdom p39/164: 24 items
  techbehemoths|web-design|united-kingdom p40/164: 20 items
  techbehemoths|web-design|united-kingdom p41/164: 24 items
  techbehemoths|web-design|united-kingdom p42/164: 23 items
  techbehemoths|web-design|united-kingdom p43/164: 23 items
  techbehemoths|web-design|united-kingdom p44/164: 22 items
  techbehemoths|web-design|united-kingdom p45/164: 24 items
  techbehemoths|web-design|united-kingdom p46/164: 24 items
  techbehemoths|web-design|united-kingdom p47/164: 21 items
  techbehemoths|web-design|united-kingdom p48/164: 24 items
  techbehemoths|web-design|united-kingdom p49/164: 22 items
  techbehemoths|web-design|united-kingdom p50/164: 24 items
  techbehemoths|web-design|united-kingdom p51/164: 23 items
  techbehemoths|web-design|united-kingdom p52/164: 23 items
  techbehemoths|web-design|united-kingdom p53/164: 23 items
  techbehemoths|web-design|united-kingdom p54/164: 22 items
  techbehemoths|web-design|united-kingdom p55/164: 24 items
  techbehemoths|web-design|united-kingdom p56/164: 21 items
  techbehemoths|web-design|united-kingdom p57/164: 23 items
  techbehemoths|web-design|united-kingdom p58/164: 24 items
  techbehemoths|web-design|united-kingdom p59/164: 24 items
  techbehemoths|web-design|united-kingdom p60/164: 20 items
  techbehemoths|web-design|united-kingdom p61/164: 24 items
  techbehemoths|web-design|united-kingdom p62/164: 22 items
  techbehemoths|web-design|united-kingdom p63/164: 23 items
  techbehemoths|web-design|united-kingdom p64/164: 24 items
  techbehemoths|web-design|united-kingdom p65/164: 23 items
  techbehemoths|web-design|united-kingdom p66/164: 23 items
  techbehemoths|web-design|united-kingdom p67/164: 24 items
  techbehemoths|web-design|united-kingdom p68/164: 24 items
  techbehemoths|web-design|united-kingdom p69/164: 23 items
  techbehemoths|web-design|united-kingdom p70/164: 24 items
  techbehemoths|web-design|united-kingdom p71/164: 24 items
  techbehemoths|web-design|united-kingdom p72/164: 23 items
  techbehemoths|web-design|united-kingdom p73/164: 21 items
  techbehemoths|web-design|united-kingdom p74/164: 21 items
  techbehemoths|web-design|united-kingdom p75/164: 24 items
  techbehemoths|web-design|united-kingdom p76/164: 23 items
  techbehemoths|web-design|united-kingdom p77/164: 24 items
  techbehemoths|web-design|united-kingdom p78/164: 24 items
  techbehemoths|web-design|united-kingdom p79/164: 23 items
  techbehemoths|web-design|united-kingdom p80/164: 23 items
  techbehemoths|web-design|united-kingdom p81/164: 23 items
  techbehemoths|web-design|united-kingdom p82/164: 24 items
  techbehemoths|web-design|united-kingdom p83/164: 20 items
  techbehemoths|web-design|united-kingdom p84/164: 23 items
  techbehemoths|web-design|united-kingdom p85/164: 24 items
  techbehemoths|web-design|united-kingdom p86/164: 24 items
  techbehemoths|web-design|united-kingdom p87/164: 23 items
  techbehemoths|web-design|united-kingdom p88/164: 24 items
  techbehemoths|web-design|united-kingdom p89/164: 21 items
  techbehemoths|web-design|united-kingdom p90/164: 24 items
  techbehemoths|web-design|united-kingdom p91/164: 24 items
  techbehemoths|web-design|united-kingdom p92/164: 23 items
  techbehemoths|web-design|united-kingdom p93/164: 23 items
  techbehemoths|web-design|united-kingdom p94/164: 23 items
  techbehemoths|web-design|united-kingdom p95/164: 24 items
  techbehemoths|web-design|united-kingdom p96/164: 24 items
  techbehemoths|web-design|united-kingdom p97/164: 23 items
  techbehemoths|web-design|united-kingdom p98/164: 23 items
  techbehemoths|web-design|united-kingdom p99/164: 23 items
  techbehemoths|web-design|united-kingdom p100/164: 24 items
  techbehemoths|web-design|united-kingdom p101/164: 23 items
  techbehemoths|web-design|united-kingdom p102/164: 23 items
  techbehemoths|web-design|united-kingdom p103/164: 24 items
  techbehemoths|web-design|united-kingdom p104/164: 22 items
  techbehemoths|web-design|united-kingdom p105/164: 22 items
  techbehemoths|web-design|united-kingdom p106/164: 24 items
  techbehemoths|web-design|united-kingdom p107/164: 23 items
  techbehemoths|web-design|united-kingdom p108/164: 22 items
  techbehemoths|web-design|united-kingdom p109/164: 24 items
  techbehemoths|web-design|united-kingdom p110/164: 22 items
  techbehemoths|web-design|united-kingdom p111/164: 24 items
  techbehemoths|web-design|united-kingdom p112/164: 24 items
  techbehemoths|web-design|united-kingdom p113/164: 21 items
  techbehemoths|web-design|united-kingdom p114/164: 24 items
  techbehemoths|web-design|united-kingdom p115/164: 22 items
  techbehemoths|web-design|united-kingdom p116/164: 22 items
  techbehemoths|web-design|united-kingdom p117/164: 24 items
  techbehemoths|web-design|united-kingdom p118/164: 23 items
  techbehemoths|web-design|united-kingdom p119/164: 24 items
  techbehemoths|web-design|united-kingdom p120/164: 23 items
  techbehemoths|web-design|united-kingdom p121/164: 21 items
  techbehemoths|web-design|united-kingdom p122/164: 24 items
  techbehemoths|web-design|united-kingdom p123/164: 23 items
  techbehemoths|web-design|united-kingdom p124/164: 22 items
  techbehemoths|web-design|united-kingdom p125/164: 23 items
  techbehemoths|web-design|united-kingdom p126/164: 24 items
  techbehemoths|web-design|united-kingdom p127/164: 22 items
  techbehemoths|web-design|united-kingdom p128/164: 24 items
  techbehemoths|web-design|united-kingdom p129/164: 23 items
  techbehemoths|web-design|united-kingdom p130/164: 24 items
  techbehemoths|web-design|united-kingdom p131/164: 22 items
  techbehemoths|web-design|united-kingdom p132/164: 21 items
  techbehemoths|web-design|united-kingdom p133/164: 23 items
  techbehemoths|web-design|united-kingdom p134/164: 23 items
  techbehemoths|web-design|united-kingdom p135/164: 22 items
  techbehemoths|web-design|united-kingdom p136/164: 23 items
  techbehemoths|web-design|united-kingdom p137/164: 22 items
  techbehemoths|web-design|united-kingdom p138/164: 24 items
  techbehemoths|web-design|united-kingdom p139/164: 22 items
  techbehemoths|web-design|united-kingdom p140/164: 23 items
  techbehemoths|web-design|united-kingdom p141/164: 23 items
  techbehemoths|web-design|united-kingdom p142/164: 22 items
  techbehemoths|web-design|united-kingdom p143/164: 19 items
  techbehemoths|web-design|united-kingdom p144/164: 21 items
  techbehemoths|web-design|united-kingdom p145/164: 21 items
  techbehemoths|web-design|united-kingdom p146/164: 19 items
  techbehemoths|web-design|united-kingdom p147/164: 22 items
  techbehemoths|web-design|united-kingdom p148/164: 22 items
  techbehemoths|web-design|united-kingdom p149/164: 21 items
  techbehemoths|web-design|united-kingdom p150/164: 23 items
  techbehemoths|web-design|united-kingdom p151/164: 21 items
  techbehemoths|web-design|united-kingdom p152/164: 21 items
  techbehemoths|web-design|united-kingdom p153/164: 19 items
  techbehemoths|web-design|united-kingdom p154/164: 22 items
  techbehemoths|web-design|united-kingdom p155/164: 21 items
  techbehemoths|web-design|united-kingdom p156/164: 22 items
  techbehemoths|web-design|united-kingdom p157/164: 23 items
  techbehemoths|web-design|united-kingdom p158/164: 22 items
  techbehemoths|web-design|united-kingdom p159/164: 24 items
  techbehemoths|web-design|united-kingdom p160/164: 23 items
  techbehemoths|web-design|united-kingdom p161/164: 23 items
  techbehemoths|web-design|united-kingdom p162/164: 22 items
  techbehemoths|web-design|united-kingdom p163/164: 22 items
  techbehemoths|web-design|united-kingdom p164/164: 5 items
  techbehemoths|web-development|united-kingdom p1/91: 1 items
  techbehemoths|web-development|united-kingdom p2/91: 3 items
  techbehemoths|web-development|united-kingdom p3/91: 2 items
  techbehemoths|web-development|united-kingdom p4/91: 2 items
  techbehemoths|web-development|united-kingdom p5/91: 4 items
  techbehemoths|web-development|united-kingdom p6/91: 0 items
  techbehemoths|web-development|united-kingdom p7/91: 2 items
  techbehemoths|web-development|united-kingdom p8/91: 0 items
  techbehemoths|web-development|united-kingdom p9/91: 7 items
  techbehemoths|web-development|united-kingdom p10/91: 3 items
  techbehemoths|web-development|united-kingdom p11/91: 6 items
  techbehemoths|web-development|united-kingdom p12/91: 3 items
  techbehemoths|web-development|united-kingdom p13/91: 7 items
  techbehemoths|web-development|united-kingdom p14/91: 7 items
  techbehemoths|web-development|united-kingdom p15/91: 2 items
  techbehemoths|web-development|united-kingdom p16/91: 4 items
  techbehemoths|web-development|united-kingdom p17/91: 3 items
  techbehemoths|web-development|united-kingdom p18/91: 6 items
  techbehemoths|web-development|united-kingdom p19/91: 6 items
  techbehemoths|web-development|united-kingdom p20/91: 4 items
  techbehemoths|web-development|united-kingdom p21/91: 3 items
  techbehemoths|web-development|united-kingdom p22/91: 3 items
  techbehemoths|web-development|united-kingdom p23/91: 7 items
  techbehemoths|web-development|united-kingdom p24/91: 3 items
  techbehemoths|web-development|united-kingdom p25/91: 2 items
  techbehemoths|web-development|united-kingdom p26/91: 5 items
  techbehemoths|web-development|united-kingdom p27/91: 6 items
  techbehemoths|web-development|united-kingdom p28/91: 2 items
  techbehemoths|web-development|united-kingdom p29/91: 4 items
  techbehemoths|web-development|united-kingdom p30/91: 4 items
  techbehemoths|web-development|united-kingdom p31/91: 5 items
  techbehemoths|web-development|united-kingdom p32/91: 3 items
  techbehemoths|web-development|united-kingdom p33/91: 8 items
  techbehemoths|web-development|united-kingdom p34/91: 5 items
  techbehemoths|web-development|united-kingdom p35/91: 3 items
  techbehemoths|web-development|united-kingdom p36/91: 2 items
  techbehemoths|web-development|united-kingdom p37/91: 5 items
  techbehemoths|web-development|united-kingdom p38/91: 4 items
  techbehemoths|web-development|united-kingdom p39/91: 7 items
  techbehemoths|web-development|united-kingdom p40/91: 3 items
  techbehemoths|web-development|united-kingdom p41/91: 7 items
  techbehemoths|web-development|united-kingdom p42/91: 2 items
  techbehemoths|web-development|united-kingdom p43/91: 5 items
  techbehemoths|web-development|united-kingdom p44/91: 6 items
  techbehemoths|web-development|united-kingdom p45/91: 4 items
  techbehemoths|web-development|united-kingdom p46/91: 3 items
  techbehemoths|web-development|united-kingdom p47/91: 3 items
  techbehemoths|web-development|united-kingdom p48/91: 6 items
  techbehemoths|web-development|united-kingdom p49/91: 6 items
  techbehemoths|web-development|united-kingdom p50/91: 5 items
  techbehemoths|web-development|united-kingdom p51/91: 2 items
  techbehemoths|web-development|united-kingdom p52/91: 6 items
  techbehemoths|web-development|united-kingdom p53/91: 5 items
  techbehemoths|web-development|united-kingdom p54/91: 4 items
  techbehemoths|web-development|united-kingdom p55/91: 10 items
  techbehemoths|web-development|united-kingdom p56/91: 5 items
  techbehemoths|web-development|united-kingdom p57/91: 4 items
  techbehemoths|web-development|united-kingdom p58/91: 5 items
  techbehemoths|web-development|united-kingdom p59/91: 10 items
  techbehemoths|web-development|united-kingdom p60/91: 2 items
  techbehemoths|web-development|united-kingdom p61/91: 3 items
  techbehemoths|web-development|united-kingdom p62/91: 8 items
  techbehemoths|web-development|united-kingdom p63/91: 5 items
  techbehemoths|web-development|united-kingdom p64/91: 8 items
  techbehemoths|web-development|united-kingdom p65/91: 6 items
  techbehemoths|web-development|united-kingdom p66/91: 7 items
  techbehemoths|web-development|united-kingdom p67/91: 5 items
  techbehemoths|web-development|united-kingdom p68/91: 5 items
  techbehemoths|web-development|united-kingdom p69/91: 7 items
  techbehemoths|web-development|united-kingdom p70/91: 5 items
  techbehemoths|web-development|united-kingdom p71/91: 2 items
  techbehemoths|web-development|united-kingdom p72/91: 5 items
  techbehemoths|web-development|united-kingdom p73/91: 4 items
  techbehemoths|web-development|united-kingdom p74/91: 6 items
  techbehemoths|web-development|united-kingdom p75/91: 6 items
  techbehemoths|web-development|united-kingdom p76/91: 1 items
  techbehemoths|web-development|united-kingdom p77/91: 6 items
  techbehemoths|web-development|united-kingdom p78/91: 3 items
  techbehemoths|web-development|united-kingdom p79/91: 7 items
  techbehemoths|web-development|united-kingdom p80/91: 8 items
  techbehemoths|web-development|united-kingdom p81/91: 5 items
  techbehemoths|web-development|united-kingdom p82/91: 7 items
  techbehemoths|web-development|united-kingdom p83/91: 2 items
  techbehemoths|web-development|united-kingdom p84/91: 6 items
  techbehemoths|web-development|united-kingdom p85/91: 2 items
  techbehemoths|web-development|united-kingdom p86/91: 7 items
  techbehemoths|web-development|united-kingdom p87/91: 8 items
  techbehemoths|web-development|united-kingdom p88/91: 3 items
  techbehemoths|web-development|united-kingdom p89/91: 6 items
  techbehemoths|web-development|united-kingdom p90/91: 10 items
  techbehemoths|web-development|united-kingdom p91/91: 13 items
  techbehemoths|ecommerce|united-kingdom p1/19: 0 items
  techbehemoths|ecommerce|united-kingdom p2/19: 0 items
  techbehemoths|e-commerce-development|united-kingdom p1/43: 0 items
  techbehemoths|e-commerce-development|united-kingdom p2/43: 0 items
  techbehemoths|shopify|united-kingdom p1/16: 0 items
  techbehemoths|shopify|united-kingdom p2/16: 0 items
  techbehemoths|wordpress|united-kingdom p1/49: 0 items
  techbehemoths|wordpress|united-kingdom p2/49: 0 items
  techbehemoths|webflow|united-kingdom p1/6: 0 items
  techbehemoths|webflow|united-kingdom p2/6: 0 items
  techbehemoths|wix|united-kingdom p1/10: 0 items
  techbehemoths|wix|united-kingdom p2/10: 0 items
  techbehemoths|wix-studio|united-kingdom p1/4: 0 items
  techbehemoths|wix-studio|united-kingdom p2/4: 0 items
  techbehemoths|squarespace|united-kingdom p1/7: 0 items
  techbehemoths|squarespace|united-kingdom p2/7: 0 items
  techbehemoths|woocommerce|united-kingdom p1/16: 0 items
  techbehemoths|woocommerce|united-kingdom p2/16: 0 items
  techbehemoths|magento|united-kingdom p1/11: 0 items
  techbehemoths|magento|united-kingdom p2/11: 1 items
  techbehemoths|magento|united-kingdom p3/11: 0 items
  techbehemoths|magento|united-kingdom p4/11: 1 items
  techbehemoths|magento|united-kingdom p5/11: 1 items
  techbehemoths|magento|united-kingdom p6/11: 2 items
  techbehemoths|magento|united-kingdom p7/11: 2 items
  techbehemoths|magento|united-kingdom p8/11: 0 items
  techbehemoths|magento|united-kingdom p9/11: 0 items
  techbehemoths|bigcommerce|united-kingdom p1/4: 0 items
  techbehemoths|bigcommerce|united-kingdom p2/4: 0 items
  techbehemoths|ux-ui-design|united-kingdom p1/83: 0 items
  techbehemoths|ux-ui-design|united-kingdom p2/83: 1 items
  techbehemoths|ux-ui-design|united-kingdom p3/83: 0 items
  techbehemoths|ux-ui-design|united-kingdom p4/83: 1 items
  techbehemoths|ux-ui-design|united-kingdom p5/83: 0 items
  techbehemoths|ux-ui-design|united-kingdom p6/83: 1 items
  techbehemoths|ux-ui-design|united-kingdom p7/83: 0 items
  techbehemoths|ux-ui-design|united-kingdom p8/83: 1 items
  techbehemoths|ux-ui-design|united-kingdom p9/83: 0 items
  techbehemoths|ux-ui-design|united-kingdom p10/83: 0 items
== techbehemoths / ie
  techbehemoths|web-design|ireland p1/8: 16 items
  techbehemoths|web-design|ireland p2/8: 19 items
  techbehemoths|web-design|ireland p3/8: 19 items
  techbehemoths|web-design|ireland p4/8: 22 items
  techbehemoths|web-design|ireland p5/8: 22 items
  techbehemoths|web-design|ireland p6/8: 23 items
  techbehemoths|web-design|ireland p7/8: 19 items
  techbehemoths|web-design|ireland p8/8: 7 items
  techbehemoths|web-development|ireland p1/7: 4 items
  techbehemoths|web-development|ireland p2/7: 5 items
  techbehemoths|web-development|ireland p3/7: 4 items
  techbehemoths|web-development|ireland p4/7: 5 items
  techbehemoths|web-development|ireland p5/7: 3 items
  techbehemoths|web-development|ireland p6/7: 6 items
  techbehemoths|web-development|ireland p7/7: 3 items
  techbehemoths|ecommerce|ireland p1/2: 1 items
  techbehemoths|ecommerce|ireland p2/2: 0 items
  techbehemoths|e-commerce-development|ireland p1/4: 1 items
  techbehemoths|e-commerce-development|ireland p2/4: 1 items
  techbehemoths|e-commerce-development|ireland p3/4: 1 items
  techbehemoths|e-commerce-development|ireland p4/4: 1 items
  techbehemoths|shopify|ireland p1/2: 0 items
  techbehemoths|shopify|ireland p2/2: 1 items
  techbehemoths|wordpress|ireland p1/4: 0 items
  techbehemoths|wordpress|ireland p2/4: 0 items
  techbehemoths|webflow|ireland p1/1: 0 items
  techbehemoths|wix|ireland p1/1: 0 items
  techbehemoths|wix-studio|ireland p1/1: 0 items
  techbehemoths|squarespace|ireland p1/1: 0 items
  techbehemoths|woocommerce|ireland p1/2: 0 items
  techbehemoths|woocommerce|ireland p2/2: 0 items
  techbehemoths|magento|ireland p1/1: 0 items
  techbehemoths|bigcommerce|ireland p1/1: 0 items
  techbehemoths|ux-ui-design|ireland p1/3: 0 items
  techbehemoths|ux-ui-design|ireland p2/3: 0 items
store techbehemoths-ukie.csv: 4223 domains (+4223 new this run, 0 before)
done in 931s
