== sortlist / uk
== sortlist / ie
  sortlist: 20 listed, 20 profiles to fetch
  sortlist|web-design|ireland-ie p1/2: 20 items
  sortlist: 33 listed, 33 profiles to fetch
  sortlist|web-design|ireland-ie p2/2: 33 items
  sortlist: 20 listed, 0 profiles to fetch
  sortlist|web-design|dublin-ie p1/2: 20 items
  sortlist: 26 listed, 0 profiles to fetch
  sortlist|web-design|dublin-ie p2/2: 26 items
  sortlist: 20 listed, 6 profiles to fetch
  sortlist|web-development|ireland-ie p1/2: 20 items
  sortlist: 60 listed, 42 profiles to fetch
  sortlist|web-development|ireland-ie p2/2: 60 items
  sortlist: 20 listed, 0 profiles to fetch
  sortlist|web-development|dublin-ie p1/2: 20 items
  sortlist: 53 listed, 0 profiles to fetch
  sortlist|web-development|dublin-ie p2/2: 53 items
  sortlist: 20 listed, 11 profiles to fetch
  sortlist|ecommerce|ireland-ie p1/2: 20 items
  sortlist: 28 listed, 7 profiles to fetch
  sortlist|ecommerce|ireland-ie p2/2: 28 items
  sortlist: 23 listed, 23 profiles to fetch
  sortlist|ecommerce|dublin-ie p1/56: 23 items
  sortlist: 23 listed, 0 profiles to fetch
  sortlist|ecommerce|dublin-ie p2/56: 23 items
  sortlist: 23 listed, 0 profiles to fetch
  sortlist|ecommerce|dublin-ie p3/56: 23 items
  sortlist: 23 listed, 0 profiles to fetch
  sortlist|ecommerce|dublin-ie p4/56: 23 items
  sortlist: 23 listed, 0 profiles to fetch
  sortlist|ecommerce|dublin-ie p5/56: 23 items
  sortlist: 23 listed, 0 profiles to fetch
  sortlist|ecommerce|dublin-ie p6/56: 23 items
  sortlist: 23 listed, 0 profiles to fetch
  sortlist|ecommerce|dublin-ie p7/56: 23 items
  sortlist: 23 listed, 0 profiles to fetch
  sortlist|ecommerce|dublin-ie p8/56: 23 items
  sortlist: 23 listed, 0 profiles to fetch
  sortlist|ecommerce|dublin-ie p9/56: 23 items
  sortlist: 23 listed, 0 profiles to fetch
  sortlist|ecommerce|dublin-ie p10/56: 23 items
  sortlist: 23 listed, 0 profiles to fetch
  sortlist|ecommerce|dublin-ie p11/56: 23 items
  sortlist: 23 listed, 0 profiles to fetch
  sortlist|ecommerce|dublin-ie p12/56: 23 items
  sortlist: 23 listed, 0 profiles to fetch
  sortlist|ecommerce|dublin-ie p13/56: 23 items
  sortlist: 23 listed, 0 profiles to fetch
  sortlist|ecommerce|dublin-ie p14/56: 23 items
  sortlist: 23 listed, 0 profiles to fetch
  sortlist|ecommerce|dublin-ie p15/56: 23 items
  sortlist: 23 listed, 0 profiles to fetch
  sortlist|ecommerce|dublin-ie p16/56: 23 items
  sortlist: 23 listed, 0 profiles to fetch
  sortlist|ecommerce|dublin-ie p17/56: 23 items
  sortlist: 23 listed, 0 profiles to fetch
  sortlist|ecommerce|dublin-ie p18/56: 23 items
  sortlist: 23 listed, 0 profiles to fetch
  sortlist|ecommerce|dublin-ie p19/56: 23 items
  sortlist: 23 listed, 0 profiles to fetch
  sortlist|ecommerce|dublin-ie p20/56: 23 items
  sortlist: 23 listed, 0 profiles to fetch
  sortlist|ecommerce|dublin-ie p21/56: 23 items
  sortlist: 23 listed, 0 profiles to fetch
  sortlist|ecommerce|dublin-ie p22/56: 23 items
  sortlist: 23 listed, 0 profiles to fetch
  sortlist|ecommerce|dublin-ie p23/56: 23 items
  sortlist: 23 listed, 0 profiles to fetch
  sortlist|ecommerce|dublin-ie p24/56: 23 items
  sortlist: 23 listed, 0 profiles to fetch
  sortlist|ecommerce|dublin-ie p25/56: 23 items
  sortlist: 23 listed, 0 profiles to fetch
  sortlist|ecommerce|dublin-ie p26/56: 23 items
  sortlist: 23 listed, 0 profiles to fetch
  sortlist|ecommerce|dublin-ie p27/56: 23 items
  sortlist: 23 listed, 0 profiles to fetch
  sortlist|ecommerce|dublin-ie p28/56: 23 items
  sortlist: 23 listed, 0 profiles to fetch
  sortlist|ecommerce|dublin-ie p29/56: 23 items
  sortlist: 23 listed, 0 profiles to fetch
  sortlist|ecommerce|dublin-ie p30/56: 23 items
  sortlist: 23 listed, 0 profiles to fetch
  sortlist|ecommerce|dublin-ie p31/56: 23 items
  sortlist: 23 listed, 0 profiles to fetch
  sortlist|ecommerce|dublin-ie p32/56: 23 items
  sortlist: 23 listed, 0 profiles to fetch
  sortlist|ecommerce|dublin-ie p33/56: 23 items
  sortlist: 23 listed, 0 profiles to fetch
  sortlist|ecommerce|dublin-ie p34/56: 23 items
  sortlist: 23 listed, 0 profiles to fetch
  sortlist|ecommerce|dublin-ie p35/56: 23 items
  sortlist: 23 listed, 0 profiles to fetch
  sortlist|ecommerce|dublin-ie p36/56: 23 items
  sortlist: 23 listed, 0 profiles to fetch
  sortlist|ecommerce|dublin-ie p37/56: 23 items
  sortlist: 23 listed, 0 profiles to fetch
  sortlist|ecommerce|dublin-ie p38/56: 23 items
  sortlist: 23 listed, 0 profiles to fetch
  sortlist|ecommerce|dublin-ie p39/56: 23 items
  sortlist: 23 listed, 0 profiles to fetch
  sortlist|ecommerce|dublin-ie p40/56: 23 items
  sortlist: 23 listed, 0 profiles to fetch
  sortlist|ecommerce|dublin-ie p41/56: 23 items
  sortlist: 23 listed, 0 profiles to fetch
  sortlist|ecommerce|dublin-ie p42/56: 23 items
  sortlist: 23 listed, 0 profiles to fetch
  sortlist|ecommerce|dublin-ie p43/56: 23 items
  sortlist: 23 listed, 0 profiles to fetch
  sortlist|ecommerce|dublin-ie p44/56: 23 items
  sortlist: 23 listed, 0 profiles to fetch
  sortlist|ecommerce|dublin-ie p45/56: 23 items
  sortlist: 23 listed, 0 profiles to fetch
  sortlist|ecommerce|dublin-ie p46/56: 23 items
  sortlist: 23 listed, 0 profiles to fetch
  sortlist|ecommerce|dublin-ie p47/56: 23 items
  sortlist: 23 listed, 0 profiles to fetch
  sortlist|ecommerce|dublin-ie p48/56: 23 items
  sortlist: 23 listed, 0 profiles to fetch
  sortlist|ecommerce|dublin-ie p49/56: 23 items
  sortlist: 23 listed, 0 profiles to fetch
  sortlist|ecommerce|dublin-ie p50/56: 23 items
  sortlist: 23 listed, 0 profiles to fetch
  sortlist|ecommerce|dublin-ie p51/56: 23 items
  sortlist: 23 listed, 0 profiles to fetch
  sortlist|ecommerce|dublin-ie p52/56: 23 items
  sortlist: 23 listed, 0 profiles to fetch
  sortlist|ecommerce|dublin-ie p53/56: 23 items
  sortlist: 23 listed, 0 profiles to fetch
  sortlist|ecommerce|dublin-ie p54/56: 23 items
  sortlist: 23 listed, 0 profiles to fetch
  sortlist|ecommerce|dublin-ie p55/56: 23 items
  sortlist: 23 listed, 0 profiles to fetch
  sortlist|ecommerce|dublin-ie p56/56: 23 items
store sortlist-ukie.csv: 22 domains (+22 new this run, 0 before)
done in 233s
