== techbehemoths / us
  techbehemoths|web-design|united-states p1/511: 14 items
  techbehemoths|web-design|united-states p2/511: 16 items
  techbehemoths|web-design|united-states p3/511: 14 items
  techbehemoths|web-design|united-states p4/511: 15 items
  techbehemoths|web-design|united-states p5/511: 14 items
  techbehemoths|web-design|united-states p6/511: 19 items
  techbehemoths|web-design|united-states p7/511: 15 items
  techbehemoths|web-design|united-states p8/511: 15 items
  techbehemoths|web-design|united-states p9/511: 14 items
  techbehemoths|web-design|united-states p10/511: 13 items
  techbehemoths|web-design|united-states p11/511: 16 items
  techbehemoths|web-design|united-states p12/511: 17 items
  techbehemoths|web-design|united-states p13/511: 17 items
  techbehemoths|web-design|united-states p14/511: 17 items
  techbehemoths|web-design|united-states p15/511: 14 items
  techbehemoths|web-design|united-states p16/511: 17 items
  techbehemoths|web-design|united-states p17/511: 18 items
  techbehemoths|web-design|united-states p18/511: 15 items
  techbehemoths|web-design|united-states p19/511: 20 items
  techbehemoths|web-design|united-states p20/511: 22 items
  techbehemoths|web-design|united-states p21/511: 23 items
  techbehemoths|web-design|united-states p22/511: 16 items
  techbehemoths|web-design|united-states p23/511: 19 items
  techbehemoths|web-design|united-states p24/511: 22 items
  techbehemoths|web-design|united-states p25/511: 21 items
  techbehemoths|web-design|united-states p26/511: 18 items
  techbehemoths|web-design|united-states p27/511: 22 items
  techbehemoths|web-design|united-states p28/511: 20 items
  techbehemoths|web-design|united-states p29/511: 22 items
  techbehemoths|web-design|united-states p30/511: 19 items
  techbehemoths|web-design|united-states p31/511: 21 items
  techbehemoths|web-design|united-states p32/511: 22 items
  techbehemoths|web-design|united-states p33/511: 21 items
  techbehemoths|web-design|united-states p34/511: 20 items
  techbehemoths|web-design|united-states p35/511: 21 items
  techbehemoths|web-design|united-states p36/511: 18 items
  techbehemoths|web-design|united-states p37/511: 21 items
  techbehemoths|web-design|united-states p38/511: 21 items
  techbehemoths|web-design|united-states p39/511: 15 items
  techbehemoths|web-design|united-states p40/511: 18 items
  techbehemoths|web-design|united-states p41/511: 20 items
  techbehemoths|web-design|united-states p42/511: 21 items
  techbehemoths|web-design|united-states p43/511: 19 items
  techbehemoths|web-design|united-states p44/511: 21 items
  techbehemoths|web-design|united-states p45/511: 24 items
  techbehemoths|web-design|united-states p46/511: 24 items
  techbehemoths|web-design|united-states p47/511: 22 items
  techbehemoths|web-design|united-states p48/511: 22 items
  techbehemoths|web-design|united-states p49/511: 20 items
  techbehemoths|web-design|united-states p50/511: 21 items
  techbehemoths|web-design|united-states p51/511: 24 items
  techbehemoths|web-design|united-states p52/511: 22 items
  techbehemoths|web-design|united-states p53/511: 20 items
  techbehemoths|web-design|united-states p54/511: 20 items
  techbehemoths|web-design|united-states p55/511: 21 items
  techbehemoths|web-design|united-states p56/511: 21 items
  techbehemoths|web-design|united-states p57/511: 23 items
  techbehemoths|web-design|united-states p58/511: 15 items
  techbehemoths|web-design|united-states p59/511: 23 items
  techbehemoths|web-design|united-states p60/511: 23 items
  techbehemoths|web-design|united-states p61/511: 21 items
  techbehemoths|web-design|united-states p62/511: 19 items
  techbehemoths|web-design|united-states p63/511: 22 items
  techbehemoths|web-design|united-states p64/511: 21 items
  techbehemoths|web-design|united-states p65/511: 22 items
  techbehemoths|web-design|united-states p66/511: 24 items
  techbehemoths|web-design|united-states p67/511: 20 items
  techbehemoths|web-design|united-states p68/511: 18 items
  techbehemoths|web-design|united-states p69/511: 18 items
  techbehemoths|web-design|united-states p70/511: 23 items
  techbehemoths|web-design|united-states p71/511: 20 items
  techbehemoths|web-design|united-states p72/511: 23 items
  techbehemoths|web-design|united-states p73/511: 22 items
  techbehemoths|web-design|united-states p74/511: 19 items
  techbehemoths|web-design|united-states p75/511: 21 items
  techbehemoths|web-design|united-states p76/511: 23 items
  techbehemoths|web-design|united-states p77/511: 19 items
  techbehemoths|web-design|united-states p78/511: 24 items
  techbehemoths|web-design|united-states p79/511: 19 items
  techbehemoths|web-design|united-states p80/511: 22 items
  techbehemoths|web-design|united-states p81/511: 23 items
  techbehemoths|web-design|united-states p82/511: 24 items
  techbehemoths|web-design|united-states p83/511: 21 items
  techbehemoths|web-design|united-states p84/511: 24 items
  techbehemoths|web-design|united-states p85/511: 23 items
  techbehemoths|web-design|united-states p86/511: 21 items
  techbehemoths|web-design|united-states p87/511: 23 items
  techbehemoths|web-design|united-states p88/511: 20 items
  techbehemoths|web-design|united-states p89/511: 23 items
  techbehemoths|web-design|united-states p90/511: 21 items
  techbehemoths|web-design|united-states p91/511: 24 items
  techbehemoths|web-design|united-states p92/511: 22 items
  techbehemoths|web-design|united-states p93/511: 23 items
  techbehemoths|web-design|united-states p94/511: 23 items
  techbehemoths|web-design|united-states p95/511: 23 items
  techbehemoths|web-design|united-states p96/511: 24 items
  techbehemoths|web-design|united-states p97/511: 23 items
  techbehemoths|web-design|united-states p98/511: 23 items
  techbehemoths|web-design|united-states p99/511: 24 items
  techbehemoths|web-design|united-states p100/511: 24 items
  techbehemoths|web-design|united-states p101/511: 24 items
  techbehemoths|web-design|united-states p102/511: 22 items
  techbehemoths|web-design|united-states p103/511: 24 items
  techbehemoths|web-design|united-states p104/511: 23 items
  techbehemoths|web-design|united-states p105/511: 23 items
  techbehemoths|web-design|united-states p106/511: 24 items
  techbehemoths|web-design|united-states p107/511: 23 items
  techbehemoths|web-design|united-states p108/511: 21 items
  techbehemoths|web-design|united-states p109/511: 24 items
  techbehemoths|web-design|united-states p110/511: 23 items
  techbehemoths|web-design|united-states p111/511: 24 items
  techbehemoths|web-design|united-states p112/511: 24 items
  techbehemoths|web-design|united-states p113/511: 23 items
  techbehemoths|web-design|united-states p114/511: 23 items
  techbehemoths|web-design|united-states p115/511: 20 items
  techbehemoths|web-design|united-states p116/511: 24 items
  techbehemoths|web-design|united-states p117/511: 24 items
  techbehemoths|web-design|united-states p118/511: 24 items
  techbehemoths|web-design|united-states p119/511: 20 items
  techbehemoths|web-design|united-states p120/511: 23 items
  techbehemoths|web-design|united-states p121/511: 22 items
  techbehemoths|web-design|united-states p122/511: 21 items
  techbehemoths|web-design|united-states p123/511: 24 items
  techbehemoths|web-design|united-states p124/511: 23 items
  techbehemoths|web-design|united-states p125/511: 24 items
  techbehemoths|web-design|united-states p126/511: 23 items
  techbehemoths|web-design|united-states p127/511: 24 items
  techbehemoths|web-design|united-states p128/511: 21 items
  techbehemoths|web-design|united-states p129/511: 23 items
  techbehemoths|web-design|united-states p130/511: 23 items
  techbehemoths|web-design|united-states p131/511: 20 items
  techbehemoths|web-design|united-states p132/511: 23 items
  techbehemoths|web-design|united-states p133/511: 21 items
  techbehemoths|web-design|united-states p134/511: 23 items
  techbehemoths|web-design|united-states p135/511: 22 items
  techbehemoths|web-design|united-states p136/511: 23 items
  techbehemoths|web-design|united-states p137/511: 20 items
  techbehemoths|web-design|united-states p138/511: 23 items
  techbehemoths|web-design|united-states p139/511: 23 items
  techbehemoths|web-design|united-states p140/511: 24 items
  techbehemoths|web-design|united-states p141/511: 23 items
  techbehemoths|web-design|united-states p142/511: 24 items
  techbehemoths|web-design|united-states p143/511: 23 items
  techbehemoths|web-design|united-states p144/511: 23 items
  techbehemoths|web-design|united-states p145/511: 24 items
  techbehemoths|web-design|united-states p146/511: 24 items
  techbehemoths|web-design|united-states p147/511: 22 items
  techbehemoths|web-design|united-states p148/511: 23 items
  techbehemoths|web-design|united-states p149/511: 21 items
  techbehemoths|web-design|united-states p150/511: 23 items
  techbehemoths|web-design|united-states p151/511: 23 items
  techbehemoths|web-design|united-states p152/511: 22 items
  techbehemoths|web-design|united-states p153/511: 24 items
  techbehemoths|web-design|united-states p154/511: 21 items
  techbehemoths|web-design|united-states p155/511: 22 items
  techbehemoths|web-design|united-states p156/511: 23 items
  techbehemoths|web-design|united-states p157/511: 24 items
  techbehemoths|web-design|united-states p158/511: 24 items
  techbehemoths|web-design|united-states p159/511: 23 items
  techbehemoths|web-design|united-states p160/511: 22 items
  techbehemoths|web-design|united-states p161/511: 23 items
  techbehemoths|web-design|united-states p162/511: 22 items
  techbehemoths|web-design|united-states p163/511: 22 items
  techbehemoths|web-design|united-states p164/511: 24 items
  techbehemoths|web-design|united-states p165/511: 24 items
  techbehemoths|web-design|united-states p166/511: 23 items
  techbehemoths|web-design|united-states p167/511: 23 items
  techbehemoths|web-design|united-states p168/511: 20 items
  techbehemoths|web-design|united-states p169/511: 24 items
  techbehemoths|web-design|united-states p170/511: 23 items
  techbehemoths|web-design|united-states p171/511: 23 items
  techbehemoths|web-design|united-states p172/511: 23 items
  techbehemoths|web-design|united-states p173/511: 23 items
  techbehemoths|web-design|united-states p174/511: 22 items
  techbehemoths|web-design|united-states p175/511: 22 items
  techbehemoths|web-design|united-states p176/511: 24 items
  techbehemoths|web-design|united-states p177/511: 23 items
  techbehemoths|web-design|united-states p178/511: 23 items
  techbehemoths|web-design|united-states p179/511: 24 items
  techbehemoths|web-design|united-states p180/511: 23 items
  techbehemoths|web-design|united-states p181/511: 20 items
  techbehemoths|web-design|united-states p182/511: 20 items
  techbehemoths|web-design|united-states p183/511: 23 items
  techbehemoths|web-design|united-states p184/511: 24 items
  techbehemoths|web-design|united-states p185/511: 23 items
  techbehemoths|web-design|united-states p186/511: 22 items
  techbehemoths|web-design|united-states p187/511: 24 items
  techbehemoths|web-design|united-states p188/511: 22 items
  techbehemoths|web-design|united-states p189/511: 22 items
  techbehemoths|web-design|united-states p190/511: 23 items
  techbehemoths|web-design|united-states p191/511: 24 items
  techbehemoths|web-design|united-states p192/511: 24 items
  techbehemoths|web-design|united-states p193/511: 23 items
  techbehemoths|web-design|united-states p194/511: 24 items
  techbehemoths|web-design|united-states p195/511: 22 items
  techbehemoths|web-design|united-states p196/511: 23 items
  techbehemoths|web-design|united-states p197/511: 22 items
  techbehemoths|web-design|united-states p198/511: 23 items
  techbehemoths|web-design|united-states p199/511: 24 items
  techbehemoths|web-design|united-states p200/511: 24 items
  techbehemoths|web-design|united-states p201/511: 24 items
  techbehemoths|web-design|united-states p202/511: 24 items
  techbehemoths|web-design|united-states p203/511: 22 items
  techbehemoths|web-design|united-states p204/511: 19 items
  techbehemoths|web-design|united-states p205/511: 24 items
  techbehemoths|web-design|united-states p206/511: 23 items
  techbehemoths|web-design|united-states p207/511: 23 items
  techbehemoths|web-design|united-states p208/511: 23 items
  techbehemoths|web-design|united-states p209/511: 22 items
  techbehemoths|web-design|united-states p210/511: 22 items
  techbehemoths|web-design|united-states p211/511: 21 items
  techbehemoths|web-design|united-states p212/511: 17 items
  techbehemoths|web-design|united-states p213/511: 23 items
  techbehemoths|web-design|united-states p214/511: 23 items
  techbehemoths|web-design|united-states p215/511: 23 items
  techbehemoths|web-design|united-states p216/511: 24 items
  techbehemoths|web-design|united-states p217/511: 24 items
  techbehemoths|web-design|united-states p218/511: 23 items
  techbehemoths|web-design|united-states p219/511: 23 items
  techbehemoths|web-design|united-states p220/511: 23 items
  techbehemoths|web-design|united-states p221/511: 24 items
  techbehemoths|web-design|united-states p222/511: 21 items
  techbehemoths|web-design|united-states p223/511: 24 items
  techbehemoths|web-design|united-states p224/511: 24 items
  techbehemoths|web-design|united-states p225/511: 23 items
  techbehemoths|web-design|united-states p226/511: 23 items
  techbehemoths|web-design|united-states p227/511: 24 items
  techbehemoths|web-design|united-states p228/511: 24 items
  techbehemoths|web-design|united-states p229/511: 23 items
  techbehemoths|web-design|united-states p230/511: 24 items
  techbehemoths|web-design|united-states p231/511: 23 items
  techbehemoths|web-design|united-states p232/511: 23 items
  techbehemoths|web-design|united-states p233/511: 23 items
  techbehemoths|web-design|united-states p234/511: 20 items
  techbehemoths|web-design|united-states p235/511: 22 items
  techbehemoths|web-design|united-states p236/511: 24 items
  techbehemoths|web-design|united-states p237/511: 23 items
  techbehemoths|web-design|united-states p238/511: 22 items
  techbehemoths|web-design|united-states p239/511: 24 items
  techbehemoths|web-design|united-states p240/511: 21 items
  techbehemoths|web-design|united-states p241/511: 24 items
  techbehemoths|web-design|united-states p242/511: 24 items
  techbehemoths|web-design|united-states p243/511: 24 items
  techbehemoths|web-design|united-states p244/511: 24 items
  techbehemoths|web-design|united-states p245/511: 24 items
  techbehemoths|web-design|united-states p246/511: 23 items
  techbehemoths|web-design|united-states p247/511: 23 items
  techbehemoths|web-design|united-states p248/511: 23 items
  techbehemoths|web-design|united-states p249/511: 23 items
  techbehemoths|web-design|united-states p250/511: 24 items
  techbehemoths|web-design|united-states p251/511: 21 items
  techbehemoths|web-design|united-states p252/511: 21 items
  techbehemoths|web-design|united-states p253/511: 23 items
  techbehemoths|web-design|united-states p254/511: 23 items
  techbehemoths|web-design|united-states p255/511: 24 items
  techbehemoths|web-design|united-states p256/511: 24 items
  techbehemoths|web-design|united-states p257/511: 19 items
  techbehemoths|web-design|united-states p258/511: 24 items
  techbehemoths|web-design|united-states p259/511: 22 items
  techbehemoths|web-design|united-states p260/511: 24 items
  techbehemoths|web-design|united-states p261/511: 22 items
  techbehemoths|web-design|united-states p262/511: 22 items
  techbehemoths|web-design|united-states p263/511: 21 items
  techbehemoths|web-design|united-states p264/511: 24 items
  techbehemoths|web-design|united-states p265/511: 23 items
  techbehemoths|web-design|united-states p266/511: 23 items
  techbehemoths|web-design|united-states p267/511: 23 items
  techbehemoths|web-design|united-states p268/511: 23 items
  techbehemoths|web-design|united-states p269/511: 22 items
  techbehemoths|web-design|united-states p270/511: 21 items
  techbehemoths|web-design|united-states p271/511: 23 items
  techbehemoths|web-design|united-states p272/511: 24 items
  techbehemoths|web-design|united-states p273/511: 24 items
  techbehemoths|web-design|united-states p274/511: 24 items
  techbehemoths|web-design|united-states p275/511: 24 items
  techbehemoths|web-design|united-states p276/511: 23 items
  techbehemoths|web-design|united-states p277/511: 23 items
  techbehemoths|web-design|united-states p278/511: 23 items
  techbehemoths|web-design|united-states p279/511: 24 items
  techbehemoths|web-design|united-states p280/511: 23 items
  techbehemoths|web-design|united-states p281/511: 22 items
  techbehemoths|web-design|united-states p282/511: 21 items
  techbehemoths|web-design|united-states p283/511: 23 items
  techbehemoths|web-design|united-states p284/511: 23 items
  techbehemoths|web-design|united-states p285/511: 24 items
  techbehemoths|web-design|united-states p286/511: 24 items
  techbehemoths|web-design|united-states p287/511: 24 items
  techbehemoths|web-design|united-states p288/511: 21 items
  techbehemoths|web-design|united-states p289/511: 20 items
  techbehemoths|web-design|united-states p290/511: 22 items
  techbehemoths|web-design|united-states p291/511: 23 items
  techbehemoths|web-design|united-states p292/511: 24 items
  techbehemoths|web-design|united-states p293/511: 23 items
  techbehemoths|web-design|united-states p294/511: 24 items
  techbehemoths|web-design|united-states p295/511: 23 items
  techbehemoths|web-design|united-states p296/511: 23 items
  techbehemoths|web-design|united-states p297/511: 23 items
  techbehemoths|web-design|united-states p298/511: 21 items
  techbehemoths|web-design|united-states p299/511: 22 items
  techbehemoths|web-design|united-states p300/511: 24 items
  techbehemoths|web-design|united-states p301/511: 23 items
  techbehemoths|web-design|united-states p302/511: 23 items
  techbehemoths|web-design|united-states p303/511: 24 items
  techbehemoths|web-design|united-states p304/511: 23 items
  techbehemoths|web-design|united-states p305/511: 24 items
  techbehemoths|web-design|united-states p306/511: 23 items
  techbehemoths|web-design|united-states p307/511: 22 items
  techbehemoths|web-design|united-states p308: <urlopen error [WinError 10054] An existing connection was forcibly closed by th
  techbehemoths|web-development|united-states p1: <urlopen error [WinError 10054] An existing connection was forcibly closed by th
  techbehemoths|ecommerce|united-states p1: <urlopen error [WinError 10054] An existing connection was forcibly closed by th
  techbehemoths|e-commerce-development|united-states p1/142: 5 items
  techbehemoths|e-commerce-development|united-states p2/142: 3 items
  techbehemoths|e-commerce-development|united-states p3/142: 3 items
  techbehemoths|e-commerce-development|united-states p4/142: 5 items
  techbehemoths|e-commerce-development|united-states p5/142: 3 items
  techbehemoths|e-commerce-development|united-states p6/142: 2 items
  techbehemoths|e-commerce-development|united-states p7/142: 1 items
  techbehemoths|e-commerce-development|united-states p8/142: 0 items
  techbehemoths|e-commerce-development|united-states p9/142: 2 items
  techbehemoths|e-commerce-development|united-states p10/142: 4 items
  techbehemoths|e-commerce-development|united-states p11/142: 3 items
  techbehemoths|e-commerce-development|united-states p12/142: 3 items
  techbehemoths|e-commerce-development|united-states p13/142: 6 items
  techbehemoths|e-commerce-development|united-states p14/142: 5 items
  techbehemoths|e-commerce-development|united-states p15/142: 7 items
  techbehemoths|e-commerce-development|united-states p16/142: 4 items
  techbehemoths|e-commerce-development|united-states p17/142: 6 items
  techbehemoths|e-commerce-development|united-states p18/142: 5 items
  techbehemoths|e-commerce-development|united-states p19/142: 7 items
  techbehemoths|e-commerce-development|united-states p20/142: 5 items
  techbehemoths|e-commerce-development|united-states p21/142: 4 items
  techbehemoths|e-commerce-development|united-states p22/142: 4 items
  techbehemoths|e-commerce-development|united-states p23/142: 5 items
  techbehemoths|e-commerce-development|united-states p24/142: 2 items
  techbehemoths|e-commerce-development|united-states p25/142: 6 items
  techbehemoths|e-commerce-development|united-states p26/142: 2 items
  techbehemoths|e-commerce-development|united-states p27/142: 4 items
  techbehemoths|e-commerce-development|united-states p28/142: 2 items
  techbehemoths|e-commerce-development|united-states p29/142: 2 items
  techbehemoths|e-commerce-development|united-states p30/142: 4 items
  techbehemoths|e-commerce-development|united-states p31/142: 3 items
  techbehemoths|e-commerce-development|united-states p32/142: 9 items
  techbehemoths|e-commerce-development|united-states p33/142: 4 items
  techbehemoths|e-commerce-development|united-states p34/142: 6 items
  techbehemoths|e-commerce-development|united-states p35/142: 4 items
  techbehemoths|e-commerce-development|united-states p36/142: 6 items
  techbehemoths|e-commerce-development|united-states p37/142: 4 items
  techbehemoths|e-commerce-development|united-states p38/142: 8 items
  techbehemoths|e-commerce-development|united-states p39/142: 3 items
  techbehemoths|e-commerce-development|united-states p40/142: 8 items
  techbehemoths|e-commerce-development|united-states p41/142: 6 items
  techbehemoths|e-commerce-development|united-states p42/142: 4 items
  techbehemoths|e-commerce-development|united-states p43/142: 7 items
  techbehemoths|e-commerce-development|united-states p44/142: 3 items
  techbehemoths|e-commerce-development|united-states p45/142: 7 items
  techbehemoths|e-commerce-development|united-states p46/142: 6 items
  techbehemoths|e-commerce-development|united-states p47/142: 5 items
  techbehemoths|e-commerce-development|united-states p48/142: 10 items
  techbehemoths|e-commerce-development|united-states p49/142: 5 items
  techbehemoths|e-commerce-development|united-states p50/142: 5 items
  techbehemoths|e-commerce-development|united-states p51/142: 10 items
  techbehemoths|e-commerce-development|united-states p52/142: 8 items
  techbehemoths|e-commerce-development|united-states p53/142: 6 items
  techbehemoths|e-commerce-development|united-states p54/142: 4 items
  techbehemoths|e-commerce-development|united-states p55/142: 5 items
  techbehemoths|e-commerce-development|united-states p56/142: 7 items
  techbehemoths|e-commerce-development|united-states p57/142: 3 items
  techbehemoths|e-commerce-development|united-states p58/142: 10 items
  techbehemoths|e-commerce-development|united-states p59/142: 4 items
  techbehemoths|e-commerce-development|united-states p60/142: 8 items
  techbehemoths|e-commerce-development|united-states p61/142: 4 items
  techbehemoths|e-commerce-development|united-states p62/142: 8 items
  techbehemoths|e-commerce-development|united-states p63/142: 4 items
  techbehemoths|e-commerce-development|united-states p64/142: 7 items
  techbehemoths|e-commerce-development|united-states p65/142: 6 items
  techbehemoths|e-commerce-development|united-states p66/142: 10 items
  techbehemoths|e-commerce-development|united-states p67/142: 4 items
  techbehemoths|e-commerce-development|united-states p68/142: 4 items
  techbehemoths|e-commerce-development|united-states p69/142: 8 items
  techbehemoths|e-commerce-development|united-states p70/142: 3 items
  techbehemoths|e-commerce-development|united-states p71/142: 3 items
  techbehemoths|e-commerce-development|united-states p72/142: 8 items
  techbehemoths|e-commerce-development|united-states p73/142: 1 items
  techbehemoths|e-commerce-development|united-states p74/142: 5 items
  techbehemoths|e-commerce-development|united-states p75/142: 3 items
  techbehemoths|e-commerce-development|united-states p76/142: 4 items
  techbehemoths|e-commerce-development|united-states p77/142: 5 items
  techbehemoths|e-commerce-development|united-states p78/142: 2 items
  techbehemoths|e-commerce-development|united-states p79/142: 7 items
  techbehemoths|e-commerce-development|united-states p80/142: 8 items
  techbehemoths|e-commerce-development|united-states p81/142: 6 items
  techbehemoths|e-commerce-development|united-states p82/142: 3 items
  techbehemoths|e-commerce-development|united-states p83/142: 6 items
  techbehemoths|e-commerce-development|united-states p84/142: 4 items
  techbehemoths|e-commerce-development|united-states p85/142: 4 items
  techbehemoths|e-commerce-development|united-states p86/142: 8 items
  techbehemoths|e-commerce-development|united-states p87/142: 19 items
  techbehemoths|e-commerce-development|united-states p88/142: 23 items
  techbehemoths|e-commerce-development|united-states p89/142: 21 items
  techbehemoths|e-commerce-development|united-states p90/142: 23 items
  techbehemoths|e-commerce-development|united-states p91/142: 24 items
  techbehemoths|e-commerce-development|united-states p92/142: 22 items
  techbehemoths|e-commerce-development|united-states p93/142: 18 items
  techbehemoths|e-commerce-development|united-states p94/142: 24 items
  techbehemoths|e-commerce-development|united-states p95/142: 22 items
  techbehemoths|e-commerce-development|united-states p96/142: 24 items
  techbehemoths|e-commerce-development|united-states p97/142: 23 items
  techbehemoths|e-commerce-development|united-states p98/142: 22 items
  techbehemoths|e-commerce-development|united-states p99/142: 23 items
  techbehemoths|e-commerce-development|united-states p100/142: 20 items
  techbehemoths|e-commerce-development|united-states p101/142: 24 items
  techbehemoths|e-commerce-development|united-states p102/142: 23 items
  techbehemoths|e-commerce-development|united-states p103/142: 18 items
  techbehemoths|e-commerce-development|united-states p104/142: 23 items
  techbehemoths|e-commerce-development|united-states p105/142: 21 items
  techbehemoths|e-commerce-development|united-states p106/142: 21 items
  techbehemoths|e-commerce-development|united-states p107/142: 20 items
  techbehemoths|e-commerce-development|united-states p108/142: 18 items
  techbehemoths|e-commerce-development|united-states p109/142: 21 items
  techbehemoths|e-commerce-development|united-states p110/142: 18 items
  techbehemoths|e-commerce-development|united-states p111/142: 22 items
  techbehemoths|e-commerce-development|united-states p112/142: 19 items
  techbehemoths|e-commerce-development|united-states p113/142: 20 items
  techbehemoths|e-commerce-development|united-states p114/142: 18 items
  techbehemoths|e-commerce-development|united-states p115/142: 23 items
  techbehemoths|e-commerce-development|united-states p116/142: 18 items
  techbehemoths|e-commerce-development|united-states p117/142: 20 items
  techbehemoths|e-commerce-development|united-states p118/142: 19 items
  techbehemoths|e-commerce-development|united-states p119/142: 20 items
  techbehemoths|e-commerce-development|united-states p120/142: 17 items
  techbehemoths|e-commerce-development|united-states p121/142: 22 items
  techbehemoths|e-commerce-development|united-states p122/142: 21 items
  techbehemoths|e-commerce-development|united-states p123/142: 18 items
  techbehemoths|e-commerce-development|united-states p124/142: 16 items
  techbehemoths|e-commerce-development|united-states p125/142: 20 items
  techbehemoths|e-commerce-development|united-states p126/142: 21 items
  techbehemoths|e-commerce-development|united-states p127/142: 22 items
  techbehemoths|e-commerce-development|united-states p128/142: 22 items
  techbehemoths|e-commerce-development|united-states p129/142: 21 items
  techbehemoths|e-commerce-development|united-states p130/142: 20 items
  techbehemoths|e-commerce-development|united-states p131/142: 19 items
  techbehemoths|e-commerce-development|united-states p132/142: 22 items
  techbehemoths|e-commerce-development|united-states p133/142: 22 items
  techbehemoths|e-commerce-development|united-states p134/142: 23 items
  techbehemoths|e-commerce-development|united-states p135/142: 20 items
  techbehemoths|e-commerce-development|united-states p136/142: 24 items
  techbehemoths|e-commerce-development|united-states p137/142: 21 items
  techbehemoths|e-commerce-development|united-states p138/142: 19 items
  techbehemoths|e-commerce-development|united-states p139/142: 21 items
  techbehemoths|e-commerce-development|united-states p140/142: 22 items
  techbehemoths|e-commerce-development|united-states p141/142: 21 items
  techbehemoths|e-commerce-development|united-states p142/142: 13 items
  techbehemoths|shopify|united-states p1/49: 2 items
  techbehemoths|shopify|united-states p2/49: 1 items
  techbehemoths|shopify|united-states p3/49: 1 items
  techbehemoths|shopify|united-states p4/49: 0 items
  techbehemoths|shopify|united-states p5/49: 1 items
  techbehemoths|shopify|united-states p6/49: 1 items
  techbehemoths|shopify|united-states p7/49: 5 items
  techbehemoths|shopify|united-states p8/49: 2 items
  techbehemoths|shopify|united-states p9/49: 1 items
  techbehemoths|shopify|united-states p10/49: 2 items
  techbehemoths|shopify|united-states p11/49: 1 items
  techbehemoths|shopify|united-states p12/49: 1 items
  techbehemoths|shopify|united-states p13/49: 3 items
  techbehemoths|shopify|united-states p14/49: 1 items
  techbehemoths|shopify|united-states p15/49: 0 items
  techbehemoths|shopify|united-states p16/49: 0 items
  techbehemoths|wordpress|united-states p1/198: 0 items
  techbehemoths|wordpress|united-states p2/198: 2 items
  techbehemoths|wordpress|united-states p3/198: 0 items
  techbehemoths|wordpress|united-states p4/198: 0 items
  techbehemoths|webflow|united-states p1/19: 0 items
  techbehemoths|webflow|united-states p2/19: 2 items
  techbehemoths|webflow|united-states p3/19: 1 items
  techbehemoths|webflow|united-states p4/19: 2 items
  techbehemoths|webflow|united-states p5/19: 3 items
  techbehemoths|webflow|united-states p6/19: 3 items
  techbehemoths|webflow|united-states p7/19: 3 items
  techbehemoths|webflow|united-states p8/19: 3 items
  techbehemoths|webflow|united-states p9/19: 4 items
  techbehemoths|webflow|united-states p10/19: 4 items
  techbehemoths|webflow|united-states p11/19: 4 items
  techbehemoths|webflow|united-states p12/19: 4 items
  techbehemoths|webflow|united-states p13/19: 4 items
  techbehemoths|webflow|united-states p14/19: 2 items
  techbehemoths|webflow|united-states p15/19: 4 items
  techbehemoths|webflow|united-states p16/19: 4 items
  techbehemoths|webflow|united-states p17/19: 8 items
  techbehemoths|webflow|united-states p18/19: 16 items
  techbehemoths|webflow|united-states p19/19: 14 items
  techbehemoths|wix|united-states p1/37: 0 items
  techbehemoths|wix|united-states p2/37: 0 items
  techbehemoths|wix-studio|united-states p1/15: 0 items
  techbehemoths|wix-studio|united-states p2/15: 0 items
  techbehemoths|squarespace|united-states p1/28: 0 items
  techbehemoths|squarespace|united-states p2/28: 1 items
  techbehemoths|squarespace|united-states p3/28: 1 items
  techbehemoths|squarespace|united-states p4/28: 0 items
  techbehemoths|squarespace|united-states p5/28: 1 items
  techbehemoths|squarespace|united-states p6/28: 3 items
  techbehemoths|squarespace|united-states p7/28: 1 items
  techbehemoths|squarespace|united-states p8/28: 0 items
  techbehemoths|squarespace|united-states p9/28: 1 items
  techbehemoths|squarespace|united-states p10/28: 4 items
  techbehemoths|squarespace|united-states p11/28: 0 items
  techbehemoths|squarespace|united-states p12/28: 1 items
  techbehemoths|squarespace|united-states p13/28: 2 items
  techbehemoths|squarespace|united-states p14/28: 0 items
  techbehemoths|squarespace|united-states p15/28: 2 items
  techbehemoths|squarespace|united-states p16/28: 2 items
  techbehemoths|squarespace|united-states p17/28: 0 items
  techbehemoths|squarespace|united-states p18/28: 4 items
  techbehemoths|squarespace|united-states p19/28: 11 items
  techbehemoths|squarespace|united-states p20/28: 12 items
  techbehemoths|squarespace|united-states p21/28: 12 items
  techbehemoths|squarespace|united-states p22/28: 13 items
  techbehemoths|squarespace|united-states p23/28: 11 items
  techbehemoths|squarespace|united-states p24/28: 11 items
  techbehemoths|squarespace|united-states p25/28: 10 items
  techbehemoths|squarespace|united-states p26/28: 11 items
  techbehemoths|squarespace|united-states p27/28: 13 items
  techbehemoths|squarespace|united-states p28/28: 17 items
  techbehemoths|woocommerce|united-states p1/48: 0 items
  techbehemoths|woocommerce|united-states p2/48: 0 items
  techbehemoths|magento|united-states p1/33: 0 items
  techbehemoths|magento|united-states p2/33: 1 items
  techbehemoths|magento|united-states p3/33: 0 items
  techbehemoths|magento|united-states p4/33: 0 items
  techbehemoths|bigcommerce|united-states p1/18: 0 items
  techbehemoths|bigcommerce|united-states p2/18: 1 items
  techbehemoths|bigcommerce|united-states p3/18: 1 items
  techbehemoths|bigcommerce|united-states p4/18: 1 items
  techbehemoths|bigcommerce|united-states p5/18: 2 items
  techbehemoths|bigcommerce|united-states p6/18: 0 items
  techbehemoths|bigcommerce|united-states p7/18: 0 items
  techbehemoths|ux-ui-design|united-states p1/170: 2 items
  techbehemoths|ux-ui-design|united-states p2/170: 1 items
  techbehemoths|ux-ui-design|united-states p3/170: 1 items
  techbehemoths|ux-ui-design|united-states p4/170: 1 items
  techbehemoths|ux-ui-design|united-states p5/170: 4 items
  techbehemoths|ux-ui-design|united-states p6/170: 3 items
  techbehemoths|ux-ui-design|united-states p7/170: 1 items
  techbehemoths|ux-ui-design|united-states p8/170: 0 items
  techbehemoths|ux-ui-design|united-states p9/170: 2 items
  techbehemoths|ux-ui-design|united-states p10/170: 1 items
  techbehemoths|ux-ui-design|united-states p11/170: 1 items
  techbehemoths|ux-ui-design|united-states p12/170: 0 items
  techbehemoths|ux-ui-design|united-states p13/170: 0 items
store techbehemoths-us.csv: 8615 domains (+8615 new this run, 0 before)
done in 3669s
