== sortlist / us
  sortlist: 20 listed, 20 profiles to fetch
  sortlist|web-design|united-states-us p1/19: 20 items
  sortlist: 100 listed, 95 profiles to fetch
  sortlist|web-design|united-states-us p2/19: 100 items
  sortlist: 100 listed, 100 profiles to fetch
  sortlist|web-design|united-states-us p3/19: 100 items
  sortlist: 99 listed, 98 profiles to fetch
  sortlist|web-design|united-states-us p4/19: 99 items
  sortlist: 100 listed, 100 profiles to fetch
  sortlist|web-design|united-states-us p5/19: 100 items
  sortlist: 100 listed, 100 profiles to fetch
  sortlist|web-design|united-states-us p6/19: 100 items
  sortlist: 100 listed, 100 profiles to fetch
  sortlist|web-design|united-states-us p7/19: 100 items
  sortlist: 100 listed, 100 profiles to fetch
  sortlist|web-design|united-states-us p8/19: 100 items
  sortlist: 100 listed, 100 profiles to fetch
  sortlist|web-design|united-states-us p9/19: 100 items
  sortlist: 100 listed, 100 profiles to fetch
  sortlist|web-design|united-states-us p10/19: 100 items
  sortlist: 100 listed, 100 profiles to fetch
  sortlist|web-design|united-states-us p11/19: 100 items
  sortlist: 100 listed, 100 profiles to fetch
  sortlist|web-design|united-states-us p12/19: 100 items
  sortlist: 100 listed, 100 profiles to fetch
  sortlist|web-design|united-states-us p13/19: 100 items
  sortlist: 100 listed, 100 profiles to fetch
  sortlist|web-design|united-states-us p14/19: 100 items
  sortlist: 100 listed, 100 profiles to fetch
  sortlist|web-design|united-states-us p15/19: 100 items
  sortlist: 100 listed, 100 profiles to fetch
  sortlist|web-design|united-states-us p16/19: 100 items
  sortlist: 100 listed, 100 profiles to fetch
  sortlist|web-design|united-states-us p17/19: 100 items
  sortlist: 100 listed, 100 profiles to fetch
  sortlist|web-design|united-states-us p18/19: 100 items
  sortlist: 10 listed, 10 profiles to fetch
  sortlist|web-design|united-states-us p19/19: 10 items
  sortlist: 21 listed, 4 profiles to fetch
  sortlist|web-development|united-states-us p1/27: 21 items
  sortlist: 101 listed, 32 profiles to fetch
  sortlist|web-development|united-states-us p2/27: 101 items
  sortlist: 101 listed, 33 profiles to fetch
  sortlist|web-development|united-states-us p3/27: 101 items
  sortlist: 101 listed, 48 profiles to fetch
  sortlist|web-development|united-states-us p4/27: 101 items
  sortlist: 101 listed, 70 profiles to fetch
  sortlist|web-development|united-states-us p5/27: 101 items
  sortlist: 101 listed, 73 profiles to fetch
  sortlist|web-development|united-states-us p6/27: 101 items
  sortlist: 101 listed, 92 profiles to fetch
  sortlist|web-development|united-states-us p7/27: 101 items
  sortlist: 101 listed, 90 profiles to fetch
  sortlist|web-development|united-states-us p8/27: 101 items
  sortlist: 101 listed, 74 profiles to fetch
  sortlist|web-development|united-states-us p9/27: 101 items
  sortlist: 101 listed, 87 profiles to fetch
  sortlist|web-development|united-states-us p10/27: 101 items
  sortlist: 101 listed, 100 profiles to fetch
  sortlist|web-development|united-states-us p11/27: 101 items
  sortlist: 101 listed, 100 profiles to fetch
  sortlist|web-development|united-states-us p12/27: 101 items
  sortlist: 101 listed, 93 profiles to fetch
  sortlist|web-development|united-states-us p13/27: 101 items
  sortlist: 101 listed, 70 profiles to fetch
  sortlist|web-development|united-states-us p14/27: 101 items
  sortlist: 101 listed, 88 profiles to fetch
  sortlist|web-development|united-states-us p15/27: 101 items
  sortlist: 101 listed, 99 profiles to fetch
  sortlist|web-development|united-states-us p16/27: 101 items
  sortlist: 101 listed, 98 profiles to fetch
  sortlist|web-development|united-states-us p17/27: 101 items
  sortlist: 101 listed, 75 profiles to fetch
  sortlist|web-development|united-states-us p18/27: 101 items
  sortlist: 101 listed, 79 profiles to fetch
  sortlist|web-development|united-states-us p19/27: 101 items
  sortlist: 101 listed, 73 profiles to fetch
  sortlist|web-development|united-states-us p20/27: 101 items
  sortlist: 101 listed, 64 profiles to fetch
  sortlist|web-development|united-states-us p21/27: 101 items
  sortlist: 101 listed, 49 profiles to fetch
  sortlist|web-development|united-states-us p22/27: 101 items
  sortlist: 101 listed, 61 profiles to fetch
  sortlist|web-development|united-states-us p23/27: 101 items
  sortlist: 101 listed, 71 profiles to fetch
  sortlist|web-development|united-states-us p24/27: 101 items
  sortlist: 101 listed, 71 profiles to fetch
  sortlist|web-development|united-states-us p25/27: 101 items
  sortlist: 101 listed, 20 profiles to fetch
  sortlist|web-development|united-states-us p26/27: 101 items
  sortlist: 18 listed, 16 profiles to fetch
  sortlist|web-development|united-states-us p27/27: 18 items
  sortlist: 21 listed, 1 profiles to fetch
  sortlist|ecommerce|united-states-us p1/16: 21 items
  sortlist: 101 listed, 26 profiles to fetch
  sortlist|ecommerce|united-states-us p2/16: 101 items
  sortlist: 101 listed, 41 profiles to fetch
  sortlist|ecommerce|united-states-us p3/16: 101 items
  sortlist: 101 listed, 69 profiles to fetch
  sortlist|ecommerce|united-states-us p4/16: 101 items
  sortlist: 101 listed, 56 profiles to fetch
  sortlist|ecommerce|united-states-us p5/16: 101 items
  sortlist: 101 listed, 39 profiles to fetch
  sortlist|ecommerce|united-states-us p6/16: 101 items
  sortlist: 101 listed, 32 profiles to fetch
  sortlist|ecommerce|united-states-us p7/16: 101 items
  sortlist: 101 listed, 44 profiles to fetch
  sortlist|ecommerce|united-states-us p8/16: 101 items
  sortlist: 101 listed, 26 profiles to fetch
  sortlist|ecommerce|united-states-us p9/16: 101 items
  sortlist: 101 listed, 33 profiles to fetch
  sortlist|ecommerce|united-states-us p10/16: 101 items
  sortlist: 101 listed, 35 profiles to fetch
  sortlist|ecommerce|united-states-us p11/16: 101 items
  sortlist: 101 listed, 34 profiles to fetch
  sortlist|ecommerce|united-states-us p12/16: 101 items
  sortlist: 101 listed, 20 profiles to fetch
  sortlist|ecommerce|united-states-us p13/16: 101 items
  sortlist: 101 listed, 26 profiles to fetch
  sortlist|ecommerce|united-states-us p14/16: 101 items
  sortlist: 101 listed, 21 profiles to fetch
  sortlist|ecommerce|united-states-us p15/16: 101 items
  sortlist: 14 listed, 3 profiles to fetch
  sortlist|ecommerce|united-states-us p16/16: 14 items
== sortlist / au
  sortlist: 100 listed, 67 profiles to fetch
  sortlist|web-design|australia-au p2/3: 100 items
  sortlist: 52 listed, 40 profiles to fetch
  sortlist|web-design|australia-au p3/3: 52 items
  sortlist: 34 listed, 0 profiles to fetch
  sortlist|web-design|sydney-au p2/2: 34 items
  sortlist: 44 listed, 0 profiles to fetch
  sortlist|web-design|melbourne-au p2/2: 44 items
  sortlist: 14 listed, 0 profiles to fetch
  sortlist|web-design|brisbane-au p2/2: 14 items
  sortlist: 0 listed, 0 profiles to fetch
  sortlist|web-design|perth-au p2/?: 0 items
  sortlist: 0 listed, 0 profiles to fetch
  sortlist|web-design|perth-au p3/?: 0 items
  sortlist: 100 listed, 66 profiles to fetch
  sortlist|web-development|australia-au p2/4: 100 items
  sortlist: 100 listed, 59 profiles to fetch
  sortlist|web-development|australia-au p3/4: 100 items
  sortlist: 5 listed, 1 profiles to fetch
  sortlist|web-development|australia-au p4/4: 5 items
  sortlist: 48 listed, 0 profiles to fetch
  sortlist|web-development|sydney-au p2/2: 48 items
  sortlist: 56 listed, 0 profiles to fetch
  sortlist|web-development|melbourne-au p2/2: 56 items
  sortlist: 20 listed, 0 profiles to fetch
  sortlist|web-development|brisbane-au p2/2: 20 items
  sortlist: 20 listed, 0 profiles to fetch
  sortlist|web-development|perth-au p2/1: 20 items
  sortlist: 101 listed, 43 profiles to fetch
  sortlist|ecommerce|australia-au p2/3: 101 items
  sortlist: 29 listed, 5 profiles to fetch
  sortlist|ecommerce|australia-au p3/3: 29 items
  sortlist: 31 listed, 0 profiles to fetch
  sortlist|ecommerce|sydney-au p2/2: 31 items
  sortlist: 20 listed, 0 profiles to fetch
  sortlist|ecommerce|melbourne-au p1/2: 20 items
  sortlist: 48 listed, 0 profiles to fetch
  sortlist|ecommerce|melbourne-au p2/2: 48 items
  sortlist: 20 listed, 0 profiles to fetch
  sortlist|ecommerce|brisbane-au p1/2: 20 items
  sortlist: 11 listed, 0 profiles to fetch
  sortlist|ecommerce|brisbane-au p2/2: 11 items
  sortlist: 15 listed, 0 profiles to fetch
  sortlist|ecommerce|perth-au p1/1: 15 items
store sortlist.csv: 68 domains (+60 new this run, 8 before)
done in 4614s
