== shopify / us
  shopify: 16 listed, 16 profiles to fetch
  shopify|united-states p1/81: 16 items
  shopify: 16 listed, 16 profiles to fetch
  shopify|united-states p2/81: 16 items
  shopify: 16 listed, 16 profiles to fetch
  shopify|united-states p3/81: 16 items
  shopify: 16 listed, 16 profiles to fetch
  shopify|united-states p4/81: 16 items
  shopify: 15 listed, 15 profiles to fetch
  shopify|united-states p5/81: 15 items
  shopify: 16 listed, 16 profiles to fetch
  shopify|united-states p6/81: 16 items
  shopify: 16 listed, 16 profiles to fetch
  shopify|united-states p7/81: 16 items
  shopify: 16 listed, 16 profiles to fetch
  shopify|united-states p8/81: 16 items
  shopify: 16 listed, 16 profiles to fetch
  shopify|united-states p9/81: 16 items
  shopify: 16 listed, 16 profiles to fetch
  shopify|united-states p10/81: 16 items
  shopify: 16 listed, 16 profiles to fetch
  shopify|united-states p11/81: 16 items
  shopify: 16 listed, 16 profiles to fetch
  shopify|united-states p12/81: 16 items
  shopify: 16 listed, 16 profiles to fetch
  shopify|united-states p13/81: 16 items
  shopify: 16 listed, 16 profiles to fetch
  shopify|united-states p14/81: 16 items
  shopify: 16 listed, 16 profiles to fetch
  shopify|united-states p15/81: 16 items
  shopify: 16 listed, 16 profiles to fetch
  shopify|united-states p16/81: 16 items
  shopify: 16 listed, 16 profiles to fetch
  shopify|united-states p17/81: 16 items
  shopify: 16 listed, 16 profiles to fetch
  shopify|united-states p18/81: 16 items
  shopify: 16 listed, 16 profiles to fetch
  shopify|united-states p19/81: 16 items
  shopify: 15 listed, 15 profiles to fetch
  shopify|united-states p20/81: 15 items
  shopify: 16 listed, 16 profiles to fetch
  shopify|united-states p21/81: 16 items
  shopify: 16 listed, 16 profiles to fetch
  shopify|united-states p22/81: 16 items
  shopify: 15 listed, 15 profiles to fetch
  shopify|united-states p23/81: 15 items
  shopify: 16 listed, 16 profiles to fetch
  shopify|united-states p24/81: 16 items
  shopify: 16 listed, 16 profiles to fetch
  shopify|united-states p25/81: 16 items
  shopify: 16 listed, 16 profiles to fetch
  shopify|united-states p26/81: 16 items
  shopify: 16 listed, 16 profiles to fetch
  shopify|united-states p27/81: 16 items
  shopify: 16 listed, 16 profiles to fetch
  shopify|united-states p28/81: 16 items
  shopify: 16 listed, 16 profiles to fetch
  shopify|united-states p29/81: 16 items
  shopify: 16 listed, 16 profiles to fetch
  shopify|united-states p30/81: 16 items
  shopify: 16 listed, 16 profiles to fetch
  shopify|united-states p31/81: 16 items
  shopify: 16 listed, 16 profiles to fetch
  shopify|united-states p32/81: 16 items
  shopify: 16 listed, 16 profiles to fetch
  shopify|united-states p33/81: 16 items
  shopify: 16 listed, 16 profiles to fetch
  shopify|united-states p34/81: 16 items
  shopify: 16 listed, 16 profiles to fetch
  shopify|united-states p35/81: 16 items
  shopify: 16 listed, 16 profiles to fetch
  shopify|united-states p36/81: 16 items
  shopify: 15 listed, 15 profiles to fetch
  shopify|united-states p37/81: 15 items
  shopify: 16 listed, 16 profiles to fetch
  shopify|united-states p38/81: 16 items
  shopify: 16 listed, 16 profiles to fetch
  shopify|united-states p39/81: 16 items
  shopify: 16 listed, 16 profiles to fetch
  shopify|united-states p40/81: 16 items
  shopify: 16 listed, 16 profiles to fetch
  shopify|united-states p41/81: 16 items
  shopify: 16 listed, 16 profiles to fetch
  shopify|united-states p42/81: 16 items
  shopify: 16 listed, 16 profiles to fetch
  shopify|united-states p43/81: 16 items
  shopify: 16 listed, 16 profiles to fetch
  shopify|united-states p44/81: 16 items
  shopify: 16 listed, 16 profiles to fetch
  shopify|united-states p45/81: 16 items
  shopify: 16 listed, 16 profiles to fetch
  shopify|united-states p46/81: 16 items
  shopify: 16 listed, 16 profiles to fetch
  shopify|united-states p47/81: 16 items
  shopify: 16 listed, 16 profiles to fetch
  shopify|united-states p48/81: 16 items
  shopify: 16 listed, 16 profiles to fetch
  shopify|united-states p49/81: 16 items
  shopify: 16 listed, 16 profiles to fetch
  shopify|united-states p50/81: 16 items
  shopify: 16 listed, 16 profiles to fetch
  shopify|united-states p51/81: 16 items
  shopify: 16 listed, 16 profiles to fetch
  shopify|united-states p52/81: 16 items
  shopify: 16 listed, 16 profiles to fetch
  shopify|united-states p53/81: 16 items
  shopify: 16 listed, 16 profiles to fetch
  shopify|united-states p54/81: 16 items
  shopify: 16 listed, 16 profiles to fetch
  shopify|united-states p55/81: 16 items
  shopify: 16 listed, 16 profiles to fetch
  shopify|united-states p56/81: 16 items
  shopify: 16 listed, 16 profiles to fetch
  shopify|united-states p57/81: 16 items
  shopify: 16 listed, 16 profiles to fetch
  shopify|united-states p58/81: 16 items
  shopify: 16 listed, 16 profiles to fetch
  shopify|united-states p59/81: 16 items
  shopify: 16 listed, 16 profiles to fetch
  shopify|united-states p60/81: 16 items
  shopify: 16 listed, 16 profiles to fetch
  shopify|united-states p61/81: 16 items
  shopify: 16 listed, 16 profiles to fetch
  shopify|united-states p62/81: 16 items
  shopify: 16 listed, 16 profiles to fetch
  shopify|united-states p63/81: 16 items
  shopify: 16 listed, 16 profiles to fetch
  shopify|united-states p64/81: 16 items
  shopify: 16 listed, 16 profiles to fetch
  shopify|united-states p65/81: 16 items
  shopify: 16 listed, 16 profiles to fetch
  shopify|united-states p66/81: 16 items
  shopify: 16 listed, 16 profiles to fetch
  shopify|united-states p67/81: 16 items
  shopify: 16 listed, 16 profiles to fetch
  shopify|united-states p68/81: 16 items
  shopify: 16 listed, 16 profiles to fetch
  shopify|united-states p69/81: 16 items
  shopify: 16 listed, 16 profiles to fetch
  shopify|united-states p70/81: 16 items
  shopify: 16 listed, 16 profiles to fetch
  shopify|united-states p71/81: 16 items
  shopify: 16 listed, 16 profiles to fetch
  shopify|united-states p72/81: 16 items
  shopify: 16 listed, 16 profiles to fetch
  shopify|united-states p73/81: 16 items
  shopify: 16 listed, 16 profiles to fetch
  shopify|united-states p74/81: 16 items
  shopify: 16 listed, 16 profiles to fetch
  shopify|united-states p75/81: 16 items
  shopify: 16 listed, 16 profiles to fetch
  shopify|united-states p76/81: 16 items
  shopify: 16 listed, 16 profiles to fetch
  shopify|united-states p77/81: 16 items
  shopify: 16 listed, 16 profiles to fetch
  shopify|united-states p78/81: 16 items
  shopify: 16 listed, 16 profiles to fetch
  shopify|united-states p79/81: 16 items
  shopify: 16 listed, 16 profiles to fetch
  shopify|united-states p80/81: 16 items
  shopify: 7 listed, 7 profiles to fetch
  shopify|united-states p81/81: 7 items
== shopify / au
  shopify: 16 listed, 16 profiles to fetch
  shopify|australia p2/16: 16 items
  shopify: 16 listed, 16 profiles to fetch
  shopify|australia p3/16: 16 items
  shopify: 16 listed, 16 profiles to fetch
  shopify|australia p4/16: 16 items
  shopify: 16 listed, 16 profiles to fetch
  shopify|australia p5/16: 16 items
  shopify: 16 listed, 16 profiles to fetch
  shopify|australia p6/16: 16 items
  shopify: 16 listed, 16 profiles to fetch
  shopify|australia p7/16: 16 items
  shopify: 16 listed, 16 profiles to fetch
  shopify|australia p8/16: 16 items
  shopify: 16 listed, 16 profiles to fetch
  shopify|australia p9/16: 16 items
  shopify: 16 listed, 16 profiles to fetch
  shopify|australia p10/16: 16 items
  shopify: 16 listed, 16 profiles to fetch
  shopify|australia p11/16: 16 items
  shopify: 16 listed, 16 profiles to fetch
  shopify|australia p12/16: 16 items
  shopify: 16 listed, 16 profiles to fetch
  shopify|australia p13/16: 16 items
  shopify: 16 listed, 16 profiles to fetch
  shopify|australia p14/16: 16 items
  shopify: 16 listed, 16 profiles to fetch
  shopify|australia p15/16: 16 items
  shopify: 6 listed, 6 profiles to fetch
  shopify|australia p16/16: 6 items
store shopify.csv: 1287 domains (+1276 new this run, 11 before)
done in 1649s
