== selectedfirms / us
  selectedfirms|web-design|usa p77/77: 0 items
  selectedfirms|web-development|usa p65/86: 3 items
  selectedfirms|web-development|usa p66/86: 5 items
  selectedfirms|web-development|usa p67/86: 4 items
  selectedfirms|web-development|usa p68/86: 5 items
  selectedfirms|web-development|usa p69/86: 10 items
  selectedfirms|web-development|usa p70/86: 12 items
  selectedfirms|web-development|usa p71/86: 12 items
  selectedfirms|web-development|usa p72/86: 15 items
  selectedfirms|web-development|usa p73/86: 7 items
  selectedfirms|web-development|usa p74/86: 10 items
  selectedfirms|web-development|usa p75/86: 11 items
  selectedfirms|web-development|usa p76/86: 10 items
  selectedfirms|web-development|usa p77/86: 17 items
  selectedfirms|web-development|usa p78/86: 11 items
  selectedfirms|web-development|usa p79/86: 13 items
  selectedfirms|web-development|usa p80/86: 7 items
  selectedfirms|web-development|usa p81/86: 13 items
  selectedfirms|web-development|usa p82/86: 12 items
  selectedfirms|web-development|usa p83/86: 15 items
  selectedfirms|web-development|usa p84/86: 11 items
  selectedfirms|web-development|usa p85/86: 10 items
  selectedfirms|web-development|usa p86/86: 7 items
  selectedfirms|ecommerce-development|usa p1/43: 8 items
  selectedfirms|ecommerce-development|usa p2/43: 6 items
  selectedfirms|ecommerce-development|usa p3/43: 21 items
  selectedfirms|ecommerce-development|usa p4/43: 7 items
  selectedfirms|ecommerce-development|usa p5/43: 8 items
  selectedfirms|ecommerce-development|usa p6/43: 3 items
  selectedfirms|ecommerce-development|usa p7/43: 9 items
  selectedfirms|ecommerce-development|usa p8/43: 4 items
  selectedfirms|ecommerce-development|usa p9/43: 6 items
  selectedfirms|ecommerce-development|usa p10/43: 8 items
  selectedfirms|ecommerce-development|usa p11/43: 6 items
  selectedfirms|ecommerce-development|usa p12/43: 4 items
  selectedfirms|ecommerce-development|usa p13/43: 25 items
  selectedfirms|ecommerce-development|usa p14/43: 1 items
  selectedfirms|ecommerce-development|usa p15/43: 3 items
  selectedfirms|ecommerce-development|usa p16/43: 2 items
  selectedfirms|ecommerce-development|usa p17/43: 2 items
  selectedfirms|ecommerce-development|usa p18/43: 1 items
  selectedfirms|ecommerce-development|usa p19/43: 4 items
  selectedfirms|ecommerce-development|usa p20/43: 2 items
  selectedfirms|ecommerce-development|usa p21/43: 0 items
  selectedfirms|ecommerce-development|usa p22/43: 4 items
  selectedfirms|ecommerce-development|usa p23/43: 5 items
  selectedfirms|ecommerce-development|usa p24/43: 8 items
  selectedfirms|ecommerce-development|usa p25/43: 11 items
  selectedfirms|ecommerce-development|usa p26/43: 9 items
  selectedfirms|ecommerce-development|usa p27/43: 6 items
  selectedfirms|ecommerce-development|usa p28/43: 3 items
  selectedfirms|ecommerce-development|usa p29/43: 3 items
  selectedfirms|ecommerce-development|usa p30/43: 0 items
  selectedfirms|ecommerce-development|usa p31/43: 0 items
  selectedfirms|shopify-development|usa p1/?: 0 items
  selectedfirms|shopify-development|usa p2/?: 0 items
  selectedfirms|wordpress-development|usa p1/24: 2 items
  selectedfirms|wordpress-development|usa p2/24: 0 items
  selectedfirms|wordpress-development|usa p3/24: 3 items
  selectedfirms|wordpress-development|usa p4/24: 0 items
  selectedfirms|wordpress-development|usa p5/24: 2 items
  selectedfirms|wordpress-development|usa p6/24: 2 items
  selectedfirms|wordpress-development|usa p7/24: 0 items
  selectedfirms|wordpress-development|usa p8/24: 0 items
  selectedfirms|magento-development|usa p1/16: 0 items
  selectedfirms|magento-development|usa p2/16: 0 items
  selectedfirms|woocommerce-development|usa p1/17: 0 items
  selectedfirms|woocommerce-development|usa p2/17: 0 items
  selectedfirms|bigcommerce-development|usa p1/9: 0 items
  selectedfirms|bigcommerce-development|usa p2/9: 0 items
  selectedfirms|webflow-development|usa p1/?: 0 items
  selectedfirms|webflow-development|usa p2/?: 0 items
  selectedfirms|squarespace-development|usa p1/3: 2 items
  selectedfirms|squarespace-development|usa p2/3: 2 items
  selectedfirms|squarespace-development|usa p3/3: 1 items
  selectedfirms|wix-development|usa p1/4: 0 items
  selectedfirms|wix-development|usa p2/4: 0 items
  selectedfirms|ui-ux-design|usa p1/?: 0 items
  selectedfirms|ui-ux-design|usa p2/?: 0 items
== selectedfirms / au
  selectedfirms|web-design|australia p2/8: 47 items
  selectedfirms|web-design|australia p3/8: 34 items
  selectedfirms|web-design|australia p4/8: 38 items
  selectedfirms|web-design|australia p5/8: 45 items
  selectedfirms|web-design|australia p6/8: 46 items
  selectedfirms|web-design|australia p7/8: 47 items
  selectedfirms|web-design|australia p8/8: 6 items
  selectedfirms|web-development|australia p1/8: 8 items
  selectedfirms|web-development|australia p2/8: 13 items
  selectedfirms|web-development|australia p3/8: 8 items
  selectedfirms|web-development|australia p4/8: 14 items
  selectedfirms|web-development|australia p5/8: 10 items
  selectedfirms|web-development|australia p6/8: 17 items
  selectedfirms|web-development|australia p7/8: 13 items
  selectedfirms|web-development|australia p8/8: 10 items
  selectedfirms|ecommerce-development|australia p1/5: 8 items
  selectedfirms|ecommerce-development|australia p2/5: 1 items
  selectedfirms|ecommerce-development|australia p3/5: 6 items
  selectedfirms|ecommerce-development|australia p4/5: 5 items
  selectedfirms|ecommerce-development|australia p5/5: 0 items
  selectedfirms|shopify-development|australia p1/?: 0 items
  selectedfirms|shopify-development|australia p2/?: 0 items
  selectedfirms|wordpress-development|australia p1/3: 0 items
  selectedfirms|wordpress-development|australia p2/3: 0 items
  selectedfirms|magento-development|australia p1/2: 0 items
  selectedfirms|magento-development|australia p2/2: 0 items
  selectedfirms|woocommerce-development|australia p1/2: 0 items
  selectedfirms|woocommerce-development|australia p2/2: 0 items
  selectedfirms|bigcommerce-development|australia p1/?: 0 items
  selectedfirms|bigcommerce-development|australia p2/2: 0 items
  selectedfirms|webflow-development|australia p1/?: 0 items
  selectedfirms|webflow-development|australia p2/?: 0 items
  selectedfirms|squarespace-development|australia p1/?: 0 items
  selectedfirms|squarespace-development|australia p2/2: 0 items
  selectedfirms|wix-development|australia p1/?: 0 items
  selectedfirms|wix-development|australia p2/2: 0 items
  selectedfirms|ui-ux-design|australia p1/?: 0 items
  selectedfirms|ui-ux-design|australia p2/?: 0 items
store selectedfirms.csv: 5532 domains (+789 new this run, 4743 before)
done in 162s
