== techbehemoths / au
  techbehemoths|web-design|australia p1/39: 10 items
  techbehemoths|web-design|australia p2/39: 8 items
  techbehemoths|web-design|australia p3/39: 10 items
  techbehemoths|web-design|australia p4/39: 15 items
  techbehemoths|web-design|australia p5/39: 19 items
  techbehemoths|web-design|australia p6/39: 18 items
  techbehemoths|web-design|australia p7/39: 19 items
  techbehemoths|web-design|australia p8/39: 20 items
  techbehemoths|web-design|australia p9/39: 20 items
  techbehemoths|web-design|australia p10/39: 20 items
  techbehemoths|web-design|australia p11/39: 17 items
  techbehemoths|web-design|australia p12/39: 19 items
  techbehemoths|web-design|australia p13/39: 22 items
  techbehemoths|web-design|australia p14/39: 21 items
  techbehemoths|web-design|australia p15/39: 18 items
  techbehemoths|web-design|australia p16/39: 20 items
  techbehemoths|web-design|australia p17/39: 17 items
  techbehemoths|web-design|australia p18/39: 18 items
  techbehemoths|web-design|australia p19/39: 21 items
  techbehemoths|web-design|australia p20/39: 15 items
  techbehemoths|web-design|australia p21/39: 18 items
  techbehemoths|web-design|australia p22/39: 21 items
  techbehemoths|web-design|australia p23/39: 18 items
  techbehemoths|web-design|australia p24/39: 21 items
  techbehemoths|web-design|australia p25/39: 23 items
  techbehemoths|web-design|australia p26/39: 22 items
  techbehemoths|web-design|australia p27/39: 23 items
  techbehemoths|web-design|australia p28/39: 21 items
  techbehemoths|web-design|australia p29/39: 23 items
  techbehemoths|web-design|australia p30/39: 19 items
  techbehemoths|web-design|australia p31/39: 22 items
  techbehemoths|web-design|australia p32/39: 22 items
  techbehemoths|web-design|australia p33/39: 19 items
  techbehemoths|web-design|australia p34/39: 18 items
  techbehemoths|web-design|australia p35/39: 22 items
  techbehemoths|web-design|australia p36/39: 20 items
  techbehemoths|web-design|australia p37/39: 22 items
  techbehemoths|web-design|australia p38/39: 23 items
  techbehemoths|web-design|australia p39/39: 20 items
  techbehemoths|web-development|australia p1/37: 1 items
  techbehemoths|web-development|australia p2/37: 1 items
  techbehemoths|web-development|australia p3/37: 0 items
  techbehemoths|web-development|australia p4/37: 4 items
  techbehemoths|web-development|australia p5/37: 3 items
  techbehemoths|web-development|australia p6/37: 5 items
  techbehemoths|web-development|australia p7/37: 7 items
  techbehemoths|web-development|australia p8/37: 2 items
  techbehemoths|web-development|australia p9/37: 4 items
  techbehemoths|web-development|australia p10/37: 7 items
  techbehemoths|web-development|australia p11/37: 4 items
  techbehemoths|web-development|australia p12/37: 5 items
  techbehemoths|web-development|australia p13/37: 2 items
  techbehemoths|web-development|australia p14/37: 3 items
  techbehemoths|web-development|australia p15/37: 4 items
  techbehemoths|web-development|australia p16/37: 6 items
  techbehemoths|web-development|australia p17/37: 5 items
  techbehemoths|web-development|australia p18/37: 8 items
  techbehemoths|web-development|australia p19/37: 13 items
  techbehemoths|web-development|australia p20/37: 7 items
  techbehemoths|web-development|australia p21/37: 7 items
  techbehemoths|web-development|australia p22/37: 9 items
  techbehemoths|web-development|australia p23/37: 2 items
  techbehemoths|web-development|australia p24/37: 5 items
  techbehemoths|web-development|australia p25/37: 5 items
  techbehemoths|web-development|australia p26/37: 8 items
  techbehemoths|web-development|australia p27/37: 4 items
  techbehemoths|web-development|australia p28/37: 6 items
  techbehemoths|web-development|australia p29/37: 3 items
  techbehemoths|web-development|australia p30/37: 2 items
  techbehemoths|web-development|australia p31/37: 7 items
  techbehemoths|web-development|australia p32/37: 3 items
  techbehemoths|web-development|australia p33/37: 4 items
  techbehemoths|web-development|australia p34/37: 8 items
  techbehemoths|web-development|australia p35/37: 5 items
  techbehemoths|web-development|australia p36/37: 6 items
  techbehemoths|web-development|australia p37/37: 8 items
  techbehemoths|ecommerce|australia p1/9: 0 items
  techbehemoths|ecommerce|australia p2/9: 0 items
  techbehemoths|e-commerce-development|australia p1/18: 0 items
  techbehemoths|e-commerce-development|australia p2/18: 0 items
  techbehemoths|shopify|australia p1/8: 0 items
  techbehemoths|shopify|australia p2/8: 1 items
  techbehemoths|shopify|australia p3/8: 0 items
  techbehemoths|shopify|australia p4/8: 0 items
  techbehemoths|wordpress|australia p1/24: 0 items
  techbehemoths|wordpress|australia p2/24: 0 items
  techbehemoths|webflow|australia p1/3: 0 items
  techbehemoths|webflow|australia p2/3: 1 items
  techbehemoths|webflow|australia p3/3: 0 items
  techbehemoths|wix|australia p1/5: 0 items
  techbehemoths|wix|australia p2/5: 1 items
  techbehemoths|wix|australia p3/5: 1 items
  techbehemoths|wix|australia p4/5: 1 items
  techbehemoths|wix|australia p5/5: 0 items
  techbehemoths|wix-studio|australia p1/2: 0 items
  techbehemoths|wix-studio|australia p2/2: 0 items
  techbehemoths|squarespace|australia p1/4: 1 items
  techbehemoths|squarespace|australia p2/4: 0 items
  techbehemoths|squarespace|australia p3/4: 1 items
  techbehemoths|squarespace|australia p4/4: 0 items
  techbehemoths|woocommerce|australia p1/8: 0 items
  techbehemoths|woocommerce|australia p2/8: 0 items
  techbehemoths|magento|australia p1/5: 0 items
  techbehemoths|magento|australia p2/5: 1 items
  techbehemoths|magento|australia p3/5: 0 items
  techbehemoths|magento|australia p4/5: 0 items
  techbehemoths|bigcommerce|australia p1/3: 0 items
  techbehemoths|bigcommerce|australia p2/3: 0 items
  techbehemoths|ux-ui-design|australia p1/17: 0 items
  techbehemoths|ux-ui-design|australia p2/17: 0 items
store techbehemoths-au.csv: 935 domains (+935 new this run, 0 before)
done in 1904s
